reg__76: 
case: 
reg__129: 
rom__44: 
reg__131: 
logic__23: 
reg__123: 
datapath__30: 
reg__40: 
reg__33: 
datapath__65: 
logic__74: 
reg__24: 
datapath__9: 
reg__48: 
logic__137: 
reg__9: 
reg__55: 
reg__88: 
rom__47: 
datapath__56: 
reg__46: 
logic__92: 
reg__127: 
rom__32: 
conv1: 
reg__112: 
rom__25: 
counter: 
logic__158: 
reg__91: 
datapath__19: 
reg__67: 
biasing_rom: 
case__5: 
logic__173: 
logic__131: 
rom__62: 
reg__79: 
case__6: 
reg__120: 
datapath__48: 
logic__191: 
logic__146: 
reg__61: 
rom__38: 
datapath__3: 
reg__6: 
reg__15: 
logic__176: 
reg__52: 
rom__52: 
extrom: 
datapath__5: 
rom__54: 
logic__26: 
reg__71: 
reg__37: 
datapath__44: 
muxpart__3: 
logic__65: 
logic__41: 
datapath__22: 
reg__107: 
rom__26: 
reg__28: 
datapath__8: 
logic__140: 
reg__82: 
rom__63: 
datapath__62: 
reg__128: 
logic__155: 
case__7: 
img_rom: 
datapath__24: 
logic__161: 
rom__27: 
reg__95: 
logic__4: 
logic__113: 
reg__108: 
reg__43: 
reg__85: 
rom__18: 
datapath: 
logic__44: 
reg__41: 
datapath__71: 
reg__34: 
datapath__58: 
logic__38: 
rom__35: 
rom__10: 
rom__42: 
reg__65: 
reg__74: 
rom__17: 
datapath__11: 
rom__57: 
reg__10: 
reg__56: 
reg__19: 
logic__71: 
reg__122: 
reg__22: 
logic__2: 
reg__114: 
reg__113: 
datapath__13: 
rom__13: 
rom__30: 
mac: 
rom__34: 
logic__77: 
datapath__4: 
datapath__37: 
reg__130: 
datapath__1: 
logic__149: 
reg__98: 
datapath__47: 
datapath__60: 
logic__14: 
reg__100: 
reg__2: 
logic__56: 
reg__25: 
reg__62: 
reg__49: 
datapath__27: 
rom__60: 
reg__109: 
datapath__34: 
logic__182: 
logic__110: 
rom__2: 
reg__16: 
logic__50: 
datapath__38: 
rom__43: 
reg__77: 
rom__22: 
reg__47: 
case__8: 
logic__32: 
rom__49: 
logic__47: 
reg__38: 
reg__132: 
reg__115: 
datapath__51: 
rom__56: 
case__9: 
reg__89: 
reg__119: 
datapath__25: 
reg__7: 
muxpart: 
reg__53: 
dsp48e1: 
reg__92: 
reg__57: 
reg__4: 
rom__46: 
logic__83: 
muxpart__2: 
counter__1: 
reg__104: 
reg__80: 
rom__24: 
rom__37: 
datapath__26: 
datapath__46: 
reg__29: 
reg__93: 
reg__68: 
reg__83: 
rom__61: 
rom__40: 
datapath__7: 
reg__59: 
datapath__28: 
rom__53: 
reg__136: 
rom__59: 
datapath__29: 
datapath__67: 
reg__72: 
rom__20: 
reg__44: 
rom__51: 
datapath__53: 
logic__167: 
logic__29: 
datapath__50: 
datapath__43: 
datapath__59: 
datapath__69: 
reg__35: 
logic__8: 
datapath__52: 
datapath__63: 
rom__6: 
logic__185: 
reg__11: 
datapath__6: 
reg__20: 
reg__103: 
reg__96: 
reg__86: 
rom: 
reg__101: 
logic__208: 
rom__9: 
rom__41: 
reg__31: 
rom__45: 
reg__105: 
datapath__41: 
datapath__17: 
rom__16: 
reg__117: 
reg__14: 
datapath__12: 
reg__75: 
logic__101: 
logic__122: 
logic__194: 
datapath__35: 
reg__63: 
reg__26: 
logic__179: 
reg__50: 
logic__188: 
logic__80: 
reg__17: 
rom__33: 
rom__7: 
reg__58: 
logic__59: 
reg__106: 
reg__87: 
reg__39: 
reg__99: 
datapath__31: 
logic__98: 
counter__4: 
rom__48: 
reg__111: 
reg__1: 
rom__12: 
logic__119: 
reg__90: 
datapath__10: 
rom__1: 
reg__69: 
logic__20: 
counter__3: 
logic__62: 
rom__21: 
case__1: 
reg__78: 
reg__126: 
logic__11: 
reg__8: 
datapath__54: 
reg__54: 
logic__152: 
rom__4: 
datapath__20: 
logic__104: 
rom__15: 
rom__55: 
reg__45: 
reg__3: 
reg__66: 
logic__53: 
reg__30: 
logic__217: 
case__4: 
datapath__14: 
counter__2: 
logic__107: 
reg__21: 
reg__60: 
case__3: 
logic__170: 
datapath__15: 
reg__116: 
rom__23: 
datapath__64: 
rom__28: 
reg__110: 
datapath__45: 
reg__51: 
datapath__39: 
muxpart__4: 
datapath__32: 
datapath__66: 
reg__81: 
logic__125: 
logic__35: 
logic: 
logic__116: 
datapath__55: 
reg__5: 
logic__17: 
datapath__70: 
reg__94: 
reg__36: 
rom__11: 
reg__84: 
rom__39: 
datapath__16: 
reg__70: 
reg__27: 
rom__8: 
datapath__36: 
reg__12: 
datapath__61: 
rom__19: 
muxpart__1: 
reg: 
rom__50: 
logic__95: 
datapath__18: 
rom__36: 
reg__73: 
logic__89: 
reg__121: 
reg__125: 
logic__128: 
rom__58: 
reg__135: 
reg__133: 
reg__32: 
datapath__49: 
rom__31: 
logic__5: 
reg__134: 
reg__42: 
datapath__57: 
datapath__68: 
reg__13: 
rom__29: 
reg__102: 
reg__23: 
datapath__40: 
logic__143: 
datapath__23: 
rom_array_layer_1: 
reg__118: 
rom__14: 
logic__164: 
reg__64: 
reg__124: 
reg__97: 
datapath__21: 
rom__3: 
logic__68: 
rom__5: 
datapath__42: 
datapath__2: 
reg__18: 
logic__134: 
datapath__33: 
case__2: 
logic__86: 
