reg__530: fire9_ex_3__GCB3, 
logic__284: fire9_ex_3__GCB0, 
logic__59: fire9_ex_3__GCB3, 
datapath__187: fire9_ex_3__GCB3, 
reg__63: fire9_ex_3__GCB5, 
rom__256: rom_array_layer_1__GB9, 
reg__411: fire9_ex_3__GCB5, 
reg__713: fire9_ex_3__GCB4, 
reg__688: fire9_ex_3__GCB5, 
reg__13: fire9_ex_3__GCB5, 
rom__55: rom_array_layer_1__GB4, 
reg__627: fire9_ex_3__GCB4, 
reg__590: fire9_ex_3__GCB5, 
reg__30: fire9_ex_3__GCB5, 
rom__146: rom_array_layer_1__GB4, 
reg__495: fire9_ex_3__GCB5, 
reg__287: fire9_ex_3__GCB5, 
reg__576: fire9_ex_3__GCB5, 
reg__99: fire9_ex_3__GCB5, 
datapath__282: fire9_ex_3__GCB0, 
datapath__90: fire9_ex_3__GCB1, 
reg__225: fire9_ex_3__GCB5, 
logic__379: fire9_ex_3__GCB4, 
datapath__329: fire9_ex_3__GCB0, 
reg__357: fire9_ex_3__GCB5, 
datapath__145: fire9_ex_3__GCB1, 
datapath__316: fire9_ex_3__GCB5, 
logic__276: fire9_ex_3__GCB3, 
rom__258: rom_array_layer_1__GB9, 
reg__509: fire9_ex_3__GCB3, 
reg__257: fire9_ex_3__GCB5, 
logic__262: fire9_ex_3__GCB0, 
reg__133: fire9_ex_3__GCB5, 
reg__48: fire9_ex_3__GCB0, 
rom__138: rom_array_layer_1__GB0, 
reg__371: fire9_ex_3__GCB5, 
logic__320: fire9_ex_3__GCB5, 
reg__303: fire9_ex_3__GCB4, 
datapath__225: fire9_ex_3__GCB5, 
logic__7: fire9_ex_3__GCB4, 
reg__19: fire9_ex_3__GCB4, 
rom__117: rom_array_layer_1__GB1, 
datapath__357: fire9_ex_3__GCB0, 
rom__284: rom_array_layer_1__GB8, 
datapath__64: fire9_ex_3__GCB4, 
reg__337: fire9_ex_3__GCB4, 
rom__267: rom_array_layer_1__GB9, 
rom__115: rom_array_layer_1__GB1, 
logic__205: fire9_ex_3__GCB5, 
datapath__25: fire9_ex_3__GCB2, 
logic__303: fire9_ex_3__GCB4, 
rom__54: rom_array_layer_1__GB4, 
reg__260: fire9_ex_3__GCB5, 
logic__190: fire9_ex_3__GCB5, 
logic__51: fire9_ex_3__GCB4, 
reg__235: fire9_ex_3__GCB4, 
datapath__84: fire9_ex_3__GCB0, 
datapath__303: fire9_ex_3__GCB1, 
reg__306: fire9_ex_3__GCB4, 
rom_array_layer_1__GB9: rom_array_layer_1__GB9, 
datapath__337: fire9_ex_3__GCB4, 
logic__357: fire9_ex_3__GCB0, 
reg__340: fire9_ex_3__GCB0, 
datapath__287: fire9_ex_3__GCB0, 
reg__230: fire9_ex_3__GCB5, 
reg__592: fire9_ex_3__GCB5, 
reg__118: fire9_ex_3__GCB3, 
reg__154: fire9_ex_3__GCB5, 
reg__529: fire9_ex_3__GCB3, 
reg__554: fire9_ex_3__GCB5, 
datapath__260: fire9_ex_3__GCB3, 
rom__71: rom_array_layer_1__GB3, 
datapath__197: fire9_ex_3__GCB1, 
logic__329: fire9_ex_3__GCB5, 
datapath__295: fire9_ex_3__GCB0, 
datapath__306: fire9_ex_3__GCB4, 
reg__96: fire9_ex_3__GCB5, 
logic__363: fire9_ex_3__GCB0, 
reg__684: fire9_ex_3__GCB5, 
logic__215: fire9_ex_3__GCB5, 
reg__623: fire9_ex_3__GCB4, 
rom__271: rom_array_layer_1__GB9, 
rom__74: rom_array_layer_1__GB3, 
reg__708: fire9_ex_3__GCB4, 
datapath__340: fire9_ex_3__GCB4, 
reg__585: fire9_ex_3__GCB5, 
rom__361: rom_array_layer_1__GB6, 
datapath__230: fire9_ex_3__GCB5, 
datapath__76: fire9_ex_3__GCB2, 
reg__535: fire9_ex_3__GCB5, 
datapath__118: fire9_ex_3__GCB3, 
logic__251: fire9_ex_3__GCB0, 
reg__397: fire9_ex_3__GCB5, 
rom__288: rom_array_layer_1__GB8, 
rom__180: rom_array_layer_1__GB0, 
datapath__325: fire9_ex_3__GCB4, 
reg__78: fire9_ex_3__GCB4, 
rom__70: rom_array_layer_1__GB3, 
reg__382: fire9_ex_3__GCB5, 
logic__223: fire9_ex_3__GCB5, 
reg__643: fire9_ex_3__GCB4, 
datapath__16: fire9_ex_3__GCB1, 
logic__332: fire9_ex_3__GCB4, 
rom__151: rom_array_layer_1__GB0, 
datapath__23: fire9_ex_3__GCB3, 
reg__16: fire9_ex_3__GCB5, 
datapath__72: fire9_ex_3__GCB2, 
logic__231: fire9_ex_3__GCB5, 
reg__240: fire9_ex_3__GCB0, 
logic__44: fire9_ex_3__GCB4, 
datapath__44: fire9_ex_3__GCB4, 
datapath__235: fire9_ex_3__GCB0, 
datapath__7: fire9_ex_3__GCB2, 
reg__139: fire9_ex_3__GCB0, 
logic__23: fire9_ex_3__GCB5, 
reg__175: fire9_ex_3__GCB5, 
reg__101: fire9_ex_3__GCB5, 
rom__312: rom_array_layer_1__GB6, 
reg__137: fire9_ex_3__GCB5, 
reg__721: fire9_ex_3__GCB4, 
reg__522: fire9_ex_3__GCB3, 
reg__248: fire9_ex_3__GCB5, 
logic__166: fire9_ex_3__GCB3, 
rom__84: rom_array_layer_1__GB3, 
reg__52: fire9_ex_3__GCB3, 
rom__274: rom_array_layer_1__GB8, 
reg__367: fire9_ex_3__GCB5, 
logic__48: fire9_ex_3__GCB4, 
reg__110: fire9_ex_3__GCB4, 
rom__102: rom_array_layer_1__GB2, 
reg__170: fire9_ex_3__GCB5, 
rom__67: rom_array_layer_1__GB3, 
reg__516: fire9_ex_3__GCB3, 
logic__78: fire9_ex_3__GCB0, 
datapath__103: fire9_ex_3__GCB4, 
rom__268: rom_array_layer_1__GB9, 
datapath__139: fire9_ex_3__GCB0, 
reg__42: fire9_ex_3__GCB5, 
reg__727: fire9_ex_3__GCB4, 
datapath__163: fire9_ex_3__GCB0, 
datapath__175: fire9_ex_3__GCB1, 
datapath__101: fire9_ex_3__GCB0, 
reg__677: fire9_ex_3__GCB4, 
logic__159: fire9_ex_3__GCB3, 
rom__219: rom_array_layer_1__GB11, 
rom__225: rom_array_layer_1__GB10, 
datapath__56: fire9_ex_3__GCB2, 
reg__264: fire9_ex_3__GCB0, 
datapath__367: fire9_ex_3__GCB4, 
logic__217: fire9_ex_3__GCB5, 
datapath__110: fire9_ex_3__GCB0, 
reg__163: fire9_ex_3__GCB5, 
rom__240: rom_array_layer_1__GB10, 
rom__15: rom_array_layer_1__GB5, 
datapath__170: fire9_ex_3__GCB5, 
reg__549: fire9_ex_3__GCB5, 
logic__43: fire9_ex_3__GCB1, 
logic__108: fire9_ex_3__GCB0, 
logic__288: fire9_ex_3__GCB0, 
datapath__278: fire9_ex_3__GCB0, 
rom__153: rom_array_layer_1__GB0, 
datapath__368: fire9_ex_3__GCB5, 
rom__69: rom_array_layer_1__GB3, 
datapath__264: fire9_ex_3__GCB0, 
rom__355: rom_array_layer_1__GB6, 
reg__679: fire9_ex_3__GCB5, 
reg__193: fire9_ex_3__GCB5, 
reg__618: fire9_ex_3__GCB3, 
logic__198: fire9_ex_3__GCB3, 
reg__514: fire9_ex_3__GCB3, 
reg__408: fire9_ex_3__GCB5, 
rom__111: rom_array_layer_1__GB1, 
reg__129: fire9_ex_3__GCB5, 
reg__652: fire9_ex_3__GCB4, 
reg__33: fire9_ex_3__GCB5, 
reg__737: fire9_ex_3__GCB4, 
reg__426: fire9_ex_3__GCB5, 
logic__293: fire9_ex_3__GCB0, 
reg__446: fire9_ex_3__GCB5, 
rom__347: rom_array_layer_1__GB6, 
logic__101: fire9_ex_3__GCB4, 
reg__638: fire9_ex_3__GCB4, 
datapath__1: fire9_ex_3__GCB2, 
logic__340: fire9_ex_3__GCB0, 
reg__388: fire9_ex_3__GCB5, 
logic__156: fire9_ex_3__GCB3, 
rom__12: rom_array_layer_1__GB5, 
reg__274: fire9_ex_3__GCB5, 
rom__109: rom_array_layer_1__GB1, 
reg__512: fire9_ex_3__GCB3, 
reg__562: fire9_ex_3__GCB5, 
rom__136: rom_array_layer_1__GB0, 
reg__427: fire9_ex_3__GCB5, 
logic__263: fire9_ex_3__GCB0, 
rom__107: rom_array_layer_1__GB1, 
rom__300: rom_array_layer_1__GB9, 
reg__21: fire9_ex_3__GCB4, 
reg__430: fire9_ex_3__GCB5, 
reg__571: fire9_ex_3__GCB5, 
reg__546: fire9_ex_3__GCB5, 
reg__467: fire9_ex_3__GCB5, 
reg__399: fire9_ex_3__GCB5, 
reg__716: fire9_ex_3__GCB4, 
logic__236: fire9_ex_3__GCB5, 
datapath__91: fire9_ex_3__GCB2, 
logic__368: fire9_ex_3__GCB0, 
reg__266: fire9_ex_3__GCB3, 
logic__75: fire9_ex_3__GCB4, 
rom__318: rom_array_layer_1__GB6, 
datapath__112: fire9_ex_3__GCB3, 
reg__252: fire9_ex_3__GCB5, 
logic__36: fire9_ex_3__GCB4, 
rom__301: rom_array_layer_1__GB7, 
datapath__53: fire9_ex_3__GCB3, 
datapath__342: fire9_ex_3__GCB0, 
reg__310: fire9_ex_3__GCB5, 
reg__722: fire9_ex_3__GCB4, 
rom__173: rom_array_layer_1__GB0, 
reg__672: fire9_ex_3__GCB4, 
logic__314: fire9_ex_3__GCB1, 
logic__95: fire9_ex_3__GCB0, 
reg__454: fire9_ex_3__GCB5, 
datapath__180: fire9_ex_3__GCB1, 
rom__280: rom_array_layer_1__GB8, 
datapath__266: fire9_ex_3__GCB4, 
logic__348: fire9_ex_3__GCB4, 
reg__195: fire9_ex_3__GCB5, 
rom__27: rom_array_layer_1__GB5, 
rom__150: rom_array_layer_1__GB0, 
rom__127: rom_array_layer_1__GB0, 
datapath__214: fire9_ex_3__GCB5, 
logic__298: fire9_ex_3__GCB0, 
reg__293: fire9_ex_3__GCB4, 
rom__281: rom_array_layer_1__GB8, 
datapath__252: fire9_ex_3__GCB0, 
muxpart__2: fire9_ex_3__GCB5, 
reg__180: fire9_ex_3__GCB5, 
reg__98: fire9_ex_3__GCB5, 
datapath__310: fire9_ex_3__GCB5, 
reg__702: fire9_ex_3__GCB4, 
logic__271: fire9_ex_3__GCB3, 
logic__208: fire9_ex_3__GCB5, 
reg__665: fire9_ex_3__GCB4, 
rom_array_layer_1__GB11: rom_array_layer_1__GB11, 
rom__158: rom_array_layer_1__GB0, 
reg__477: fire9_ex_3__GCB5, 
logic__306: fire9_ex_3__GCB0, 
rom__223: rom_array_layer_1__GB10, 
datapath__2: fire9_ex_3__GCB2, 
rom__320: rom_array_layer_1__GB6, 
logic__317: fire9_ex_3__GCB4, 
reg__614: fire9_ex_3__GCB3, 
rom__50: rom_array_layer_1__GB4, 
reg__525: fire9_ex_3__GCB3, 
reg__347: fire9_ex_3__GCB0, 
datapath__195: fire9_ex_3__GCB1, 
logic__351: fire9_ex_3__GCB4, 
rom__161: rom_array_layer_1__GB0, 
datapath__293: fire9_ex_3__GCB0, 
logic__241: fire9_ex_3__GCB5, 
logic__87: fire9_ex_3__GCB2, 
logic__129: fire9_ex_3__GCB3, 
reg__647: fire9_ex_3__GCB4, 
reg__732: fire9_ex_3__GCB4, 
reg__695: fire9_ex_3__GCB4, 
reg__634: fire9_ex_3__GCB4, 
reg__319: fire9_ex_3__GCB5, 
reg__658: fire9_ex_3__GCB4, 
logic__336: fire9_ex_3__GCB4, 
fire9_ex_3__GCB4: fire9_ex_3__GCB4, 
reg__18: fire9_ex_3__GCB4, 
reg__583: fire9_ex_3__GCB5, 
reg__457: fire9_ex_3__GCB5, 
reg__380: fire9_ex_3__GCB5, 
reg__353: fire9_ex_3__GCB4, 
logic__27: fire9_ex_3__GCB5, 
datapath__19: fire9_ex_3__GCB0, 
reg__557: fire9_ex_3__GCB3, 
reg__9: fire9_ex_3__GCB5, 
reg__205: fire9_ex_3__GCB5, 
rom__37: rom_array_layer_1__GB4, 
datapath__347: fire9_ex_3__GCB0, 
logic__34: fire9_ex_3__GCB3, 
logic__83: fire9_ex_3__GCB4, 
logic__55: fire9_ex_3__GCB4, 
rom__365: rom_array_layer_1__GB6, 
logic__18: fire9_ex_3__GCB5, 
logic__246: fire9_ex_3__GCB0, 
reg__241: fire9_ex_3__GCB0, 
reg__566: fire9_ex_3__GCB5, 
reg__541: fire9_ex_3__GCB5, 
rom__358: rom_array_layer_1__GB6, 
reg__213: fire9_ex_3__GCB5, 
reg__54: fire9_ex_3__GCB3, 
datapath__319: fire9_ex_3__GCB5, 
datapath__61: fire9_ex_3__GCB4, 
reg__463: fire9_ex_3__GCB5, 
reg__322: fire9_ex_3__GCB5, 
datapath__82: fire9_ex_3__GCB0, 
datapath__353: fire9_ex_3__GCB0, 
rom__62: rom_array_layer_1__GB4, 
datapath__205: fire9_ex_3__GCB5, 
reg__221: fire9_ex_3__GCB5, 
reg__44: fire9_ex_3__GCB5, 
rom__302: rom_array_layer_1__GB7, 
rom__106: rom_array_layer_1__GB2, 
datapath__241: fire9_ex_3__GCB3, 
logic__114: fire9_ex_3__GCB4, 
datapath__49: fire9_ex_3__GCB0, 
logic__150: fire9_ex_3__GCB0, 
logic__174: fire9_ex_3__GCB3, 
rom__36: rom_array_layer_1__GB4, 
reg__400: fire9_ex_3__GCB5, 
logic__186: fire9_ex_3__GCB5, 
datapath__213: fire9_ex_3__GCB5, 
reg__606: fire9_ex_3__GCB0, 
reg__156: fire9_ex_3__GCB5, 
logic__112: fire9_ex_3__GCB0, 
reg__378: fire9_ex_3__GCB5, 
rom__231: rom_array_layer_1__GB10, 
datapath__322: fire9_ex_3__GCB4, 
logic__67: fire9_ex_3__GCB2, 
reg__60: fire9_ex_3__GCB5, 
rom__122: rom_array_layer_1__GB1, 
logic__378: fire9_ex_3__GCB3, 
logic__121: fire9_ex_3__GCB0, 
datapath__221: fire9_ex_3__GCB5, 
rom__139: rom_array_layer_1__GB0, 
reg__70: fire9_ex_3__GCB5, 
logic__181: fire9_ex_3__GCB5, 
rom__257: rom_array_layer_1__GB9, 
datapath__3: fire9_ex_3__GCB1, 
reg__697: fire9_ex_3__GCB4, 
rom__198: rom_array_layer_1__GB11, 
reg__599: fire9_ex_3__GCB5, 
rom__307: rom_array_layer_1__GB6, 
rom__86: rom_array_layer_1__GB3, 
datapath__120: fire9_ex_3__GCB2, 
reg__149: fire9_ex_3__GCB4, 
logic__289: fire9_ex_3__GCB0, 
datapath__156: fire9_ex_3__GCB3, 
logic__275: fire9_ex_3__GCB0, 
reg__207: fire9_ex_3__GCB5, 
rom__65: rom_array_layer_1__GB3, 
rom__304: rom_array_layer_1__GB7, 
logic__199: fire9_ex_3__GCB3, 
reg__383: fire9_ex_3__GCB5, 
reg__56: fire9_ex_3__GCB3, 
rom__188: rom_array_layer_1__GB11, 
reg__375: fire9_ex_3__GCB5, 
datapath__359: fire9_ex_3__GCB0, 
reg__690: fire9_ex_3__GCB4, 
reg__629: fire9_ex_3__GCB4, 
reg__278: fire9_ex_3__GCB5, 
reg__653: fire9_ex_3__GCB4, 
logic__135: fire9_ex_3__GCB4, 
rom__42: rom_array_layer_1__GB4, 
logic__381: fire9_ex_3__GCB5, 
datapath__149: fire9_ex_3__GCB1, 
reg__578: fire9_ex_3__GCB5, 
reg__188: fire9_ex_3__GCB5, 
rom__17: rom_array_layer_1__GB5, 
rom_array_layer_1__GB10: rom_array_layer_1__GB10, 
datapath__41: fire9_ex_3__GCB1, 
datapath__207: fire9_ex_3__GCB5, 
rom_array_layer_1__GB7: rom_array_layer_1__GB7, 
rom_array_layer_1__GB4: rom_array_layer_1__GB4, 
reg__283: fire9_ex_3__GCB5, 
reg__330: fire9_ex_3__GCB0, 
reg__146: fire9_ex_3__GCB4, 
rom__232: rom_array_layer_1__GB10, 
rom__4: rom_array_layer_1__GB5, 
datapath__312: fire9_ex_3__GCB5, 
rom__210: rom_array_layer_1__GB11, 
logic__102: fire9_ex_3__GCB4, 
reg__429: fire9_ex_3__GCB5, 
datapath__188: fire9_ex_3__GCB3, 
reg__85: fire9_ex_3__GCB4, 
logic__123: fire9_ex_3__GCB3, 
reg__449: fire9_ex_3__GCB5, 
reg__253: fire9_ex_3__GCB5, 
logic__64: fire9_ex_3__GCB3, 
logic__353: fire9_ex_3__GCB0, 
datapath__283: fire9_ex_3__GCB0, 
reg__601: fire9_ex_3__GCB5, 
reg__226: fire9_ex_3__GCB5, 
rom__335: rom_array_layer_1__GB6, 
datapath__330: fire9_ex_3__GCB4, 
reg__358: fire9_ex_3__GCB5, 
logic__191: fire9_ex_3__GCB5, 
rom__200: rom_array_layer_1__GB11, 
rom__287: rom_array_layer_1__GB8, 
logic__277: fire9_ex_3__GCB4, 
reg__422: fire9_ex_3__GCB5, 
datapath__9: fire9_ex_3__GCB2, 
reg__484: fire9_ex_3__GCB5, 
logic__225: fire9_ex_3__GCB5, 
reg__499: fire9_ex_3__GCB3, 
mac: fire9_ex_3__GCB5, fire9_ex_3__GCB4, fire9_ex_3__GCB3, fire9_ex_3__GCB2, fire9_ex_3__GCB1, fire9_ex_3__GCB0, 
reg__401: fire9_ex_3__GCB5, 
datapath__253: fire9_ex_3__GCB0, 
datapath__129: fire9_ex_3__GCB1, 
reg__433: fire9_ex_3__GCB5, 
rom__272: rom_array_layer_1__GB8, 
reg__594: fire9_ex_3__GCB5, 
fire9_ex_3__GCB3: fire9_ex_3__GCB3, 
logic__321: fire9_ex_3__GCB5, 
reg__304: fire9_ex_3__GCB4, 
datapath__34: fire9_ex_3__GCB1, 
datapath__299: fire9_ex_3__GCB0, 
datapath__226: fire9_ex_3__GCB5, 
rom__64: rom_array_layer_1__GB4, 
reg__556: fire9_ex_3__GCB0, 
rom__293: rom_array_layer_1__GB7, 
datapath__358: fire9_ex_3__GCB0, 
reg__3: fire9_ex_3__GCB5, 
reg__338: fire9_ex_3__GCB4, 
fire9_ex_3__GCB1: fire9_ex_3__GCB1, 
rom__330: rom_array_layer_1__GB10, 
rom__299: rom_array_layer_1__GB7, 
reg__288: fire9_ex_3__GCB5, 
logic__206: fire9_ex_3__GCB5, 
logic__304: fire9_ex_3__GCB0, 
reg__686: fire9_ex_3__GCB5, 
reg__625: fire9_ex_3__GCB4, 
reg__710: fire9_ex_3__GCB4, 
rom__273: rom_array_layer_1__GB8, 
reg__587: fire9_ex_3__GCB5, 
reg__261: fire9_ex_3__GCB3, 
reg__198: fire9_ex_3__GCB5, 
reg__537: fire9_ex_3__GCB5, 
reg__11: fire9_ex_3__GCB5, 
datapath__231: fire9_ex_3__GCB5, 
reg__296: fire9_ex_3__GCB4, 
rom__25: rom_array_layer_1__GB5, 
rom__289: rom_array_layer_1__GB8, 
rom__82: rom_array_layer_1__GB3, 
datapath__68: fire9_ex_3__GCB4, 
reg__307: fire9_ex_3__GCB4, 
rom__135: rom_array_layer_1__GB0, 
logic__30: fire9_ex_3__GCB0, 
logic__89: fire9_ex_3__GCB0, 
logic__358: fire9_ex_3__GCB0, 
rom__243: rom_array_layer_1__GB10, 
reg__341: fire9_ex_3__GCB4, 
datapath__29: fire9_ex_3__GCB2, 
rom__344: rom_array_layer_1__GB6, 
datapath__288: fire9_ex_3__GCB0, 
reg__231: fire9_ex_3__GCB5, 
reg__119: fire9_ex_3__GCB3, 
reg__497: fire9_ex_3__GCB3, 
rom__43: rom_array_layer_1__GB4, 
datapath__150: fire9_ex_3__GCB1, 
reg__326: fire9_ex_3__GCB4, 
rom__353: rom_array_layer_1__GB6, 
datapath__198: fire9_ex_3__GCB1, 
logic__330: fire9_ex_3__GCB5, 
logic__72: fire9_ex_3__GCB4, 
datapath__296: fire9_ex_3__GCB3, 
reg__453: fire9_ex_3__GCB5, 
logic__93: fire9_ex_3__GCB0, 
reg__507: fire9_ex_3__GCB3, 
datapath__307: fire9_ex_3__GCB4, 
logic__364: fire9_ex_3__GCB0, 
datapath__98: fire9_ex_3__GCB0, 
logic__216: fire9_ex_3__GCB5, 
reg__386: fire9_ex_3__GCB5, 
datapath__341: fire9_ex_3__GCB4, 
rom__87: rom_array_layer_1__GB3, 
datapath__87: fire9_ex_3__GCB1, 
reg__236: fire9_ex_3__GCB4, 
rom_array_layer_1__GB8: rom_array_layer_1__GB8, 
datapath__119: fire9_ex_3__GCB0, 
logic__252: fire9_ex_3__GCB3, 
logic__60: fire9_ex_3__GCB0, 
datapath__326: fire9_ex_3__GCB4, 
logic__224: fire9_ex_3__GCB5, 
reg__729: fire9_ex_3__GCB4, 
logic__333: fire9_ex_3__GCB4, 
reg__407: fire9_ex_3__GCB5, 
rom__187: rom_array_layer_1__GB11, 
rom__351: rom_array_layer_1__GB6, 
logic__232: fire9_ex_3__GCB5, 
datapath__236: fire9_ex_3__GCB0, 
reg__104: fire9_ex_3__GCB5, 
rom__334: rom_array_layer_1__GB6, 
reg__140: fire9_ex_3__GCB0, 
reg__164: fire9_ex_3__GCB5, 
reg__176: fire9_ex_3__GCB5, 
reg__102: fire9_ex_3__GCB5, 
datapath__171: fire9_ex_3__GCB5, 
reg__551: fire9_ex_3__GCB5, 
logic__131: fire9_ex_3__GCB2, 
rom__160: rom_array_layer_1__GB0, 
datapath__133: fire9_ex_3__GCB2, 
logic__167: fire9_ex_3__GCB3, 
datapath__244: fire9_ex_3__GCB3, 
reg__58: fire9_ex_3__GCB4, 
muxpart__3: fire9_ex_3__GCB5, 
reg__368: fire9_ex_3__GCB5, 
datapath__363: fire9_ex_3__GCB4, 
reg__111: fire9_ex_3__GCB0, 
reg__171: fire9_ex_3__GCB5, 
reg__681: fire9_ex_3__GCB5, 
reg__458: fire9_ex_3__GCB5, 
reg__620: fire9_ex_3__GCB3, 
reg__705: fire9_ex_3__GCB4, 
datapath__65: fire9_ex_3__GCB4, 
datapath__104: fire9_ex_3__GCB2, 
logic__370: fire9_ex_3__GCB0, 
datapath__140: fire9_ex_3__GCB1, 
reg__532: fire9_ex_3__GCB3, 
datapath__164: fire9_ex_3__GCB0, 
reg__279: fire9_ex_3__GCB5, 
datapath__26: fire9_ex_3__GCB1, 
datapath__102: fire9_ex_3__GCB2, 
reg__404: fire9_ex_3__GCB5, 
logic__160: fire9_ex_3__GCB3, 
reg__36: fire9_ex_3__GCB5, 
reg__265: fire9_ex_3__GCB0, 
reg__640: fire9_ex_3__GCB4, 
rom__357: rom_array_layer_1__GB6, 
logic__52: fire9_ex_3__GCB1, 
rom__10: rom_array_layer_1__GB5, 
rom__235: rom_array_layer_1__GB10, 
reg__189: fire9_ex_3__GCB3, 
logic__218: fire9_ex_3__GCB5, 
datapath__85: fire9_ex_3__GCB0, 
datapath__111: fire9_ex_3__GCB3, 
reg__395: fire9_ex_3__GCB5, 
reg__564: fire9_ex_3__GCB5, 
datapath__159: fire9_ex_3__GCB3, 
rom__325: rom_array_layer_1__GB6, 
reg__125: fire9_ex_3__GCB5, 
reg__573: fire9_ex_3__GCB5, 
datapath__279: fire9_ex_3__GCB0, 
reg__87: fire9_ex_3__GCB4, 
reg__548: fire9_ex_3__GCB5, 
reg__270: fire9_ex_3__GCB3, 
rom__96: rom_array_layer_1__GB2, 
logic__323: fire9_ex_3__GCB5, 
reg__718: fire9_ex_3__GCB4, 
datapath__189: fire9_ex_3__GCB0, 
reg__5: fire9_ex_3__GCB5, 
rom__204: rom_array_layer_1__GB11, 
rom__205: rom_array_layer_1__GB11, 
datapath__125: fire9_ex_3__GCB1, 
datapath__13: fire9_ex_3__GCB2, 
logic__294: fire9_ex_3__GCB0, 
reg__724: fire9_ex_3__GCB4, 
logic__341: fire9_ex_3__GCB4, 
rom__163: rom_array_layer_1__GB0, 
datapath__77: fire9_ex_3__GCB0, 
reg__674: fire9_ex_3__GCB4, 
datapath__270: fire9_ex_3__GCB0, 
rom__303: rom_array_layer_1__GB7, 
reg__391: fire9_ex_3__GCB5, 
rom__203: rom_array_layer_1__GB11, 
reg__113: fire9_ex_3__GCB3, 
logic__20: fire9_ex_3__GCB5, 
rom__186: rom_array_layer_1__GB11, 
biasing_rom: fire9_ex_3__GCB2, 
rom__100: rom_array_layer_1__GB2, 
logic__264: fire9_ex_3__GCB0, 
reg__393: fire9_ex_3__GCB5, 
logic__140: fire9_ex_3__GCB3, 
reg__343: fire9_ex_3__GCB0, 
datapath__24: fire9_ex_3__GCB2, 
datapath__73: fire9_ex_3__GCB2, 
datapath__45: fire9_ex_3__GCB4, 
logic__310: fire9_ex_3__GCB0, 
logic__45: fire9_ex_3__GCB1, 
logic__237: fire9_ex_3__GCB5, 
datapath__8: fire9_ex_3__GCB2, 
reg__181: fire9_ex_3__GCB5, 
reg__704: fire9_ex_3__GCB4, 
reg__667: fire9_ex_3__GCB4, 
logic__369: fire9_ex_3__GCB0, 
reg__267: fire9_ex_3__GCB4, 
rom__321: rom_array_layer_1__GB6, 
rom__328: rom_array_layer_1__GB6, 
reg__66: fire9_ex_3__GCB5, 
reg__502: fire9_ex_3__GCB3, 
reg__215: fire9_ex_3__GCB5, 
reg__616: fire9_ex_3__GCB3, 
datapath__113: fire9_ex_3__GCB3, 
datapath__248: fire9_ex_3__GCB3, 
datapath__6: fire9_ex_3__GCB2, 
rom__201: rom_array_layer_1__GB11, 
rom__178: rom_array_layer_1__GB0, 
rom__189: rom_array_layer_1__GB11, 
rom__185: rom_array_layer_1__GB11, 
datapath__343: fire9_ex_3__GCB0, 
reg__418: fire9_ex_3__GCB5, 
reg__311: fire9_ex_3__GCB5, 
rom__57: rom_array_layer_1__GB4, 
reg__649: fire9_ex_3__GCB4, 
logic__242: fire9_ex_3__GCB5, 
reg__734: fire9_ex_3__GCB4, 
reg__660: fire9_ex_3__GCB4, 
logic__79: fire9_ex_3__GCB4, 
datapath__181: fire9_ex_3__GCB1, 
rom__116: rom_array_layer_1__GB3, 
rom__105: rom_array_layer_1__GB2, 
datapath__267: fire9_ex_3__GCB0, 
reg__196: fire9_ex_3__GCB5, 
logic__40: fire9_ex_3__GCB4, 
rom__306: rom_array_layer_1__GB7, 
datapath__215: fire9_ex_3__GCB5, 
reg__294: fire9_ex_3__GCB4, 
reg__559: fire9_ex_3__GCB0, 
logic__299: fire9_ex_3__GCB0, 
datapath__57: fire9_ex_3__GCB0, 
rom__166: rom_array_layer_1__GB0, 
reg__72: fire9_ex_3__GCB5, 
datapath__176: fire9_ex_3__GCB1, 
logic__161: fire9_ex_3__GCB3, 
rom__5: rom_array_layer_1__GB5, 
datapath__311: fire9_ex_3__GCB5, 
reg__568: fire9_ex_3__GCB5, 
logic__209: fire9_ex_3__GCB5, 
reg__543: fire9_ex_3__GCB5, 
logic__307: fire9_ex_3__GCB3, 
rom__35: rom_array_layer_1__GB5, 
logic__318: fire9_ex_3__GCB4, 
logic__109: fire9_ex_3__GCB0, 
reg__348: fire9_ex_3__GCB0, 
reg__414: fire9_ex_3__GCB5, 
datapath__196: fire9_ex_3__GCB1, 
logic__352: fire9_ex_3__GCB4, 
logic__98: fire9_ex_3__GCB1, 
rom__14: rom_array_layer_1__GB5, 
datapath__294: fire9_ex_3__GCB0, 
rom__226: rom_array_layer_1__GB10, 
reg__93: fire9_ex_3__GCB5, 
logic__130: fire9_ex_3__GCB0, 
reg__409: fire9_ex_3__GCB5, 
reg__320: fire9_ex_3__GCB5, 
logic__337: fire9_ex_3__GCB4, 
reg__447: fire9_ex_3__GCB5, 
rom__171: rom_array_layer_1__GB0, 
reg__25: fire9_ex_3__GCB5, 
rom__277: rom_array_layer_1__GB8, 
reg__354: fire9_ex_3__GCB5, 
reg__608: fire9_ex_3__GCB0, 
rom__21: rom_array_layer_1__GB5, 
datapath__348: fire9_ex_3__GCB0, 
datapath__201: fire9_ex_3__GCB2, 
logic__5: fire9_ex_3__GCB4, 
reg__242: fire9_ex_3__GCB3, 
rom__104: rom_array_layer_1__GB2, 
logic__247: fire9_ex_3__GCB0, 
reg__214: fire9_ex_3__GCB5, 
logic__182: fire9_ex_3__GCB5, 
datapath__320: fire9_ex_3__GCB1, 
rom__278: rom_array_layer_1__GB8, 
reg__699: fire9_ex_3__GCB4, 
reg__662: fire9_ex_3__GCB4, 
rom__41: rom_array_layer_1__GB4, 
reg__323: fire9_ex_3__GCB4, 
logic__144: fire9_ex_3__GCB3, 
logic__255: fire9_ex_3__GCB3, 
datapath__354: fire9_ex_3__GCB2, 
datapath__50: fire9_ex_3__GCB3, 
logic__374: fire9_ex_3__GCB3, 
reg__611: fire9_ex_3__GCB3, 
reg__222: fire9_ex_3__GCB5, 
rom__140: rom_array_layer_1__GB0, 
reg__473: fire9_ex_3__GCB5, 
datapath__92: fire9_ex_3__GCB2, 
datapath__242: fire9_ex_3__GCB3, 
logic__76: fire9_ex_3__GCB4, 
logic__115: fire9_ex_3__GCB2, 
reg__38: fire9_ex_3__GCB5, 
logic__151: fire9_ex_3__GCB3, 
rom__236: rom_array_layer_1__GB10, 
reg__121: fire9_ex_3__GCB5, 
reg__644: fire9_ex_3__GCB4, 
logic__175: fire9_ex_3__GCB3, 
rom__110: rom_array_layer_1__GB1, 
reg__424: fire9_ex_3__GCB5, 
logic__37: fire9_ex_3__GCB4, 
reg__157: fire9_ex_3__GCB5, 
reg__692: fire9_ex_3__GCB4, 
reg__631: fire9_ex_3__GCB4, 
logic__113: fire9_ex_3__GCB2, 
reg__655: fire9_ex_3__GCB4, 
rom__366: rom_array_layer_1__GB6, 
datapath__323: fire9_ex_3__GCB1, 
reg__580: fire9_ex_3__GCB5, 
reg__82: fire9_ex_3__GCB4, 
reg__435: fire9_ex_3__GCB5, 
logic__96: fire9_ex_3__GCB0, 
logic__122: fire9_ex_3__GCB3, 
datapath__4: fire9_ex_3__GCB2, 
datapath__222: fire9_ex_3__GCB5, 
logic__170: fire9_ex_3__GCB3, 
reg__360: fire9_ex_3__GCB5, 
rom__174: rom_array_layer_1__GB0, 
reg__452: fire9_ex_3__GCB5, 
rom__170: rom_array_layer_1__GB0, 
reg__150: fire9_ex_3__GCB5, 
datapath__121: fire9_ex_3__GCB4, 
reg__376: fire9_ex_3__GCB5, 
logic__290: fire9_ex_3__GCB0, 
datapath__157: fire9_ex_3__GCB3, 
reg__90: fire9_ex_3__GCB5, 
reg__7: fire9_ex_3__GCB5, 
rom__356: rom_array_layer_1__GB6, 
rom__326: rom_array_layer_1__GB6, 
reg__208: fire9_ex_3__GCB5, 
logic__200: fire9_ex_3__GCB0, 
datapath__360: fire9_ex_3__GCB4, 
reg__45: fire9_ex_3__GCB5, 
logic__24: fire9_ex_3__GCB5, 
rom__72: rom_array_layer_1__GB3, 
logic__136: fire9_ex_3__GCB3, 
reg__442: fire9_ex_3__GCB5, 
datapath__274: fire9_ex_3__GCB0, 
reg__142: fire9_ex_3__GCB4, 
rom__77: rom_array_layer_1__GB3, 
reg__603: fire9_ex_3__GCB5, 
reg__313: fire9_ex_3__GCB5, 
logic__88: fire9_ex_3__GCB0, 
rom__327: rom_array_layer_1__GB6, 
logic__281: fire9_ex_3__GCB0, 
datapath__184: fire9_ex_3__GCB1, 
datapath__208: fire9_ex_3__GCB5, 
rom__131: rom_array_layer_1__GB0, 
reg__40: fire9_ex_3__GCB5, 
reg__472: fire9_ex_3__GCB5, 
datapath__58: fire9_ex_3__GCB0, 
datapath__20: fire9_ex_3__GCB0, 
datapath__79: fire9_ex_3__GCB0, 
reg__284: fire9_ex_3__GCB5, 
logic__35: fire9_ex_3__GCB4, 
reg__68: fire9_ex_3__GCB5, 
reg__331: fire9_ex_3__GCB4, 
logic__84: fire9_ex_3__GCB2, 
logic__56: fire9_ex_3__GCB4, 
logic__19: fire9_ex_3__GCB5, 
reg__596: fire9_ex_3__GCB5, 
fire9_ex_3__GCB5: fire9_ex_3__GCB5, 
datapath__142: fire9_ex_3__GCB1, 
reg__373: fire9_ex_3__GCB5, 
reg__510: fire9_ex_3__GCB3, 
rom__152: rom_array_layer_1__GB0, 
rom__212: rom_array_layer_1__GB11, 
datapath__313: fire9_ex_3__GCB5, 
rom__309: rom_array_layer_1__GB6, 
rom__118: rom_array_layer_1__GB1, 
reg__474: fire9_ex_3__GCB5, 
rom__218: rom_array_layer_1__GB11, 
datapath__46: fire9_ex_3__GCB2, 
rom__285: rom_array_layer_1__GB8, 
logic__124: fire9_ex_3__GCB3, 
rom__233: rom_array_layer_1__GB10, 
rom__149: rom_array_layer_1__GB0, 
reg__254: fire9_ex_3__GCB5, 
logic__259: fire9_ex_3__GCB3, 
reg__130: fire9_ex_3__GCB5, 
reg__79: fire9_ex_3__GCB4, 
logic__354: fire9_ex_3__GCB0, 
reg__423: fire9_ex_3__GCB5, 
rom__214: rom_array_layer_1__GB11, 
datapath__284: fire9_ex_3__GCB0, 
reg__712: fire9_ex_3__GCB4, 
reg__300: fire9_ex_3__GCB4, 
reg__227: fire9_ex_3__GCB5, 
reg__589: fire9_ex_3__GCB5, 
datapath__331: fire9_ex_3__GCB4, 
reg__359: fire9_ex_3__GCB5, 
reg__539: fire9_ex_3__GCB5, 
logic__192: fire9_ex_3__GCB5, 
rom__292: rom_array_layer_1__GB7, 
reg__334: fire9_ex_3__GCB4, 
reg__575: fire9_ex_3__GCB5, 
logic__278: fire9_ex_3__GCB0, 
reg__74: fire9_ex_3__GCB5, 
rom_array_layer_1__GB2: rom_array_layer_1__GB2, 
reg__482: fire9_ex_3__GCB5, 
logic__226: fire9_ex_3__GCB5, 
rom__121: rom_array_layer_1__GB1, 
logic__68: fire9_ex_3__GCB0, 
datapath__254: fire9_ex_3__GCB0, 
datapath__130: fire9_ex_3__GCB2, 
reg__22: fire9_ex_3__GCB3, 
logic__187: fire9_ex_3__GCB5, 
reg__75: fire9_ex_3__GCB5, 
logic__322: fire9_ex_3__GCB5, 
reg__232: fire9_ex_3__GCB5, 
datapath__300: fire9_ex_3__GCB0, 
reg__50: fire9_ex_3__GCB0, 
datapath__334: fire9_ex_3__GCB4, 
rom__114: rom_array_layer_1__GB1, 
reg__519: fire9_ex_3__GCB3, 
reg__289: fire9_ex_3__GCB5, 
reg__505: fire9_ex_3__GCB3, 
logic__207: fire9_ex_3__GCB5, 
rom__113: rom_array_layer_1__GB1, 
logic__305: fire9_ex_3__GCB0, 
reg__27: fire9_ex_3__GCB5, 
reg__151: fire9_ex_3__GCB5, 
reg__487: fire9_ex_3__GCB5, 
reg__199: fire9_ex_3__GCB5, 
datapath__257: fire9_ex_3__GCB0, 
datapath__38: fire9_ex_3__GCB4, 
datapath__232: fire9_ex_3__GCB5, 
reg__297: fire9_ex_3__GCB4, 
rom__183: rom_array_layer_1__GB5, 
rom__336: rom_array_layer_1__GB6, 
reg__308: fire9_ex_3__GCB4, 
rom__199: rom_array_layer_1__GB11, 
logic__212: fire9_ex_3__GCB5, 
reg__342: fire9_ex_3__GCB4, 
logic__359: fire9_ex_3__GCB0, 
datapath__289: fire9_ex_3__GCB0, 
reg__120: fire9_ex_3__GCB5, 
datapath__227: fire9_ex_3__GCB5, 
reg__523: fire9_ex_3__GCB3, 
reg__327: fire9_ex_3__GCB4, 
datapath__151: fire9_ex_3__GCB1, 
rom__76: rom_array_layer_1__GB3, 
datapath__199: fire9_ex_3__GCB1, 
rom__97: rom_array_layer_1__GB2, 
rom__164: rom_array_layer_1__GB0, 
logic__331: fire9_ex_3__GCB1, 
datapath__297: fire9_ex_3__GCB0, 
rom__125: rom_array_layer_1__GB0, 
logic__11: fire9_ex_3__GCB5, 
reg__553: fire9_ex_3__GCB5, 
logic__365: fire9_ex_3__GCB3, 
logic__61: fire9_ex_3__GCB3, 
rom__265: rom_array_layer_1__GB9, 
reg__384: fire9_ex_3__GCB5, 
reg__237: fire9_ex_3__GCB4, 
logic__103: fire9_ex_3__GCB4, 
rom__315: rom_array_layer_1__GB6, 
rom__239: rom_array_layer_1__GB10, 
logic__253: fire9_ex_3__GCB3, 
reg__683: fire9_ex_3__GCB5, 
reg__622: fire9_ex_3__GCB4, 
reg__172: fire9_ex_3__GCB5, 
reg__707: fire9_ex_3__GCB4, 
rom__291: rom_array_layer_1__GB7, 
datapath__327: fire9_ex_3__GCB4, 
reg__84: fire9_ex_3__GCB4, 
reg__584: fire9_ex_3__GCB5, 
reg__134: fire9_ex_3__GCB5, 
reg__389: fire9_ex_3__GCB5, 
reg__62: fire9_ex_3__GCB5, 
reg__245: fire9_ex_3__GCB5, 
reg__534: fire9_ex_3__GCB0, 
logic__334: fire9_ex_3__GCB1, 
reg__12: fire9_ex_3__GCB5, 
reg__364: fire9_ex_3__GCB5, 
rom__31: rom_array_layer_1__GB5, 
reg__29: fire9_ex_3__GCB5, 
reg__642: fire9_ex_3__GCB4, 
logic__233: fire9_ex_3__GCB5, 
rom__195: rom_array_layer_1__GB11, 
counter: fire9_ex_3__GCB4, 
datapath__237: fire9_ex_3__GCB0, 
rom__47: rom_array_layer_1__GB4, 
reg__105: fire9_ex_3__GCB5, 
reg__405: fire9_ex_3__GCB5, 
rom__99: rom_array_layer_1__GB2, 
rom__157: rom_array_layer_1__GB0, 
reg__141: fire9_ex_3__GCB4, 
reg__165: fire9_ex_3__GCB5, 
rom__51: rom_array_layer_1__GB4, 
datapath__10: fire9_ex_3__GCB2, 
reg__103: fire9_ex_3__GCB5, 
datapath__172: fire9_ex_3__GCB5, 
rom__172: rom_array_layer_1__GB0, 
rom__53: rom_array_layer_1__GB4, 
logic__132: fire9_ex_3__GCB4, 
dsp48e1: fire9_ex_3__GCB5, fire9_ex_3__GCB4, fire9_ex_3__GCB3, fire9_ex_3__GCB2, fire9_ex_3__GCB1, fire9_ex_3__GCB0, 
reg__441: fire9_ex_3__GCB5, 
rom__129: rom_array_layer_1__GB0, 
logic__168: fire9_ex_3__GCB3, 
datapath__134: fire9_ex_3__GCB2, 
datapath__245: fire9_ex_3__GCB3, 
rom__24: rom_array_layer_1__GB5, 
rom__18: rom_array_layer_1__GB5, 
reg__491: fire9_ex_3__GCB5, 
reg__112: fire9_ex_3__GCB3, 
datapath__364: fire9_ex_3__GCB4, 
reg__47: fire9_ex_3__GCB5, 
reg__720: fire9_ex_3__GCB4, 
datapath__35: fire9_ex_3__GCB2, 
rom__322: rom_array_layer_1__GB6, 
datapath__107: fire9_ex_3__GCB0, 
reg__160: fire9_ex_3__GCB5, 
datapath__167: fire9_ex_3__GCB5, 
rom__89: rom_array_layer_1__GB2, 
reg__503: fire9_ex_3__GCB3, 
logic__371: fire9_ex_3__GCB3, 
datapath__105: fire9_ex_3__GCB0, 
reg__521: fire9_ex_3__GCB3, 
reg__470: fire9_ex_3__GCB5, 
datapath__141: fire9_ex_3__GCB3, 
datapath__165: fire9_ex_3__GCB5, 
rom__251: rom_array_layer_1__GB9, 
reg__280: fire9_ex_3__GCB5, 
logic__285: fire9_ex_3__GCB0, 
reg__406: fire9_ex_3__GCB5, 
rom__38: rom_array_layer_1__GB4, 
rom__337: rom_array_layer_1__GB6, 
reg__726: fire9_ex_3__GCB4, 
datapath__261: fire9_ex_3__GCB0, 
rom__148: rom_array_layer_1__GB0, 
reg__439: fire9_ex_3__GCB5, 
logic__195: fire9_ex_3__GCB5, 
rom__133: rom_array_layer_1__GB0, 
reg__190: fire9_ex_3__GCB0, 
logic__219: fire9_ex_3__GCB5, 
reg__676: fire9_ex_3__GCB4, 
datapath__160: fire9_ex_3__GCB1, 
logic__69: fire9_ex_3__GCB0, 
datapath__69: fire9_ex_3__GCB4, 
reg__471: fire9_ex_3__GCB5, 
logic__31: fire9_ex_3__GCB0, 
reg__126: fire9_ex_3__GCB5, 
logic__90: fire9_ex_3__GCB0, 
datapath__30: fire9_ex_3__GCB2, 
datapath__95: fire9_ex_3__GCB0, 
rom__182: rom_array_layer_1__GB0, 
datapath__280: fire9_ex_3__GCB0, 
rom__60: rom_array_layer_1__GB4, 
logic__153: fire9_ex_3__GCB3, 
reg__271: fire9_ex_3__GCB4, 
logic__324: fire9_ex_3__GCB5, 
reg__81: fire9_ex_3__GCB4, 
reg__669: fire9_ex_3__GCB4, 
datapath__190: fire9_ex_3__GCB0, 
logic__57: fire9_ex_3__GCB2, 
rom__342: rom_array_layer_1__GB6, 
datapath__126: fire9_ex_3__GCB2, 
logic__295: fire9_ex_3__GCB0, 
reg__95: fire9_ex_3__GCB5, 
rom__30: rom_array_layer_1__GB5, 
datapath__88: fire9_ex_3__GCB3, 
logic__342: fire9_ex_3__GCB4, 
reg__651: fire9_ex_3__GCB4, 
reg__736: fire9_ex_3__GCB4, 
datapath__271: fire9_ex_3__GCB0, 
rom__124: rom_array_layer_1__GB0, 
reg__637: fire9_ex_3__GCB4, 
reg__24: fire9_ex_3__GCB3, 
reg__114: fire9_ex_3__GCB3, 
reg__465: fire9_ex_3__GCB5, 
reg__249: fire9_ex_3__GCB5, 
reg__77: fire9_ex_3__GCB5, 
rom__92: rom_array_layer_1__GB2, 
logic__265: fire9_ex_3__GCB0, 
rom_array_layer_1__GB1: rom_array_layer_1__GB1, 
reg__561: fire9_ex_3__GCB0, 
logic__141: fire9_ex_3__GCB3, 
reg__344: fire9_ex_3__GCB0, 
logic__311: fire9_ex_3__GCB0, 
rom__228: rom_array_layer_1__GB10, 
reg__15: fire9_ex_3__GCB5, 
reg__182: fire9_ex_3__GCB5, 
reg__570: fire9_ex_3__GCB5, 
rom__108: rom_array_layer_1__GB1, 
reg__545: fire9_ex_3__GCB5, 
reg__268: fire9_ex_3__GCB0, 
datapath__62: fire9_ex_3__GCB4, 
logic__345: fire9_ex_3__GCB4, 
reg__415: fire9_ex_3__GCB5, 
rom_array_layer_1__GB3: rom_array_layer_1__GB3, 
reg__715: fire9_ex_3__GCB4, 
rom__16: rom_array_layer_1__GB5, 
reg__492: fire9_ex_3__GCB5, 
reg__216: fire9_ex_3__GCB5, 
datapath__114: fire9_ex_3__GCB0, 
reg__517: fire9_ex_3__GCB3, 
datapath__249: fire9_ex_3__GCB3, 
reg__496: fire9_ex_3__GCB3, 
rom__213: rom_array_layer_1__GB11, 
rom__145: rom_array_layer_1__GB0, 
reg__177: fire9_ex_3__GCB5, 
datapath__344: fire9_ex_3__GCB0, 
reg__312: fire9_ex_3__GCB5, 
rom__49: rom_array_layer_1__GB4, 
rom__323: rom_array_layer_1__GB6, 
rom__196: rom_array_layer_1__GB11, 
logic__268: fire9_ex_3__GCB0, 
logic__49: fire9_ex_3__GCB4, 
logic__243: fire9_ex_3__GCB5, 
rom__305: rom_array_layer_1__GB7, 
datapath__182: fire9_ex_3__GCB1, 
datapath__268: fire9_ex_3__GCB3, 
rom__23: rom_array_layer_1__GB5, 
reg__197: fire9_ex_3__GCB5, 
reg__671: fire9_ex_3__GCB4, 
datapath__27: fire9_ex_3__GCB2, 
rom__19: rom_array_layer_1__GB5, 
datapath__216: fire9_ex_3__GCB5, 
logic__300: fire9_ex_3__GCB0, 
rom__95: rom_array_layer_1__GB2, 
reg__295: fire9_ex_3__GCB4, 
rom__202: rom_array_layer_1__GB11, 
logic__238: fire9_ex_3__GCB5, 
datapath__177: fire9_ex_3__GCB1, 
logic__162: fire9_ex_3__GCB3, 
datapath__86: fire9_ex_3__GCB0, 
reg__420: fire9_ex_3__GCB5, 
logic__210: fire9_ex_3__GCB5, 
logic__308: fire9_ex_3__GCB0, 
reg__701: fire9_ex_3__GCB4, 
reg__202: fire9_ex_3__GCB5, 
reg__664: fire9_ex_3__GCB4, 
reg__349: fire9_ex_3__GCB4, 
reg__528: fire9_ex_3__GCB3, 
logic__13: fire9_ex_3__GCB5, 
reg__428: fire9_ex_3__GCB5, 
reg__466: fire9_ex_3__GCB5, 
reg__613: fire9_ex_3__GCB3, 
reg__64: fire9_ex_3__GCB5, 
datapath__74: fire9_ex_3__GCB0, 
reg__14: fire9_ex_3__GCB5, 
reg__321: fire9_ex_3__GCB5, 
logic__338: fire9_ex_3__GCB4, 
reg__31: fire9_ex_3__GCB5, 
reg__646: fire9_ex_3__GCB4, 
reg__355: fire9_ex_3__GCB5, 
reg__731: fire9_ex_3__GCB4, 
reg__694: fire9_ex_3__GCB4, 
reg__633: fire9_ex_3__GCB4, 
reg__657: fire9_ex_3__GCB4, 
datapath__14: fire9_ex_3__GCB2, 
datapath__202: fire9_ex_3__GCB5, 
datapath__349: fire9_ex_3__GCB4, 
datapath__21: fire9_ex_3__GCB3, 
reg__32: fire9_ex_3__GCB5, 
reg__582: fire9_ex_3__GCB5, 
reg__381: fire9_ex_3__GCB5, 
datapath__70: fire9_ex_3__GCB2, 
datapath__78: fire9_ex_3__GCB0, 
reg__243: fire9_ex_3__GCB5, 
logic__248: fire9_ex_3__GCB0, 
datapath__42: fire9_ex_3__GCB4, 
rom__63: rom_array_layer_1__GB4, 
rom__308: rom_array_layer_1__GB6, 
logic__21: fire9_ex_3__GCB5, 
rom__80: rom_array_layer_1__GB3, 
logic__183: fire9_ex_3__GCB5, 
datapath__210: fire9_ex_3__GCB5, 
reg__324: fire9_ex_3__GCB4, 
logic__145: fire9_ex_3__GCB3, 
reg__540: fire9_ex_3__GCB5, 
logic__256: fire9_ex_3__GCB3, 
reg__20: fire9_ex_3__GCB4, 
logic__375: fire9_ex_3__GCB3, 
reg__223: fire9_ex_3__GCB5, 
logic__46: fire9_ex_3__GCB4, 
logic__118: fire9_ex_3__GCB0, 
datapath__218: fire9_ex_3__GCB5, 
rom__206: rom_array_layer_1__GB11, 
logic__178: fire9_ex_3__GCB5, 
rom__81: rom_array_layer_1__GB3, 
datapath__243: fire9_ex_3__GCB3, 
reg__479: fire9_ex_3__GCB5, 
logic__116: fire9_ex_3__GCB0, 
logic__152: fire9_ex_3__GCB3, 
reg__122: fire9_ex_3__GCB5, 
logic__176: fire9_ex_3__GCB5, 
reg__158: fire9_ex_3__GCB5, 
rom__142: rom_array_layer_1__GB0, 
datapath__324: fire9_ex_3__GCB4, 
rom__221: rom_array_layer_1__GB10, 
rom__154: rom_array_layer_1__GB0, 
datapath__54: fire9_ex_3__GCB3, 
logic__272: fire9_ex_3__GCB0, 
reg__605: fire9_ex_3__GCB0, 
rom__7: rom_array_layer_1__GB5, 
rom__29: rom_array_layer_1__GB5, 
logic__171: fire9_ex_3__GCB3, 
reg__361: fire9_ex_3__GCB5, 
logic__80: fire9_ex_3__GCB4, 
reg__275: fire9_ex_3__GCB5, 
logic__41: fire9_ex_3__GCB2, 
logic__106: fire9_ex_3__GCB0, 
datapath__122: fire9_ex_3__GCB4, 
datapath__146: fire9_ex_3__GCB1, 
rom__282: rom_array_layer_1__GB8, 
logic__291: fire9_ex_3__GCB0, 
datapath__158: fire9_ex_3__GCB3, 
reg__696: fire9_ex_3__GCB4, 
reg__598: fire9_ex_3__GCB5, 
reg__185: fire9_ex_3__GCB5, 
reg__209: fire9_ex_3__GCB5, 
reg__500: fire9_ex_3__GCB3, 
logic__201: fire9_ex_3__GCB0, 
reg__97: fire9_ex_3__GCB5, 
reg__398: fire9_ex_3__GCB5, 
rom__184: rom_array_layer_1__GB11, 
rom__364: rom_array_layer_1__GB6, 
datapath__361: fire9_ex_3__GCB4, 
rom__349: rom_array_layer_1__GB6, 
logic__137: fire9_ex_3__GCB3, 
datapath__275: fire9_ex_3__GCB0, 
logic__99: fire9_ex_3__GCB3, 
reg__143: fire9_ex_3__GCB4, 
reg__314: fire9_ex_3__GCB5, 
reg__689: fire9_ex_3__GCB5, 
reg__390: fire9_ex_3__GCB5, 
reg__628: fire9_ex_3__GCB4, 
reg__591: fire9_ex_3__GCB5, 
logic__282: fire9_ex_3__GCB0, 
datapath__185: fire9_ex_3__GCB1, 
datapath__209: fire9_ex_3__GCB5, 
reg__577: fire9_ex_3__GCB5, 
reg__17: fire9_ex_3__GCB5, 
reg__436: fire9_ex_3__GCB5, 
reg__285: fire9_ex_3__GCB5, 
reg__332: fire9_ex_3__GCB4, 
reg__431: fire9_ex_3__GCB5, 
datapath__143: fire9_ex_3__GCB1, 
rom__259: rom_array_layer_1__GB9, 
datapath__314: fire9_ex_3__GCB5, 
logic__73: fire9_ex_3__GCB4, 
logic__125: fire9_ex_3__GCB0, 
rom__101: rom_array_layer_1__GB2, 
rom__132: rom_array_layer_1__GB0, 
reg__255: fire9_ex_3__GCB5, 
logic__260: fire9_ex_3__GCB3, 
rom__319: rom_array_layer_1__GB6, 
reg__53: fire9_ex_3__GCB3, 
reg__131: fire9_ex_3__GCB5, 
datapath__99: fire9_ex_3__GCB2, 
datapath__51: fire9_ex_3__GCB3, 
logic__355: fire9_ex_3__GCB0, 
datapath__285: fire9_ex_3__GCB0, 
reg__301: fire9_ex_3__GCB4, 
datapath__223: fire9_ex_3__GCB5, 
datapath__332: fire9_ex_3__GCB4, 
datapath__93: fire9_ex_3__GCB1, 
case: fire9_ex_3__GCB5, 
datapath__355: fire9_ex_3__GCB2, 
reg__43: fire9_ex_3__GCB5, 
logic__193: fire9_ex_3__GCB5, 
reg__335: fire9_ex_3__GCB4, 
rom__252: rom_array_layer_1__GB9, 
rom__346: rom_array_layer_1__GB6, 
logic__279: fire9_ex_3__GCB3, 
rom__245: rom_array_layer_1__GB10, 
rom__83: rom_array_layer_1__GB3, 
logic__38: fire9_ex_3__GCB4, 
logic__227: fire9_ex_3__GCB5, 
datapath__255: fire9_ex_3__GCB0, 
datapath__131: fire9_ex_3__GCB2, 
reg__258: fire9_ex_3__GCB5, 
logic__188: fire9_ex_3__GCB5, 
reg__233: fire9_ex_3__GCB5, 
logic__97: fire9_ex_3__GCB0, 
datapath__301: fire9_ex_3__GCB1, 
reg__59: fire9_ex_3__GCB4, 
reg__69: fire9_ex_3__GCB5, 
reg__593: fire9_ex_3__GCB5, 
datapath: fire9_ex_3__GCB2, 
datapath__335: fire9_ex_3__GCB4, 
reg__412: fire9_ex_3__GCB5, 
reg__498: fire9_ex_3__GCB3, 
reg__555: fire9_ex_3__GCB5, 
reg__290: fire9_ex_3__GCB5, 
reg__228: fire9_ex_3__GCB5, 
rom__155: rom_array_layer_1__GB0, 
reg__152: fire9_ex_3__GCB5, 
logic__85: fire9_ex_3__GCB0, 
reg__200: fire9_ex_3__GCB5, 
rom__248: rom_array_layer_1__GB10, 
datapath__258: fire9_ex_3__GCB0, 
logic__327: fire9_ex_3__GCB5, 
datapath__233: fire9_ex_3__GCB5, 
reg__298: fire9_ex_3__GCB4, 
reg__685: fire9_ex_3__GCB5, 
reg__624: fire9_ex_3__GCB4, 
reg__709: fire9_ex_3__GCB4, 
reg__34: fire9_ex_3__GCB5, 
reg__586: fire9_ex_3__GCB5, 
datapath__304: fire9_ex_3__GCB3, 
rom__11: rom_array_layer_1__GB5, 
reg__55: fire9_ex_3__GCB3, 
logic__25: fire9_ex_3__GCB5, 
reg__536: fire9_ex_3__GCB5, 
rom__176: rom_array_layer_1__GB0, 
datapath__17: fire9_ex_3__GCB0, 
rom__290: rom_array_layer_1__GB8, 
rom__359: rom_array_layer_1__GB6, 
logic__213: fire9_ex_3__GCB5, 
logic__360: fire9_ex_3__GCB4, 
datapath__290: fire9_ex_3__GCB0, 
logic__32: fire9_ex_3__GCB3, 
datapath__338: fire9_ex_3__GCB4, 
rom__144: rom_array_layer_1__GB0, 
logic__81: fire9_ex_3__GCB4, 
datapath__228: fire9_ex_3__GCB5, 
logic__53: fire9_ex_3__GCB4, 
datapath__116: fire9_ex_3__GCB3, 
datapath__152: fire9_ex_3__GCB1, 
reg__328: fire9_ex_3__GCB4, 
datapath__200: fire9_ex_3__GCB2, 
logic__221: fire9_ex_3__GCB5, 
rom__6: rom_array_layer_1__GB5, 
datapath__298: fire9_ex_3__GCB0, 
datapath__59: fire9_ex_3__GCB4, 
rom__269: rom_array_layer_1__GB9, 
datapath__80: fire9_ex_3__GCB0, 
reg__490: fire9_ex_3__GCB5, 
rom__224: rom_array_layer_1__GB10, 
reg__456: fire9_ex_3__GCB5, 
logic__229: fire9_ex_3__GCB5, 
reg__238: fire9_ex_3__GCB4, 
logic__254: fire9_ex_3__GCB3, 
rom__313: rom_array_layer_1__GB6, 
reg__173: fire9_ex_3__GCB5, 
datapath__47: fire9_ex_3__GCB0, 
datapath__328: fire9_ex_3__GCB4, 
rom__147: rom_array_layer_1__GB0, 
reg__135: fire9_ex_3__GCB5, 
reg__246: fire9_ex_3__GCB5, 
reg__513: fire9_ex_3__GCB3, 
reg__396: fire9_ex_3__GCB5, 
logic__335: fire9_ex_3__GCB4, 
rom__3: rom_array_layer_1__GB5, 
logic__65: fire9_ex_3__GCB3, 
logic__14: fire9_ex_3__GCB5, 
reg__365: fire9_ex_3__GCB5, 
rom__156: rom_array_layer_1__GB0, 
rom__338: rom_array_layer_1__GB6, 
reg__108: fire9_ex_3__GCB4, 
reg__370: fire9_ex_3__GCB5, 
reg__728: fire9_ex_3__GCB4, 
reg__168: fire9_ex_3__GCB5, 
datapath__238: fire9_ex_3__GCB0, 
reg__106: fire9_ex_3__GCB5, 
reg__678: fire9_ex_3__GCB4, 
reg__166: fire9_ex_3__GCB5, 
datapath__137: fire9_ex_3__GCB0, 
datapath__173: fire9_ex_3__GCB1, 
logic__133: fire9_ex_3__GCB4, 
rom__294: rom_array_layer_1__GB7, 
logic__157: fire9_ex_3__GCB3, 
logic__169: fire9_ex_3__GCB3, 
rom__241: rom_array_layer_1__GB10, 
datapath__135: fire9_ex_3__GCB1, 
reg__515: fire9_ex_3__GCB3, 
datapath__246: fire9_ex_3__GCB3, 
datapath__5: fire9_ex_3__GCB2, 
reg__262: fire9_ex_3__GCB0, 
reg__550: fire9_ex_3__GCB5, 
datapath__365: fire9_ex_3__GCB4, 
datapath__108: fire9_ex_3__GCB3, 
reg__448: fire9_ex_3__GCB5, 
reg__161: fire9_ex_3__GCB5, 
rom__59: rom_array_layer_1__GB4, 
reg__450: fire9_ex_3__GCB5, 
datapath__168: fire9_ex_3__GCB5, 
logic__372: fire9_ex_3__GCB3, 
datapath__106: fire9_ex_3__GCB3, 
rom__68: rom_array_layer_1__GB3, 
reg__2: fire9_ex_3__GCB5, 
datapath__166: fire9_ex_3__GCB5, 
reg__281: fire9_ex_3__GCB5, 
rom__295: rom_array_layer_1__GB7, 
logic__286: fire9_ex_3__GCB0, 
reg__680: fire9_ex_3__GCB5, 
reg__619: fire9_ex_3__GCB3, 
rom__340: rom_array_layer_1__GB6, 
logic__383: fire9_ex_3__GCB5, 
reg__531: fire9_ex_3__GCB3, 
datapath__262: fire9_ex_3__GCB0, 
logic__196: fire9_ex_3__GCB5, 
datapath__39: fire9_ex_3__GCB1, 
rom__348: rom_array_layer_1__GB6, 
reg__191: fire9_ex_3__GCB0, 
logic__220: fire9_ex_3__GCB5, 
datapath__161: fire9_ex_3__GCB3, 
reg__639: fire9_ex_3__GCB4, 
reg__10: fire9_ex_3__GCB5, 
reg__416: fire9_ex_3__GCB5, 
reg__464: fire9_ex_3__GCB5, 
reg__127: fire9_ex_3__GCB5, 
rom__120: rom_array_layer_1__GB1, 
reg__437: fire9_ex_3__GCB5, 
reg__563: fire9_ex_3__GCB5, 
rom__193: rom_array_layer_1__GB11, 
datapath__281: fire9_ex_3__GCB0, 
rom__341: rom_array_layer_1__GB6, 
logic__154: fire9_ex_3__GCB3, 
reg__272: fire9_ex_3__GCB4, 
logic__325: fire9_ex_3__GCB5, 
rom__242: rom_array_layer_1__GB10, 
reg__572: fire9_ex_3__GCB5, 
reg__547: fire9_ex_3__GCB5, 
datapath__191: fire9_ex_3__GCB0, 
reg__717: fire9_ex_3__GCB4, 
logic__110: fire9_ex_3__GCB4, 
logic__62: fire9_ex_3__GCB3, 
datapath__127: fire9_ex_3__GCB1, 
logic__296: fire9_ex_3__GCB0, 
reg__417: fire9_ex_3__GCB5, 
logic__234: fire9_ex_3__GCB5, 
rom__45: rom_array_layer_1__GB4, 
logic__343: fire9_ex_3__GCB4, 
logic__104: fire9_ex_3__GCB4, 
logic__366: fire9_ex_3__GCB3, 
rom__46: rom_array_layer_1__GB4, 
datapath__272: fire9_ex_3__GCB0, 
reg__443: fire9_ex_3__GCB5, 
reg__115: fire9_ex_3__GCB0, 
reg__723: fire9_ex_3__GCB4, 
reg__250: fire9_ex_3__GCB5, 
reg__673: fire9_ex_3__GCB4, 
reg__511: fire9_ex_3__GCB3, 
reg__61: fire9_ex_3__GCB5, 
logic__266: fire9_ex_3__GCB0, 
logic__142: fire9_ex_3__GCB3, 
reg__345: fire9_ex_3__GCB0, 
reg__71: fire9_ex_3__GCB5, 
reg__524: fire9_ex_3__GCB3, 
logic__312: fire9_ex_3__GCB1, 
reg__475: fire9_ex_3__GCB5, 
reg__183: fire9_ex_3__GCB5, 
rom__297: rom_array_layer_1__GB7, 
reg__269: fire9_ex_3__GCB3, 
logic__346: fire9_ex_3__GCB4, 
reg__527: fire9_ex_3__GCB3, 
datapath__11: fire9_ex_3__GCB2, 
reg__217: fire9_ex_3__GCB5, 
datapath__115: fire9_ex_3__GCB3, 
reg__1: fire9_ex_3__GCB5, 
reg__703: fire9_ex_3__GCB4, 
rom__363: rom_array_layer_1__GB6, 
rom__179: rom_array_layer_1__GB0, 
reg__666: fire9_ex_3__GCB4, 
datapath__250: fire9_ex_3__GCB3, 
rom__34: rom_array_layer_1__GB5, 
reg__178: fire9_ex_3__GCB5, 
rom__367: rom_array_layer_1__GB11, 
datapath__345: fire9_ex_3__GCB0, 
rom__250: rom_array_layer_1__GB9, 
reg__615: fire9_ex_3__GCB3, 
datapath__36: fire9_ex_3__GCB3, 
logic__269: fire9_ex_3__GCB0, 
datapath__308: fire9_ex_3__GCB4, 
rom__141: rom_array_layer_1__GB0, 
reg__57: fire9_ex_3__GCB4, 
rom__39: rom_array_layer_1__GB4, 
logic__244: fire9_ex_3__GCB5, 
reg__460: fire9_ex_3__GCB5, 
rom__345: rom_array_layer_1__GB6, 
datapath__183: fire9_ex_3__GCB1, 
reg__438: fire9_ex_3__GCB5, 
datapath__66: fire9_ex_3__GCB4, 
logic__315: fire9_ex_3__GCB3, 
datapath__269: fire9_ex_3__GCB3, 
reg__648: fire9_ex_3__GCB4, 
logic__28: fire9_ex_3__GCB0, 
reg__444: fire9_ex_3__GCB5, 
reg__733: fire9_ex_3__GCB4, 
rom__253: rom_array_layer_1__GB9, 
datapath__193: fire9_ex_3__GCB1, 
reg__635: fire9_ex_3__GCB4, 
reg__526: fire9_ex_3__GCB3, 
datapath__217: fire9_ex_3__GCB5, 
rom__254: rom_array_layer_1__GB9, 
logic__301: fire9_ex_3__GCB0, 
rom__247: rom_array_layer_1__GB10, 
logic__349: fire9_ex_3__GCB4, 
reg__659: fire9_ex_3__GCB4, 
datapath__291: fire9_ex_3__GCB0, 
rom__22: rom_array_layer_1__GB5, 
logic__239: fire9_ex_3__GCB5, 
logic__127: fire9_ex_3__GCB3, 
datapath__178: fire9_ex_3__GCB1, 
logic__163: fire9_ex_3__GCB3, 
reg__520: fire9_ex_3__GCB3, 
reg__35: fire9_ex_3__GCB5, 
reg__317: fire9_ex_3__GCB5, 
reg__558: fire9_ex_3__GCB3, 
logic__211: fire9_ex_3__GCB5, 
logic__309: fire9_ex_3__GCB0, 
logic__70: fire9_ex_3__GCB4, 
logic__91: fire9_ex_3__GCB0, 
rom__296: rom_array_layer_1__GB7, 
reg__567: fire9_ex_3__GCB5, 
reg__203: fire9_ex_3__GCB5, 
reg__350: fire9_ex_3__GCB4, 
datapath__31: fire9_ex_3__GCB2, 
reg__542: fire9_ex_3__GCB5, 
datapath__96: fire9_ex_3__GCB2, 
rom__8: rom_array_layer_1__GB5, 
rom__194: rom_array_layer_1__GB11, 
reg__86: fire9_ex_3__GCB4, 
counter__1: fire9_ex_3__GCB5, 
rom__350: rom_array_layer_1__GB6, 
reg__211: fire9_ex_3__GCB5, 
logic__58: fire9_ex_3__GCB0, 
logic__339: fire9_ex_3__GCB4, 
datapath__317: fire9_ex_3__GCB5, 
rom__261: rom_array_layer_1__GB9, 
reg__455: fire9_ex_3__GCB5, 
rom__93: rom_array_layer_1__GB2, 
datapath__351: fire9_ex_3__GCB0, 
rom__103: rom_array_layer_1__GB2, 
datapath__203: fire9_ex_3__GCB5, 
datapath__350: fire9_ex_3__GCB4, 
reg__219: fire9_ex_3__GCB5, 
datapath__89: fire9_ex_3__GCB2, 
reg__485: fire9_ex_3__GCB5, 
reg__508: fire9_ex_3__GCB3, 
reg__379: fire9_ex_3__GCB5, 
reg__607: fire9_ex_3__GCB0, 
reg__244: fire9_ex_3__GCB5, 
logic__249: fire9_ex_3__GCB0, 
rom__159: rom_array_layer_1__GB0, 
datapath__369: fire9_ex_3__GCB5, 
logic__148: fire9_ex_3__GCB0, 
logic__184: fire9_ex_3__GCB5, 
datapath__211: fire9_ex_3__GCB5, 
rom__227: rom_array_layer_1__GB10, 
reg__325: fire9_ex_3__GCB4, 
logic__146: fire9_ex_3__GCB3, 
rom__75: rom_array_layer_1__GB3, 
logic__257: fire9_ex_3__GCB3, 
reg__493: fire9_ex_3__GCB5, 
reg__410: fire9_ex_3__GCB5, 
rom__230: rom_array_layer_1__GB10, 
logic__376: fire9_ex_3__GCB3, 
reg__421: fire9_ex_3__GCB5, 
reg__698: fire9_ex_3__GCB4, 
rom__79: rom_array_layer_1__GB3, 
rom__119: rom_array_layer_1__GB1, 
logic__119: fire9_ex_3__GCB3, 
reg__4: fire9_ex_3__GCB5, 
reg__600: fire9_ex_3__GCB5, 
datapath__219: fire9_ex_3__GCB5, 
logic__179: fire9_ex_3__GCB5, 
rom__88: rom_array_layer_1__GB2, 
logic__117: fire9_ex_3__GCB3, 
datapath__63: fire9_ex_3__GCB4, 
reg__610: fire9_ex_3__GCB0, 
rom__137: rom_array_layer_1__GB0, 
rom__263: rom_array_layer_1__GB9, 
reg__123: fire9_ex_3__GCB5, 
logic__177: fire9_ex_3__GCB5, 
rom_array_layer_1__GB5: rom_array_layer_1__GB5, 
reg__147: fire9_ex_3__GCB4, 
reg__65: fire9_ex_3__GCB5, 
reg__159: fire9_ex_3__GCB5, 
datapath__154: fire9_ex_3__GCB1, 
rom__20: rom_array_layer_1__GB5, 
logic__16: fire9_ex_3__GCB5, 
logic__273: fire9_ex_3__GCB0, 
reg__691: fire9_ex_3__GCB4, 
reg__630: fire9_ex_3__GCB4, 
logic__50: fire9_ex_3__GCB1, 
rom__28: rom_array_layer_1__GB5, 
reg__654: fire9_ex_3__GCB4, 
reg__377: fire9_ex_3__GCB5, 
datapath__83: fire9_ex_3__GCB0, 
logic__172: fire9_ex_3__GCB3, 
rom__217: rom_array_layer_1__GB11, 
reg__362: fire9_ex_3__GCB5, 
rom__286: rom_array_layer_1__GB8, 
reg__579: fire9_ex_3__GCB5, 
rom__352: rom_array_layer_1__GB6, 
rom__130: rom_array_layer_1__GB0, 
reg__276: fire9_ex_3__GCB5, 
datapath__28: fire9_ex_3__GCB1, 
rom__168: rom_array_layer_1__GB0, 
datapath__123: fire9_ex_3__GCB0, 
logic__292: fire9_ex_3__GCB0, 
datapath__147: fire9_ex_3__GCB1, 
rom__167: rom_array_layer_1__GB0, 
rom__91: rom_array_layer_1__GB2, 
reg__186: fire9_ex_3__GCB5, 
reg__210: fire9_ex_3__GCB5, 
logic__202: fire9_ex_3__GCB0, 
rom__61: rom_array_layer_1__GB4, 
datapath__362: fire9_ex_3__GCB4, 
logic__138: fire9_ex_3__GCB3, 
rom__175: rom_array_layer_1__GB0, 
rom__1: rom_array_layer_1__GB5, 
datapath__276: fire9_ex_3__GCB0, 
reg__144: fire9_ex_3__GCB4, 
reg__315: fire9_ex_3__GCB5, 
datapath__75: fire9_ex_3__GCB1, 
reg__483: fire9_ex_3__GCB5, 
logic__283: fire9_ex_3__GCB0, 
datapath__186: fire9_ex_3__GCB0, 
reg__92: fire9_ex_3__GCB5, 
reg__602: fire9_ex_3__GCB5, 
rom__48: rom_array_layer_1__GB4, 
reg__100: fire9_ex_3__GCB5, 
reg__488: fire9_ex_3__GCB5, 
rom__244: rom_array_layer_1__GB10, 
datapath__15: fire9_ex_3__GCB2, 
reg__286: fire9_ex_3__GCB5, 
rom__249: rom_array_layer_1__GB9, 
datapath__22: fire9_ex_3__GCB3, 
reg__224: fire9_ex_3__GCB5, 
reg__333: fire9_ex_3__GCB4, 
datapath__71: fire9_ex_3__GCB0, 
reg__356: fire9_ex_3__GCB5, 
datapath__43: fire9_ex_3__GCB2, 
rom__331: rom_array_layer_1__GB6, 
datapath__144: fire9_ex_3__GCB1, 
datapath__315: fire9_ex_3__GCB5, 
reg__468: fire9_ex_3__GCB5, 
logic__22: fire9_ex_3__GCB5, 
reg__595: fire9_ex_3__GCB5, 
logic__126: fire9_ex_3__GCB3, 
reg__459: fire9_ex_3__GCB5, 
reg__461: fire9_ex_3__GCB5, 
reg__432: fire9_ex_3__GCB5, 
reg__256: fire9_ex_3__GCB5, 
rom__162: rom_array_layer_1__GB0, 
logic__261: fire9_ex_3__GCB3, 
rom__207: rom_array_layer_1__GB11, 
reg__132: fire9_ex_3__GCB5, 
rom__78: rom_array_layer_1__GB3, 
logic__356: fire9_ex_3__GCB0, 
datapath__286: fire9_ex_3__GCB0, 
logic__319: fire9_ex_3__GCB4, 
reg__302: fire9_ex_3__GCB4, 
logic__47: fire9_ex_3__GCB3, 
rom__332: rom_array_layer_1__GB6, 
datapath__224: fire9_ex_3__GCB5, 
rom__44: rom_array_layer_1__GB4, 
datapath__333: fire9_ex_3__GCB4, 
datapath__356: fire9_ex_3__GCB0, 
logic__194: fire9_ex_3__GCB5, 
reg__336: fire9_ex_3__GCB4, 
reg__687: fire9_ex_3__GCB5, 
logic__77: fire9_ex_3__GCB4, 
reg__626: fire9_ex_3__GCB4, 
reg__711: fire9_ex_3__GCB4, 
logic__280: fire9_ex_3__GCB3, 
reg__588: fire9_ex_3__GCB5, 
rom__362: rom_array_layer_1__GB6, 
rom__311: rom_array_layer_1__GB6, 
logic__204: fire9_ex_3__GCB5, 
reg__37: fire9_ex_3__GCB5, 
reg__538: fire9_ex_3__GCB5, 
logic__228: fire9_ex_3__GCB5, 
rom__9: rom_array_layer_1__GB5, 
logic__302: fire9_ex_3__GCB0, 
rom__324: rom_array_layer_1__GB6, 
datapath__256: fire9_ex_3__GCB0, 
datapath__55: fire9_ex_3__GCB3, 
datapath__132: fire9_ex_3__GCB2, 
reg__259: fire9_ex_3__GCB5, 
logic__189: fire9_ex_3__GCB5, 
rom__333: rom_array_layer_1__GB6, 
reg__234: fire9_ex_3__GCB5, 
rom__190: rom_array_layer_1__GB11, 
datapath__302: fire9_ex_3__GCB1, 
logic__8: fire9_ex_3__GCB4, 
reg__369: fire9_ex_3__GCB5, 
reg__305: fire9_ex_3__GCB4, 
reg__489: fire9_ex_3__GCB5, 
datapath__336: fire9_ex_3__GCB4, 
reg__88: fire9_ex_3__GCB4, 
logic__42: fire9_ex_3__GCB4, 
reg__291: fire9_ex_3__GCB4, 
logic__107: fire9_ex_3__GCB4, 
reg__339: fire9_ex_3__GCB4, 
reg__445: fire9_ex_3__GCB5, 
reg__229: fire9_ex_3__GCB5, 
rom__339: rom_array_layer_1__GB6, 
reg__117: fire9_ex_3__GCB3, 
reg__153: fire9_ex_3__GCB5, 
reg__506: fire9_ex_3__GCB1, 
reg__89: fire9_ex_3__GCB4, 
reg__6: fire9_ex_3__GCB5, 
reg__201: fire9_ex_3__GCB5, 
datapath__259: fire9_ex_3__GCB3, 
logic__328: fire9_ex_3__GCB5, 
datapath__234: fire9_ex_3__GCB0, 
reg__299: fire9_ex_3__GCB4, 
datapath__305: fire9_ex_3__GCB4, 
reg__434: fire9_ex_3__GCB5, 
logic__362: fire9_ex_3__GCB0, 
rom__264: rom_array_layer_1__GB9, 
rom__134: rom_array_layer_1__GB0, 
logic__214: fire9_ex_3__GCB5, 
logic__361: fire9_ex_3__GCB4, 
logic__100: fire9_ex_3__GCB2, 
datapath__339: fire9_ex_3__GCB0, 
rom__266: rom_array_layer_1__GB9, 
rom_array_layer_1__GB6: rom_array_layer_1__GB6, 
reg__387: fire9_ex_3__GCB5, 
datapath__229: fire9_ex_3__GCB5, 
rom__181: rom_array_layer_1__GB0, 
reg__730: fire9_ex_3__GCB4, 
rom__32: rom_array_layer_1__GB5, 
datapath__117: fire9_ex_3__GCB3, 
datapath__153: fire9_ex_3__GCB1, 
reg__329: fire9_ex_3__GCB4, 
logic__222: fire9_ex_3__GCB5, 
rom__229: rom_array_layer_1__GB10, 
rom__220: rom_array_layer_1__GB10, 
reg__39: fire9_ex_3__GCB5, 
rom__98: rom_array_layer_1__GB2, 
logic__230: fire9_ex_3__GCB5, 
reg__239: fire9_ex_3__GCB4, 
reg__552: fire9_ex_3__GCB5, 
reg__494: fire9_ex_3__GCB5, 
rom__260: rom_array_layer_1__GB9, 
reg__67: fire9_ex_3__GCB5, 
reg__501: fire9_ex_3__GCB3, 
logic__74: fire9_ex_3__GCB4, 
reg__138: fire9_ex_3__GCB0, 
reg__440: fire9_ex_3__GCB5, 
rom__216: rom_array_layer_1__GB11, 
rom__143: rom_array_layer_1__GB0, 
reg__174: fire9_ex_3__GCB5, 
rom: rom_array_layer_1__GB5, 
rom__316: rom_array_layer_1__GB6, 
rom__237: rom_array_layer_1__GB10, 
reg__136: fire9_ex_3__GCB5, 
rom__85: rom_array_layer_1__GB3, 
rom__246: rom_array_layer_1__GB10, 
reg__247: fire9_ex_3__GCB5, 
logic__165: fire9_ex_3__GCB3, 
rom__215: rom_array_layer_1__GB11, 
reg__682: fire9_ex_3__GCB5, 
reg__504: fire9_ex_3__GCB3, 
reg__621: fire9_ex_3__GCB4, 
datapath__52: fire9_ex_3__GCB3, 
reg__706: fire9_ex_3__GCB4, 
reg__366: fire9_ex_3__GCB5, 
reg__109: fire9_ex_3__GCB4, 
logic__17: fire9_ex_3__GCB5, 
reg__533: fire9_ex_3__GCB0, 
reg__169: fire9_ex_3__GCB5, 
logic__94: fire9_ex_3__GCB0, 
datapath__94: fire9_ex_3__GCB2, 
datapath__239: fire9_ex_3__GCB0, 
reg__107: fire9_ex_3__GCB5, 
reg__385: fire9_ex_3__GCB5, 
reg__167: fire9_ex_3__GCB5, 
datapath__138: fire9_ex_3__GCB0, 
reg__641: fire9_ex_3__GCB4, 
logic__39: fire9_ex_3__GCB1, 
rom__317: rom_array_layer_1__GB6, 
datapath__174: fire9_ex_3__GCB1, 
logic__134: fire9_ex_3__GCB0, 
datapath__100: fire9_ex_3__GCB4, 
logic__158: fire9_ex_3__GCB3, 
reg__73: fire9_ex_3__GCB5, 
reg__394: fire9_ex_3__GCB5, 
datapath__136: fire9_ex_3__GCB3, 
reg__565: fire9_ex_3__GCB5, 
rom__270: rom_array_layer_1__GB9, 
datapath__247: fire9_ex_3__GCB3, 
reg__263: fire9_ex_3__GCB0, 
rom__343: rom_array_layer_1__GB6, 
reg__392: fire9_ex_3__GCB5, 
datapath__366: fire9_ex_3__GCB4, 
datapath__109: fire9_ex_3__GCB0, 
reg__162: fire9_ex_3__GCB5, 
rom__310: rom_array_layer_1__GB6, 
reg__574: fire9_ex_3__GCB5, 
datapath__169: fire9_ex_3__GCB5, 
logic__373: fire9_ex_3__GCB3, 
reg__719: fire9_ex_3__GCB4, 
reg__49: fire9_ex_3__GCB3, 
rom_array_layer_1__GB0: rom_array_layer_1__GB0, 
rom__66: rom_array_layer_1__GB3, 
reg__282: fire9_ex_3__GCB5, 
logic__287: fire9_ex_3__GCB0, 
reg__94: fire9_ex_3__GCB5, 
logic__86: fire9_ex_3__GCB4, 
datapath__263: fire9_ex_3__GCB0, 
reg__26: fire9_ex_3__GCB5, 
logic__197: fire9_ex_3__GCB0, 
reg__192: fire9_ex_3__GCB0, 
fire9_ex_3__GCB0: fire9_ex_3__GCB0, 
datapath__162: fire9_ex_3__GCB3, 
reg__725: fire9_ex_3__GCB4, 
logic__26: fire9_ex_3__GCB5, 
reg__128: fire9_ex_3__GCB5, 
datapath__18: fire9_ex_3__GCB0, 
reg__675: fire9_ex_3__GCB4, 
rom__262: rom_array_layer_1__GB9, 
logic__33: fire9_ex_3__GCB3, 
logic__82: fire9_ex_3__GCB0, 
logic__54: fire9_ex_3__GCB2, 
logic__155: fire9_ex_3__GCB3, 
reg__273: fire9_ex_3__GCB5, 
rom__94: rom_array_layer_1__GB2, 
reg__419: fire9_ex_3__GCB5, 
logic__326: fire9_ex_3__GCB5, 
reg__518: fire9_ex_3__GCB3, 
datapath__192: fire9_ex_3__GCB1, 
datapath__60: fire9_ex_3__GCB0, 
datapath__81: fire9_ex_3__GCB0, 
reg__668: fire9_ex_3__GCB4, 
datapath__128: fire9_ex_3__GCB1, 
rom__40: rom_array_layer_1__GB4, 
logic__297: fire9_ex_3__GCB0, 
rom__169: rom_array_layer_1__GB0, 
rom__128: rom_array_layer_1__GB0, 
logic__235: fire9_ex_3__GCB5, 
logic__344: fire9_ex_3__GCB4, 
reg__617: fire9_ex_3__GCB3, 
logic__367: fire9_ex_3__GCB0, 
datapath__273: fire9_ex_3__GCB0, 
reg__413: fire9_ex_3__GCB5, 
datapath__48: fire9_ex_3__GCB3, 
reg__116: fire9_ex_3__GCB3, 
reg__251: fire9_ex_3__GCB5, 
reg__650: fire9_ex_3__GCB4, 
reg__476: fire9_ex_3__GCB5, 
reg__735: fire9_ex_3__GCB4, 
reg__83: fire9_ex_3__GCB4, 
logic__267: fire9_ex_3__GCB0, 
logic__66: fire9_ex_3__GCB3, 
logic__143: fire9_ex_3__GCB3, 
reg__346: fire9_ex_3__GCB0, 
reg__661: fire9_ex_3__GCB4, 
reg__636: fire9_ex_3__GCB4, 
reg__309: fire9_ex_3__GCB5, 
rom__56: rom_array_layer_1__GB4, 
logic__313: fire9_ex_3__GCB1, 
reg__8: fire9_ex_3__GCB5, 
reg__184: fire9_ex_3__GCB5, 
reg__560: fire9_ex_3__GCB0, 
datapath__265: fire9_ex_3__GCB3, 
logic__347: fire9_ex_3__GCB4, 
reg__372: fire9_ex_3__GCB5, 
rom__123: rom_array_layer_1__GB0, 
reg__194: fire9_ex_3__GCB5, 
reg__91: fire9_ex_3__GCB5, 
reg__218: fire9_ex_3__GCB5, 
reg__292: fire9_ex_3__GCB4, 
rom__33: rom_array_layer_1__GB5, 
reg__569: fire9_ex_3__GCB5, 
rom__234: rom_array_layer_1__GB10, 
datapath__251: fire9_ex_3__GCB0, 
reg__544: fire9_ex_3__GCB5, 
reg__179: fire9_ex_3__GCB5, 
reg__714: fire9_ex_3__GCB4, 
datapath__309: fire9_ex_3__GCB5, 
logic__270: fire9_ex_3__GCB3, 
rom__360: rom_array_layer_1__GB6, 
reg__403: fire9_ex_3__GCB5, 
logic__245: fire9_ex_3__GCB0, 
reg__46: fire9_ex_3__GCB5, 
logic__316: fire9_ex_3__GCB4, 
rom__165: rom_array_layer_1__GB0, 
rom__211: rom_array_layer_1__GB11, 
rom__298: rom_array_layer_1__GB7, 
rom__58: rom_array_layer_1__GB4, 
datapath__194: fire9_ex_3__GCB1, 
logic__350: fire9_ex_3__GCB0, 
datapath__292: fire9_ex_3__GCB4, 
logic__240: fire9_ex_3__GCB5, 
logic__128: fire9_ex_3__GCB3, 
reg__425: fire9_ex_3__GCB5, 
reg__670: fire9_ex_3__GCB4, 
reg__609: fire9_ex_3__GCB0, 
reg__41: fire9_ex_3__GCB5, 
rom__279: rom_array_layer_1__GB8, 
datapath__40: fire9_ex_3__GCB4, 
datapath__179: fire9_ex_3__GCB1, 
logic__164: fire9_ex_3__GCB3, 
reg__318: fire9_ex_3__GCB5, 
reg__352: fire9_ex_3__GCB4, 
reg__478: fire9_ex_3__GCB5, 
reg__374: fire9_ex_3__GCB5, 
reg__204: fire9_ex_3__GCB5, 
reg__351: fire9_ex_3__GCB4, 
rom__126: rom_array_layer_1__GB0, 
datapath__346: fire9_ex_3__GCB0, 
reg__469: fire9_ex_3__GCB5, 
rom__191: rom_array_layer_1__GB11, 
reg__738: fire9_ex_3__GCB5, 
reg__700: fire9_ex_3__GCB4, 
reg__663: fire9_ex_3__GCB4, 
rom__13: rom_array_layer_1__GB5, 
fire9_ex_3__GCB2: fire9_ex_3__GCB2, 
reg__212: fire9_ex_3__GCB5, 
rom__275: rom_array_layer_1__GB8, 
rom__52: rom_array_layer_1__GB4, 
datapath__318: fire9_ex_3__GCB5, 
rom__238: rom_array_layer_1__GB10, 
reg__612: fire9_ex_3__GCB3, 
reg__80: fire9_ex_3__GCB4, 
logic__63: fire9_ex_3__GCB3, 
datapath__352: fire9_ex_3__GCB0, 
reg__402: fire9_ex_3__GCB5, 
datapath__204: fire9_ex_3__GCB5, 
rom__2: rom_array_layer_1__GB5, 
reg__220: fire9_ex_3__GCB5, 
rom__314: rom_array_layer_1__GB6, 
reg__645: fire9_ex_3__GCB4, 
rom__90: rom_array_layer_1__GB2, 
logic__105: fire9_ex_3__GCB4, 
reg__693: fire9_ex_3__GCB4, 
logic__250: fire9_ex_3__GCB0, 
reg__632: fire9_ex_3__GCB4, 
reg__656: fire9_ex_3__GCB4, 
datapath__240: fire9_ex_3__GCB0, 
logic__15: fire9_ex_3__GCB5, 
rom__197: rom_array_layer_1__GB11, 
rom__276: rom_array_layer_1__GB8, 
logic: fire9_ex_3__GCB5, fire9_ex_3__GCB4, fire9_ex_3__GCB3, fire9_ex_3__GCB2, fire9_ex_3__GCB1, fire9_ex_3__GCB0, 
logic__149: fire9_ex_3__GCB0, 
reg__581: fire9_ex_3__GCB5, 
reg__480: fire9_ex_3__GCB5, 
logic__185: fire9_ex_3__GCB5, 
datapath__212: fire9_ex_3__GCB5, 
reg__155: fire9_ex_3__GCB5, 
logic__111: fire9_ex_3__GCB4, 
reg__486: fire9_ex_3__GCB5, 
muxpart: fire9_ex_3__GCB4, 
rom__222: rom_array_layer_1__GB10, 
reg__23: fire9_ex_3__GCB3, 
logic__147: fire9_ex_3__GCB3, 
logic__258: fire9_ex_3__GCB3, 
datapath__321: fire9_ex_3__GCB4, 
reg__76: fire9_ex_3__GCB5, 
reg__451: fire9_ex_3__GCB5, 
reg: fire9_ex_3__GCB4, 
logic__377: fire9_ex_3__GCB3, 
logic__120: fire9_ex_3__GCB0, 
datapath__220: fire9_ex_3__GCB5, 
reg__51: fire9_ex_3__GCB3, 
datapath__33: fire9_ex_3__GCB1, 
logic__180: fire9_ex_3__GCB5, 
muxpart__1: fire9_ex_3__GCB4, 
datapath__12: fire9_ex_3__GCB1, 
reg__124: fire9_ex_3__GCB5, 
rom__209: rom_array_layer_1__GB11, 
reg__148: fire9_ex_3__GCB4, 
rom__177: rom_array_layer_1__GB0, 
reg__28: fire9_ex_3__GCB5, 
rom__112: rom_array_layer_1__GB1, 
rom__26: rom_array_layer_1__GB5, 
datapath__155: fire9_ex_3__GCB1, 
rom__283: rom_array_layer_1__GB8, 
logic__12: fire9_ex_3__GCB5, 
logic__274: fire9_ex_3__GCB0, 
reg__206: fire9_ex_3__GCB5, 
datapath__37: fire9_ex_3__GCB2, 
rom__208: rom_array_layer_1__GB11, 
logic__173: fire9_ex_3__GCB3, 
reg__363: fire9_ex_3__GCB5, 
rom__329: rom_array_layer_1__GB6, 
datapath__67: fire9_ex_3__GCB0, 
reg__604: fire9_ex_3__GCB0, 
logic__29: fire9_ex_3__GCB0, 
reg__277: fire9_ex_3__GCB5, 
datapath__124: fire9_ex_3__GCB4, 
datapath__148: fire9_ex_3__GCB3, 
reg__462: fire9_ex_3__GCB5, 
reg__187: fire9_ex_3__GCB5, 
reg__481: fire9_ex_3__GCB5, 
datapath__206: fire9_ex_3__GCB5, 
rom__354: rom_array_layer_1__GB6, 
logic__203: fire9_ex_3__GCB5, 
rom__73: rom_array_layer_1__GB3, 
rom__192: rom_array_layer_1__GB11, 
logic__71: fire9_ex_3__GCB0, 
rom__255: rom_array_layer_1__GB9, 
reg__597: fire9_ex_3__GCB5, 
logic__92: fire9_ex_3__GCB0, 
datapath__32: fire9_ex_3__GCB1, 
logic__139: fire9_ex_3__GCB3, 
datapath__97: fire9_ex_3__GCB0, 
datapath__277: fire9_ex_3__GCB0, 
reg__145: fire9_ex_3__GCB4, 
reg__316: fire9_ex_3__GCB5, 
