reg__412: 
reg__391: 
reg__437: 
muxpart__46: 
logic__1374: 
logic__1664: 
logic__1745: 
logic__899: 
logic__93: 
logic__531: 
reg__248: 
logic__1450: 
reg__581: 
reg__455: 
logic__2008: 
muxpart__355: 
muxpart__102: 
muxpart__91: 
logic__725: 
muxpart__443: 
reg__323: 
logic__1887: 
muxpart__665: 
logic__618: 
reg__653: 
logic__1801: 
logic__872: 
reg__445: 
muxpart__650: 
logic__893: 
logic__135: 
logic__1370: 
logic__604: 
reg__629: 
logic__609: 
logic__782: 
muxpart__4: 
reg__25: 
logic__388: 
reg__54: 
logic__538: 
logic__426: 
logic__2079: 
muxpart__411: 
logic__1802: 
logic__1726: 
logic__414: 
muxpart__34: 
logic__1556: 
logic__1827: 
reg__468: 
logic__1878: 
reg__120: 
reg__245: 
muxpart__51: 
logic__2164: 
logic__1912: 
muxpart__453: 
reg__138: 
logic__1727: 
muxpart__53: 
logic__456: 
logic__1483: 
logic__1763: 
logic__2055: 
logic__894: 
reg__247: 
logic__648: 
muxpart__720: 
reg__697: 
logic__520: 
logic__1663: 
logic__619: 
logic__2183: 
reg__532: 
logic__881: 
reg__125: 
muxpart__518: 
reg__171: 
reg__359: 
reg__465: 
logic__238: 
logic__1766: 
reg__106: 
logic__1044: 
logic__610: 
logic__1502: 
muxpart__36: 
logic__1860: 
logic__2105: 
reg__336: 
muxpart__256: 
reg__328: 
logic__1555: 
muxpart__499: 
logic__397: 
logic__121: 
muxpart__52: 
logic__902: 
logic__594: 
logic__237: 
muxpart__726: 
reg__625: 
logic__337: 
reg__563: 
muxpart__722: 
muxpart__596: 
reg__197: 
logic__1621: 
logic__1484: 
reg__481: 
logic__1398: 
muxpart__67: 
reg__143: 
muxpart__173: 
logic__261: 
logic__900: 
muxpart__270: 
logic__1953: 
reg__413: 
reg__220: 
muxpart__398: 
reg__20: 
muxpart__707: 
logic__1275: 
reg__569: 
logic__66: 
logic__424: 
logic__1175: 
muxpart__360: 
muxpart__585: 
reg__475: 
muxpart__310: 
logic__1528: 
logic__265: 
logic__1522: 
logic__367: 
muxpart__68: 
logic__99: 
muxpart__412: 
logic__1035: 
logic__1323: 
muxpart__361: 
muxpart__688: 
logic__1870: 
logic__1765: 
logic__830: 
reg__616: 
muxpart__526: 
logic__1113: 
reg__230: 
reg__85: 
logic__1523: 
logic__100: 
logic__1622: 
reg__284: 
reg__27: 
reg__159: 
reg__214: 
logic__998: 
logic__878: 
logic__1890: 
logic__1996: 
logic__1227: 
muxpart__323: 
logic__1646: 
reg__709: 
muxpart__378: 
muxpart__3: 
logic__366: 
logic__67: 
logic__396: 
logic__1119: 
reg__675: 
logic__262: 
logic__372: 
logic__1128: 
reg__162: 
logic__1316: 
reg__155: 
muxpart__165: 
logic__791: 
logic__394: 
logic__1872: 
logic__1981: 
muxpart__77: 
logic__1639: 
muxpart__149: 
logic__373: 
muxpart__653: 
reg__699: 
reg__695: 
logic__1927: 
logic__97: 
muxpart__93: 
logic__920: 
logic__1891: 
reg__156: 
muxpart__331: 
logic__207: 
muxpart__697: 
reg__243: 
muxpart__234: 
reg__76: 
reg__722: 
muxpart__395: 
logic__30: 
logic__1434: 
reg__456: 
logic__1824: 
muxpart__120: 
muxpart__716: 
reg__31: 
muxpart__532: 
reg__491: 
logic__2119: 
logic__1457: 
logic__546: 
logic__1317: 
reg__268: 
muxpart__445: 
reg__446: 
reg__267: 
logic__1025: 
reg__453: 
logic__1905: 
logic__1052: 
logic__2061: 
muxpart__666: 
reg__294: 
logic__1642: 
muxpart__472: 
muxpart__324: 
logic__120: 
logic__846: 
logic__677: 
reg__418: 
logic__827: 
logic__879: 
muxpart__297: 
logic__592: 
logic__1679: 
logic__1456: 
logic__1619: 
muxpart__328: 
logic__96: 
muxpart__247: 
muxpart__391: 
logic__418: 
logic__1825: 
logic__1070: 
logic__1906: 
logic__1053: 
logic__1980: 
logic__1643: 
reg__55: 
logic__948: 
reg__715: 
muxpart__702: 
reg__176: 
logic__1160: 
logic__1814: 
reg__90: 
logic__2126: 
muxpart__593: 
reg__635: 
muxpart__455: 
muxpart__214: 
reg__65: 
muxpart__359: 
muxpart__497: 
logic__2192: 
logic__2189: 
reg__37: 
muxpart__6: 
logic__7: 
logic__1630: 
logic__586: 
muxpart__12: 
reg__100: 
reg__259: 
reg__431: 
reg__636: 
logic__1280: 
logic__1083: 
logic__906: 
logic__652: 
logic__6: 
logic__1813: 
logic__1127: 
logic__666: 
logic__561: 
logic__741: 
logic__328: 
reg__69: 
logic__1433: 
muxpart__171: 
reg__685: 
logic__770: 
logic__1448: 
logic__31: 
logic__822: 
logic__615: 
logic__651: 
logic__698: 
muxpart__616: 
logic__729: 
logic__240: 
logic__1645: 
logic__947: 
logic__585: 
logic__719: 
reg__588: 
muxpart__695: 
muxpart__336: 
logic__111: 
reg__478: 
logic__577: 
reg__702: 
logic__417: 
muxpart__456: 
reg__659: 
muxpart__38: 
muxpart__106: 
logic__953: 
logic__2042: 
muxpart__313: 
muxpart__709: 
muxpart__471: 
logic__562: 
logic__912: 
logic__568: 
logic__740: 
logic__1460: 
logic__2120: 
logic__1697: 
logic__1281: 
logic__616: 
reg__326: 
muxpart__143: 
reg__655: 
logic__776: 
muxpart__565: 
reg__728: 
logic__387: 
muxpart__625: 
reg__587: 
muxpart__258: 
muxpart__162: 
muxpart__121: 
reg__338: 
muxpart__248: 
reg__291: 
logic__1028: 
reg__432: 
logic__1983: 
reg__170: 
reg__534: 
reg__97: 
logic__905: 
reg__530: 
logic__1038: 
logic__550: 
muxpart__413: 
logic__630: 
logic__567: 
muxpart__253: 
logic__903: 
reg__640: 
logic__642: 
logic__1068: 
reg__144: 
muxpart__49: 
logic__1043: 
muxpart__563: 
logic__2084: 
reg__279: 
muxpart__284: 
reg__576: 
logic__1268: 
logic__2114: 
logic__828: 
muxpart__294: 
logic__357: 
muxpart__525: 
muxpart__70: 
muxpart__100: 
logic__918: 
muxpart__635: 
muxpart__569: 
logic__1995: 
reg__727: 
logic__1313: 
logic__1082: 
logic__1941: 
logic__1067: 
reg__194: 
logic__358: 
logic__1917: 
logic__549: 
reg__40: 
muxpart__176: 
logic__3: 
reg__506: 
logic__433: 
logic__777: 
logic__411: 
reg__129: 
logic__130: 
reg__145: 
muxpart__155: 
reg__363: 
muxpart__553: 
muxpart__640: 
reg__153: 
logic__2188: 
muxpart__63: 
reg__679: 
reg__286: 
logic__717: 
muxpart__222: 
reg__152: 
logic__1029: 
logic__1269: 
logic__40: 
logic__2012: 
muxpart__465: 
logic__975: 
logic__1529: 
muxpart__144: 
reg__300: 
muxpart__715: 
logic__598: 
logic__1167: 
logic__1325: 
reg__601: 
logic__1004: 
reg__369: 
reg__47: 
logic__1649: 
logic__1894: 
logic__270: 
reg__660: 
logic__1386: 
muxpart__587: 
muxpart__491: 
reg__292: 
logic__1435: 
muxpart__724: 
logic__1780: 
muxpart__431: 
logic__873: 
logic__340: 
muxpart__268: 
muxpart__675: 
reg__458: 
logic__510: 
logic__1226: 
muxpart__418: 
logic__2045: 
logic__954: 
reg__555: 
logic__2054: 
logic__1155: 
muxpart__290: 
logic__597: 
logic__1670: 
logic__911: 
muxpart__480: 
reg__321: 
muxpart__37: 
logic__1550: 
muxpart__223: 
reg__26: 
logic__1217: 
logic__1501: 
logic__849: 
reg__582: 
muxpart__533: 
logic__564: 
logic__716: 
logic__1796: 
logic__687: 
muxpart__156: 
logic__678: 
muxpart__267: 
muxpart__83: 
logic__379: 
reg__533: 
reg__193: 
logic__1579: 
muxpart__216: 
logic__1962: 
reg__3: 
reg__519: 
reg__464: 
muxpart__636: 
muxpart__241: 
muxpart__534: 
logic__2046: 
reg__564: 
reg__717: 
logic__848: 
logic__283: 
reg__393: 
logic__2093: 
reg__657: 
reg__299: 
reg__179: 
reg__88: 
muxpart__685: 
muxpart__72: 
reg__627: 
logic__1340: 
logic__475: 
muxpart__659: 
reg__624: 
logic__1938: 
reg__9: 
muxpart__14: 
muxpart__125: 
logic__1580: 
logic__1729: 
logic__171: 
logic__129: 
logic__1439: 
reg__433: 
logic__771: 
logic__1422: 
reg__639: 
logic__199: 
logic__1939: 
logic__1161: 
reg__121: 
logic__2040: 
reg__495: 
logic__264: 
logic: 
reg__466: 
logic__833: 
muxpart__326: 
reg__203: 
logic__1549: 
reg__112: 
logic__2132: 
muxpart__679: 
muxpart__61: 
logic__244: 
logic__1438: 
muxpart__432: 
logic__1122: 
reg__132: 
logic__671: 
reg__617: 
logic__669: 
logic__664: 
logic__1896: 
logic__1191: 
reg__574: 
logic__1568: 
logic__553: 
reg__258: 
logic__1730: 
logic__172: 
logic__243: 
logic__1341: 
reg__392: 
logic__448: 
logic__1648: 
logic__601: 
muxpart__458: 
logic__1061: 
reg__131: 
reg__79: 
logic__765: 
logic__621: 
logic__1046: 
reg__547: 
reg__251: 
muxpart__588: 
muxpart__19: 
muxpart__99: 
muxpart__29: 
logic__1005: 
muxpart__152: 
reg__698: 
reg__483: 
muxpart__677: 
logic__1489: 
logic__1031: 
muxpart__20: 
logic__1157: 
reg__638: 
logic__1567: 
muxpart__230: 
logic__2094: 
logic__633: 
muxpart__193: 
logic__2030: 
reg__472: 
muxpart__700: 
logic__1612: 
logic__747: 
muxpart__363: 
muxpart__433: 
reg__414: 
logic__2190: 
reg__609: 
logic__600: 
muxpart__170: 
logic__1032: 
logic__1508: 
reg__514: 
reg__589: 
logic__764: 
reg__93: 
logic__148: 
reg__124: 
muxpart__506: 
muxpart__64: 
logic__1001: 
muxpart__279: 
reg__439: 
logic__995: 
reg__219: 
logic__1062: 
reg__425: 
logic__1507: 
reg__429: 
logic__1968: 
muxpart__530: 
reg__654: 
logic__634: 
logic__184: 
reg__508: 
muxpart__299: 
reg__643: 
reg__606: 
reg__541: 
logic__1121: 
logic__2066: 
muxpart__153: 
logic__1164: 
reg__724: 
logic__1305: 
muxpart__286: 
muxpart__338: 
logic__1963: 
logic__1525: 
logic__511: 
reg__169: 
reg__264: 
logic__834: 
reg__317: 
logic__663: 
logic__1074: 
muxpart__624: 
muxpart__717: 
muxpart__660: 
logic__508: 
logic__1624: 
logic__720: 
muxpart__31: 
logic__1693: 
reg__191: 
muxpart__601: 
muxpart__592: 
logic__996: 
reg__53: 
reg__656: 
reg__631: 
reg__275: 
logic__442: 
reg__322: 
muxpart__226: 
muxpart__668: 
reg__58: 
logic__58: 
logic__1355: 
logic__699: 
logic__1134: 
reg__302: 
reg__263: 
reg__548: 
logic__1047: 
muxpart__599: 
logic__1304: 
logic__2125: 
reg__480: 
reg__440: 
logic__1447: 
reg__731: 
reg__24: 
reg__732: 
logic__606: 
muxpart__112: 
logic__1655: 
logic__759: 
logic__1245: 
muxpart__309: 
logic__441: 
muxpart__79: 
muxpart__564: 
logic__1356: 
muxpart__203: 
reg__350: 
muxpart__194: 
logic__1331: 
muxpart__547: 
logic__1654: 
muxpart__292: 
reg__716: 
muxpart__381: 
reg__105: 
reg__521: 
reg__110: 
logic__944: 
muxpart__145: 
reg__610: 
logic__405: 
reg__17: 
logic__1221: 
reg__139: 
reg__72: 
logic__208: 
logic__708: 
reg__661: 
muxpart__582: 
muxpart__667: 
logic__391: 
reg__187: 
logic__661: 
reg__484: 
logic__1517: 
logic__945: 
logic__1107: 
logic__1565: 
logic__1220: 
muxpart__392: 
reg__497: 
logic__1236: 
logic__1969: 
logic__1163: 
logic__2167: 
reg__316: 
muxpart__269: 
logic__447: 
logic__309: 
logic__1073: 
logic__1353: 
reg__276: 
muxpart__50: 
muxpart__300: 
logic__1781: 
logic__1792: 
logic__516: 
reg__222: 
logic__1807: 
logic__2027: 
logic__1008: 
logic__1352: 
muxpart__589: 
logic__1100: 
logic__271: 
reg__217: 
muxpart__570: 
reg__195: 
logic__177: 
logic__1215: 
logic__774: 
logic__1513: 
muxpart__541: 
muxpart__466: 
logic__406: 
muxpart__627: 
logic__286: 
reg__566: 
logic__2028: 
muxpart__26: 
muxpart__425: 
logic__711: 
logic__707: 
reg__385: 
muxpart__508: 
logic__1669: 
logic__1149: 
muxpart__291: 
muxpart__519: 
muxpart__417: 
reg__457: 
logic__436: 
muxpart__22: 
logic__1947: 
muxpart__131: 
muxpart__464: 
muxpart__514: 
logic__2128: 
reg__648: 
muxpart__87: 
reg__376: 
logic__1615: 
muxpart__179: 
logic__517: 
muxpart__161: 
logic__1516: 
reg__485: 
reg__298: 
muxpart__631: 
reg__427: 
logic__1101: 
logic__1145: 
muxpart__555: 
muxpart__80: 
logic__1634: 
muxpart__657: 
muxpart__124: 
logic__16: 
logic__1002: 
reg__189: 
logic__1244: 
logic__469: 
logic__1203: 
muxpart__40: 
reg__122: 
logic__1235: 
reg__669: 
reg__632: 
muxpart__617: 
muxpart__263: 
muxpart__350: 
logic__1691: 
reg__119: 
reg__608: 
muxpart__251: 
logic__178: 
logic__1148: 
logic__1715: 
logic__1250: 
reg__188: 
muxpart__17: 
reg__181: 
reg__423: 
muxpart__132: 
reg__205: 
logic__256: 
reg__346: 
reg__183: 
reg__29: 
logic__926: 
reg__330: 
logic__627: 
logic__1230: 
reg__343: 
logic__166: 
logic__495: 
logic__1736: 
logic__1421: 
reg__479: 
logic__1272: 
logic__2141: 
logic__2033: 
logic__2016: 
logic__2063: 
reg__703: 
logic__1193: 
muxpart__484: 
muxpart__32: 
logic__1151: 
logic__1822: 
logic__165: 
logic__253: 
logic__1735: 
logic__399: 
logic__304: 
muxpart__169: 
logic__2140: 
muxpart__661: 
reg__4: 
logic__2034: 
reg__561: 
muxpart__655: 
muxpart__117: 
logic__1616: 
muxpart__439: 
muxpart__95: 
muxpart__261: 
logic__1283: 
logic__1223: 
reg__397: 
muxpart__470: 
logic__1468: 
logic__2144: 
reg__83: 
logic__655: 
muxpart__447: 
muxpart__440: 
logic__1712: 
logic__141: 
logic__1274: 
reg__683: 
logic__1208: 
logic__457: 
muxpart__217: 
reg__618: 
logic__1690: 
reg__510: 
reg__199: 
logic__1576: 
logic__1836: 
logic__1441: 
logic__1248: 
muxpart__610: 
logic__639: 
logic__445: 
logic__285: 
reg__706: 
reg__200: 
reg__550: 
logic__1169: 
muxpart__632: 
logic__1209: 
muxpart__699: 
reg__352: 
reg__283: 
muxpart__474: 
logic__276: 
logic__1110: 
muxpart__88: 
logic__795: 
reg__304: 
reg__117: 
reg__16: 
muxpart__298: 
logic__252: 
muxpart__462: 
logic__640: 
logic__142: 
reg__226: 
muxpart__264: 
logic__1086: 
logic__1320: 
logic__1786: 
muxpart__2: 
muxpart__643: 
reg__557: 
muxpart__189: 
reg__600: 
muxpart__190: 
muxpart__566: 
logic__1284: 
muxpart__548: 
muxpart__187: 
logic__1469: 
reg__184: 
logic__2069: 
logic__1915: 
logic__628: 
logic__1932: 
logic__444: 
logic__1362: 
reg__354: 
muxpart__495: 
logic__1388: 
reg__126: 
muxpart__316: 
logic__186: 
reg__486: 
logic__1229: 
reg__733: 
logic__1103: 
reg__374: 
reg__598: 
logic__1490: 
logic__1675: 
logic__1920: 
muxpart__273: 
logic__1271: 
reg__318: 
reg__34: 
reg__710: 
reg__387: 
logic__502: 
muxpart__415: 
reg__687: 
logic__2064: 
logic__2070: 
logic__1242: 
logic__1793: 
muxpart__205: 
logic__1676: 
muxpart__727: 
muxpart__669: 
logic__321: 
logic__932: 
logic__812: 
muxpart__183: 
reg__570: 
logic__794: 
logic__1756: 
reg__686: 
logic__313: 
muxpart__188: 
logic__1104: 
muxpart__609: 
reg__344: 
logic__888: 
logic__1170: 
logic__1771: 
muxpart__302: 
muxpart__648: 
muxpart__275: 
logic__501: 
reg__527: 
logic__825: 
muxpart__576: 
logic__1142: 
muxpart__249: 
muxpart__245: 
reg__647: 
reg__255: 
logic__1678: 
logic__1857: 
logic__523: 
logic__1136: 
logic__312: 
muxpart__110: 
logic__1152: 
logic__1392: 
muxpart__483: 
muxpart__600: 
muxpart__139: 
reg__278: 
muxpart__706: 
reg__677: 
muxpart__276: 
muxpart__397: 
logic__2149: 
logic__1609: 
logic__813: 
logic__2037: 
logic__1058: 
logic__1137: 
logic__303: 
logic__1085: 
reg__503: 
logic__118: 
logic__174: 
reg__42: 
logic__933: 
reg__523: 
muxpart__510: 
muxpart__711: 
reg__435: 
logic__1685: 
logic__1200: 
muxpart__521: 
logic__103: 
reg__335: 
logic__1808: 
muxpart__343: 
muxpart__122: 
logic__1409: 
logic__2169: 
reg__684: 
logic__1858: 
logic__427: 
muxpart__346: 
logic__222: 
logic__839: 
reg__63: 
logic__277: 
muxpart__158: 
reg__36: 
reg__249: 
muxpart__10: 
logic__1427: 
reg__361: 
muxpart__427: 
muxpart__174: 
logic__1607: 
reg__607: 
muxpart__126: 
logic__2177: 
reg__61: 
reg__211: 
muxpart__195: 
logic__1196: 
muxpart__377: 
reg__309: 
logic__654: 
muxpart__330: 
muxpart__457: 
logic__683: 
muxpart__598: 
logic__1010: 
muxpart__733: 
reg__297: 
muxpart__683: 
logic__695: 
logic__2170: 
reg__388: 
logic__147: 
logic__4: 
logic__773: 
muxpart__602: 
reg__315: 
logic__310: 
muxpart__414: 
logic__463: 
logic__1987: 
muxpart__344: 
logic__2019: 
reg__240: 
muxpart__387: 
reg__681: 
muxpart__304: 
muxpart__184: 
muxpart__656: 
reg__543: 
logic__1795: 
logic__1718: 
logic__1900: 
reg__349: 
muxpart__127: 
logic__704: 
logic__840: 
logic__824: 
muxpart__574: 
logic__1197: 
muxpart__486: 
reg__332: 
logic__783: 
logic__294: 
logic__1428: 
muxpart__200: 
logic__885: 
muxpart__446: 
logic__1772: 
muxpart__199: 
reg__594: 
logic__223: 
logic__1717: 
logic__52: 
reg__407: 
logic__1923: 
logic__1885: 
logic__117: 
muxpart__65: 
logic__2018: 
logic__246: 
muxpart__476: 
muxpart__119: 
reg__447: 
logic__79: 
logic__102: 
logic__1290: 
logic__987: 
muxpart__423: 
reg__329: 
reg__114: 
logic__1492: 
logic__1257: 
logic__1884: 
reg__452: 
muxpart__318: 
logic__159: 
logic__1694: 
logic__1190: 
muxpart__647: 
logic__884: 
logic__247: 
logic__363: 
logic__234: 
logic__2166: 
logic__2015: 
reg__552: 
muxpart__527: 
logic__1762: 
logic__187: 
reg__239: 
muxpart__416: 
logic__90: 
logic__532: 
reg__38: 
muxpart__335: 
muxpart__687: 
reg__253: 
logic__758: 
reg__448: 
logic__1416: 
muxpart__684: 
logic__1636: 
logic__1684: 
logic__1418: 
logic__660: 
reg__13: 
logic__544: 
reg__147: 
muxpart__337: 
logic__1056: 
logic__1869: 
logic__327: 
logic__160: 
reg__356: 
muxpart__389: 
logic__1754: 
logic__1637: 
muxpart__177: 
muxpart__719: 
logic__1774: 
logic__1914: 
logic__684: 
logic__451: 
reg__135: 
logic__1924: 
logic__325: 
logic__151: 
reg__442: 
muxpart__618: 
logic__1514: 
logic__1849: 
logic__1558: 
logic__1757: 
reg__172: 
logic__1419: 
logic__1404: 
muxpart__185: 
logic__870: 
logic__986: 
logic__1848: 
muxpart__550: 
muxpart__96: 
reg__451: 
reg__408: 
logic__1475: 
logic__196: 
muxpart__283: 
logic__1610: 
logic__2174: 
logic__241: 
logic__228: 
logic__2076: 
logic__352: 
logic__1478: 
reg__209: 
reg__401: 
logic__1972: 
logic__1819: 
logic__1768: 
logic__1882: 
logic__258: 
muxpart__211: 
reg__444: 
logic__2075: 
reg__539: 
logic__1559: 
reg__383: 
reg__381: 
logic__927: 
muxpart__74: 
muxpart__289: 
logic__1277: 
reg__394: 
logic__1921: 
logic__696: 
logic__213: 
logic__229: 
logic__1714: 
logic__2039: 
muxpart__603: 
reg__141: 
reg__410: 
muxpart__374: 
logic__1106: 
logic__990: 
reg__46: 
reg__367: 
muxpart__255: 
logic__1391: 
reg__700: 
logic__214: 
reg__577: 
reg__529: 
reg__15: 
logic__1821: 
reg__86: 
muxpart__731: 
muxpart__92: 
muxpart__349: 
logic__1373: 
logic__622: 
logic__1600: 
reg__212: 
logic__750: 
reg__377: 
logic__1359: 
reg__389: 
logic__343: 
logic__507: 
muxpart__278: 
logic__1474: 
logic__785: 
reg__313: 
reg__158: 
logic__749: 
muxpart__43: 
logic__342: 
logic__935: 
logic__1487: 
reg__10: 
reg__390: 
logic__21: 
logic__1881: 
reg__599: 
muxpart__523: 
muxpart__552: 
reg__22: 
reg__11: 
muxpart__212: 
muxpart__18: 
muxpart__545: 
muxpart__332: 
reg__579: 
logic__936: 
logic__887: 
logic__732: 
muxpart__90: 
muxpart__442: 
muxpart__388: 
logic__1929: 
logic__1583: 
logic__376: 
logic__105: 
muxpart__239: 
reg__689: 
reg__48: 
logic__339: 
logic__1112: 
logic__295: 
muxpart__503: 
logic__198: 
reg__403: 
logic__322: 
reg__235: 
logic__786: 
logic__1930: 
muxpart__721: 
muxpart__353: 
logic__375: 
muxpart__594: 
reg__77: 
reg__633: 
reg__571: 
logic__1486: 
logic__1998: 
logic__1864: 
logic__1202: 
muxpart__452: 
muxpart__356: 
reg__513: 
logic__1861: 
reg__285: 
reg__691: 
reg__540: 
logic__1454: 
reg__505: 
reg__261: 
logic__746: 
muxpart__407: 
logic__1259: 
muxpart__638: 
logic__291: 
reg__148: 
logic__324: 
muxpart__591: 
logic__2180: 
logic__1598: 
muxpart__240: 
reg__605: 
muxpart__435: 
muxpart__1: 
logic__1050: 
muxpart__220: 
logic__75: 
logic__1199: 
reg__213: 
logic__1260: 
muxpart__354: 
logic__1876: 
reg__575: 
logic__468: 
logic__2181: 
reg__56: 
logic__45: 
logic__1154: 
logic__1241: 
logic__2178: 
logic__2143: 
muxpart__557: 
muxpart__543: 
muxpart__410: 
logic__471: 
logic__831: 
reg__428: 
logic__731: 
logic__195: 
logic__1095: 
logic__636: 
logic__2175: 
logic__46: 
logic__1263: 
muxpart__259: 
reg__441: 
logic__64: 
reg__228: 
logic__613: 
logic__1358: 
muxpart__401: 
muxpart__147: 
muxpart__408: 
muxpart__13: 
logic__1661: 
logic__1537: 
logic__951: 
reg__66: 
reg__91: 
logic__1753: 
logic__76: 
logic__535: 
muxpart__315: 
logic__420: 
logic__472: 
reg__559: 
reg__424: 
logic__1431: 
logic__819: 
reg__173: 
logic__22: 
logic__145: 
reg__167: 
logic__2161: 
muxpart__681: 
muxpart__172: 
logic__1477: 
reg__70: 
logic__91: 
logic__421: 
reg__692: 
muxpart__479: 
logic__220: 
reg__358: 
logic__1875: 
logic__680: 
logic__144: 
logic__1709: 
logic__705: 
logic__1681: 
reg__416: 
muxpart__703: 
logic__540: 
reg__104: 
logic__534: 
reg__384: 
logic__351: 
logic__1403: 
reg__52: 
reg__454: 
logic__219: 
logic__981: 
reg__174: 
logic__1744: 
muxpart__539: 
muxpart__383: 
muxpart__15: 
logic__1787: 
logic__1543: 
logic__589: 
logic__235: 
logic__28: 
muxpart__405: 
muxpart__274: 
logic__2100: 
logic__2007: 
logic__1604: 
logic__1256: 
logic__1591: 
reg__311: 
logic__1909: 
muxpart__66: 
reg__271: 
reg__32: 
reg__680: 
reg__379: 
muxpart__577: 
logic__349: 
reg__165: 
muxpart__209: 
muxpart__135: 
logic__1011: 
logic__292: 
logic__980: 
muxpart__451: 
logic__1430: 
logic__1019: 
logic__1606: 
logic__39: 
logic__2173: 
logic__1908: 
logic__692: 
reg__280: 
logic__390: 
logic__1519: 
logic__860: 
logic__541: 
muxpart__540: 
muxpart__384: 
logic__1724: 
logic__2151: 
reg__95: 
muxpart__571: 
muxpart__663: 
reg__560: 
logic__1020: 
logic__588: 
muxpart__444: 
logic__1520: 
logic__2154: 
logic__855: 
reg__562: 
muxpart__84: 
muxpart__213: 
reg__103: 
reg__274: 
reg__154: 
muxpart__148: 
logic__513: 
logic__1657: 
muxpart__367: 
muxpart__517: 
reg__620: 
logic__574: 
logic__1585: 
muxpart__421: 
muxpart__370: 
reg__368: 
logic__2099: 
muxpart__579: 
logic__571: 
logic__1480: 
logic__514: 
muxpart__428: 
logic__1603: 
logic__25: 
reg__236: 
muxpart__219: 
reg__273: 
muxpart__89: 
logic__1592: 
muxpart__322: 
reg__185: 
reg__142: 
reg__673: 
muxpart__59: 
reg__399: 
logic__1843: 
logic__1799: 
muxpart__691: 
logic__1562: 
muxpart__55: 
logic__1376: 
muxpart__559: 
logic__1705: 
reg__674: 
logic__552: 
logic__259: 
reg__12: 
logic__573: 
reg__730: 
logic__1842: 
logic__1017: 
muxpart__191: 
logic__51: 
logic__330: 
reg__290: 
logic__1481: 
logic__1888: 
muxpart__424: 
logic__1166: 
reg__528: 
reg__542: 
reg__490: 
logic__348: 
reg__525: 
muxpart__633: 
muxpart__394: 
logic__1377: 
reg__98: 
muxpart__265: 
logic__1706: 
muxpart__57: 
logic__1682: 
logic__192: 
reg__115: 
muxpart__605: 
logic__1016: 
logic__1214: 
logic__331: 
logic__1314: 
reg__2: 
reg__642: 
reg__634: 
muxpart__454: 
logic__81: 
muxpart__728: 
logic__1618: 
logic__942: 
reg__353: 
logic__1660: 
logic__2160: 
muxpart__680: 
logic__1873: 
muxpart__689: 
muxpart__47: 
muxpart__94: 
muxpart__390: 
reg__265: 
muxpart__501: 
muxpart__560: 
logic__1541: 
logic__861: 
reg__573: 
muxpart__103: 
reg__652: 
logic__1178: 
muxpart__403: 
logic__1936: 
muxpart__607: 
logic__124: 
logic__2150: 
muxpart__73: 
reg__473: 
reg__150: 
logic__738: 
muxpart__207: 
muxpart__358: 
reg__641: 
muxpart__236: 
reg__160: 
reg__492: 
logic__1747: 
reg__44: 
logic__1382: 
reg__201: 
logic__921: 
reg__718: 
logic__1978: 
muxpart__301: 
logic__1811: 
reg__430: 
logic__737: 
muxpart__485: 
reg__221: 
reg__712: 
logic__82: 
muxpart__97: 
reg__266: 
reg__204: 
logic__1748: 
muxpart__385: 
muxpart__142: 
logic__1383: 
logic__1311: 
reg__586: 
muxpart__441: 
reg__400: 
logic__1445: 
logic__1831: 
reg__604: 
logic__24: 
logic__480: 
reg__628: 
muxpart__620: 
reg__520: 
logic__755: 
logic__1965: 
logic__559: 
muxpart__368: 
reg__108: 
logic__674: 
logic__2129: 
reg__658: 
reg__649: 
logic__1410: 
muxpart__204: 
reg__726: 
muxpart__399: 
muxpart__718: 
muxpart__692: 
logic__1026: 
muxpart__115: 
muxpart__306: 
logic__106: 
logic__547: 
muxpart__85: 
muxpart__104: 
reg__101: 
logic__1444: 
logic__69: 
muxpart__429: 
logic__1343: 
logic__315: 
reg__80: 
reg__107: 
reg__94: 
muxpart__311: 
logic__1278: 
muxpart__673: 
logic__1751: 
logic__1499: 
reg__306: 
logic__1400: 
logic__136: 
muxpart__167: 
muxpart__280: 
logic__1540: 
logic__1966: 
logic__70: 
muxpart__28: 
logic__126: 
muxpart__652: 
logic__1413: 
reg__622: 
logic__1696: 
logic__1308: 
muxpart__271: 
reg__231: 
logic__1436: 
logic__2096: 
reg__644: 
logic__756: 
muxpart__562: 
logic__1401: 
muxpart__154: 
muxpart__266: 
logic__818: 
muxpart__561: 
muxpart__490: 
logic__1977: 
muxpart__400: 
muxpart__473: 
muxpart__573: 
logic__999: 
logic__714: 
muxpart__736: 
logic__33: 
logic__1344: 
logic__1298: 
reg__362: 
logic__1266: 
logic__869: 
muxpart__235: 
logic__591: 
muxpart__379: 
muxpart__542: 
logic__409: 
logic__289: 
logic__863: 
muxpart__101: 
muxpart__634: 
reg__312: 
logic__798: 
reg__496: 
reg__719: 
muxpart__76: 
logic__1498: 
reg__59: 
reg__7: 
logic__1582: 
logic__780: 
logic__1247: 
logic__864: 
muxpart__430: 
logic__1798: 
muxpart__221: 
logic__288: 
logic__1265: 
muxpart__321: 
muxpart__658: 
reg__295: 
logic__693: 
reg__554: 
logic__645: 
logic__378: 
logic__1182: 
logic__354: 
muxpart__586: 
reg__370: 
reg__73: 
logic__1810: 
reg__178: 
reg__157: 
reg__296: 
muxpart__674: 
logic__1307: 
logic__914: 
logic__1750: 
logic__891: 
logic__595: 
logic__1960: 
logic__713: 
reg__417: 
muxpart__82: 
reg__41: 
logic__490: 
logic__1837: 
muxpart__520: 
logic__950: 
logic__334: 
logic__2104: 
muxpart__150: 
muxpart__228: 
reg__409: 
reg__277: 
logic__797: 
logic__55: 
muxpart__641: 
reg__626: 
muxpart__505: 
logic__1181: 
logic__1633: 
muxpart__62: 
logic__576: 
logic__1130: 
logic__1463: 
logic__1954: 
reg__140: 
logic__127: 
reg__293: 
muxpart__642: 
logic__432: 
logic__2113: 
logic__2043: 
muxpart__528: 
muxpart__201: 
logic__1037: 
logic__779: 
logic__1022: 
logic__48: 
muxpart__98: 
reg__225: 
reg__196: 
muxpart__208: 
logic__2103: 
logic__355: 
logic__1816: 
logic__34: 
muxpart__312: 
logic__1699: 
muxpart__628: 
logic__181: 
logic__966: 
reg__666: 
logic__1625: 
reg__546: 
logic__1092: 
logic__333: 
muxpart__362: 
reg__419: 
muxpart__492: 
reg__470: 
reg__340: 
reg__420: 
logic__761: 
logic__78: 
reg__565: 
logic__408: 
reg__489: 
reg__494: 
logic__1834: 
reg__281: 
reg__232: 
muxpart__351: 
reg__180: 
logic__112: 
logic__1742: 
logic__1299: 
logic__1999: 
muxpart__730: 
reg__327: 
reg__535: 
muxpart__622: 
muxpart__107: 
logic__496: 
reg__637: 
logic__1830: 
reg__307: 
reg__21: 
logic__631: 
reg__190: 
reg__250: 
logic__1262: 
logic__49: 
logic__1700: 
logic__2060: 
logic__1703: 
reg__161: 
muxpart__39: 
muxpart__325: 
logic__1573: 
logic__180: 
muxpart__644: 
muxpart__513: 
reg__339: 
logic__1310: 
reg__116: 
logic__2024: 
reg__602: 
reg__482: 
muxpart__157: 
logic__2107: 
reg__149: 
reg__630: 
logic__1080: 
reg__130: 
logic__2157: 
logic__1867: 
reg__262: 
logic__1040: 
muxpart__71: 
logic__1627: 
muxpart__113: 
logic__2131: 
logic__2091: 
logic__169: 
logic__1407: 
muxpart__30: 
muxpart__352: 
logic__1133: 
muxpart__108: 
logic__492: 
reg__84: 
logic__370: 
logic__1833: 
muxpart__295: 
reg__672: 
logic__965: 
muxpart__723: 
logic__183: 
logic__1091: 
reg__603: 
logic__962: 
logic__2025: 
reg__438: 
logic__854: 
logic__1211: 
logic__526: 
reg__30: 
logic__369: 
logic__1672: 
reg__531: 
logic__1041: 
muxpart__242: 
muxpart__35: 
reg__615: 
muxpart__25: 
logic__1406: 
logic__1251: 
reg__723: 
logic__1347: 
logic__1459: 
reg__474: 
logic__1741: 
muxpart__419: 
logic__307: 
logic__438: 
muxpart__649: 
reg__536: 
logic__2158: 
logic__1866: 
reg__45: 
logic__232: 
muxpart__712: 
reg__507: 
logic__153: 
logic__866: 
logic__672: 
muxpart__496: 
muxpart__437: 
logic__2116: 
reg__459: 
logic__1287: 
logic__493: 
muxpart__373: 
reg: 
logic__1504: 
logic__1667: 
muxpart__546: 
logic__168: 
logic__1739: 
muxpart__493: 
reg__735: 
logic__412: 
logic__956: 
logic__381: 
logic__505: 
logic__1564: 
logic__646: 
logic__612: 
logic__762: 
logic__1116: 
logic__1738: 
logic__154: 
logic__1346: 
logic__675: 
logic__1212: 
logic__525: 
reg__14: 
logic__2117: 
logic__402: 
reg__671: 
logic__150: 
reg__460: 
muxpart__129: 
logic__1505: 
logic__489: 
logic__1532: 
logic__132: 
logic__1986: 
logic__1666: 
reg__288: 
logic__657: 
muxpart__140: 
reg__241: 
logic__1783: 
logic__1769: 
logic__681: 
reg__734: 
reg__75: 
logic__816: 
logic__1855: 
muxpart__196: 
reg__725: 
muxpart__78: 
muxpart__48: 
muxpart__572: 
muxpart__710: 
logic__27: 
logic__1702: 
reg__35: 
ram_dist: 
muxpart__285: 
reg__696: 
logic__2081: 
logic__1784: 
muxpart__590: 
reg__137: 
logic__1851: 
logic__1338: 
logic__1218: 
reg__501: 
reg__583: 
muxpart__637: 
logic__1531: 
logic__941: 
muxpart__307: 
logic__2134: 
logic__12: 
reg__64: 
muxpart__645: 
logic__1124: 
logic__1547: 
muxpart__296: 
reg__244: 
logic__1064: 
muxpart__535: 
reg__462: 
logic__306: 
muxpart__232: 
reg__89: 
logic__963: 
logic__1854: 
muxpart__340: 
logic__2186: 
logic__1349: 
muxpart__554: 
muxpart__86: 
reg__591: 
logic__821: 
logic__13: 
logic__923: 
logic__668: 
reg__186: 
reg__257: 
logic__1385: 
logic__435: 
logic__1651: 
muxpart__626: 
logic__815: 
logic__382: 
muxpart__672: 
logic__133: 
logic__202: 
logic__1326: 
logic__2135: 
reg__663: 
muxpart__250: 
logic__867: 
logic__225: 
reg__493: 
logic__1652: 
reg__592: 
logic__474: 
logic__439: 
reg__461: 
reg__662: 
logic__1631: 
reg__252: 
muxpart__180: 
muxpart__178: 
reg__18: 
logic__1125: 
logic__1187: 
logic__1546: 
muxpart__409: 
logic__837: 
muxpart__494: 
logic__1723: 
logic__1371: 
reg__426: 
reg__553: 
logic__1350: 
reg__28: 
reg__500: 
logic__1571: 
logic__1115: 
logic__1146: 
logic__226: 
muxpart__438: 
reg__68: 
logic__1397: 
logic__1526: 
muxpart__630: 
logic__957: 
logic__453: 
logic__1140: 
muxpart__262: 
logic__2002: 
logic__1628: 
logic__108: 
reg__182: 
logic__1613: 
logic__1462: 
logic__1425: 
logic__1959: 
logic__836: 
muxpart__459: 
logic__231: 
logic__504: 
muxpart__420: 
muxpart__130: 
logic__454: 
reg__572: 
logic__201: 
reg__118: 
logic__109: 
logic__2090: 
logic__1511: 
reg__287: 
reg__467: 
reg__341: 
logic__1065: 
muxpart__45: 
muxpart__327: 
muxpart__317: 
reg__517: 
muxpart__531: 
logic__1775: 
logic__123: 
logic__1097: 
logic__1139: 
logic__570: 
logic__1302: 
logic__1510: 
logic__2108: 
logic__1109: 
logic__1424: 
logic__1839: 
logic__163: 
logic__1205: 
reg__325: 
reg__237: 
logic__1658: 
reg__269: 
logic__744: 
logic__1188: 
muxpart__215: 
reg__342: 
logic__403: 
logic__1732: 
muxpart__137: 
logic__1544: 
logic__1893: 
muxpart__231: 
logic__2110: 
muxpart__662: 
logic__2031: 
logic__1534: 
reg__233: 
logic__316: 
logic__1570: 
logic__924: 
logic__1301: 
muxpart__116: 
logic__845: 
logic__1817: 
reg__422: 
muxpart__8: 
logic__969: 
muxpart__7: 
logic__384: 
reg__584: 
logic__1143: 
logic__908: 
muxpart__478: 
logic__499: 
logic__460: 
logic__1733: 
logic__989: 
muxpart__365: 
logic__968: 
muxpart__536: 
reg__436: 
logic__2058: 
logic__1535: 
reg__198: 
reg__694: 
reg__704: 
reg__33: 
logic__1840: 
logic__345: 
logic__483: 
logic__1574: 
logic__1098: 
muxpart__507: 
logic__2057: 
muxpart__186: 
muxpart__376: 
logic__1586: 
logic__1332: 
reg__215: 
reg__405: 
logic__1286: 
reg__282: 
muxpart__461: 
muxpart__615: 
muxpart__339: 
reg__714: 
reg__111: 
logic__1950: 
logic__282: 
muxpart__69: 
logic__175: 
muxpart__244: 
muxpart__732: 
muxpart__670: 
logic__72: 
logic__2111: 
logic__385: 
reg__136: 
muxpart__288: 
muxpart__489: 
muxpart__287: 
logic__2067: 
logic__909: 
logic__274: 
logic__1328: 
muxpart__460: 
logic__1079: 
muxpart__725: 
logic__1094: 
reg__682: 
logic__2078: 
reg__351: 
logic__710: 
muxpart__549: 
logic__487: 
muxpart__305: 
logic__1465: 
reg__246: 
muxpart__27: 
logic__162: 
logic__139: 
muxpart__138: 
logic__73: 
logic__1673: 
muxpart__583: 
logic__1989: 
logic__2155: 
reg__386: 
logic__1789: 
logic__1951: 
muxpart__227: 
logic__959: 
reg__254: 
logic__1805: 
reg__364: 
logic__767: 
reg__87: 
reg__567: 
reg__334: 
muxpart__342: 
reg__51: 
logic__1076: 
muxpart__426: 
logic__273: 
reg__729: 
logic__607: 
logic__1206: 
logic__960: 
logic__1804: 
reg__113: 
muxpart__252: 
logic__1790: 
logic__1552: 
logic__268: 
logic__1495: 
reg__544: 
logic__1442: 
reg__373: 
logic__477: 
muxpart__105: 
reg__612: 
logic__156: 
logic__138: 
logic__1329: 
reg__646: 
logic__930: 
reg__301: 
logic__702: 
logic__1380: 
logic__2082: 
muxpart__482: 
muxpart__694: 
muxpart__467: 
logic__1233: 
muxpart__243: 
logic__1254: 
logic__809: 
reg__522: 
muxpart__182: 
reg__676: 
muxpart__160: 
reg__611: 
logic__18: 
logic__1993: 
logic__522: 
reg__210: 
reg__216: 
logic__1232: 
logic__498: 
reg__590: 
logic__1948: 
logic__1361: 
reg__721: 
logic__19: 
logic__1720: 
muxpart__500: 
muxpart__448: 
muxpart__584: 
logic__929: 
logic__701: 
logic__1553: 
reg__580: 
muxpart__575: 
logic__565: 
muxpart__704: 
muxpart__23: 
logic__255: 
reg__123: 
logic__992: 
logic__2147: 
logic__2036: 
logic__1992: 
logic__486: 
logic__1194: 
muxpart__475: 
logic__686: 
logic__204: 
muxpart__468: 
logic__2184: 
logic__157: 
reg__502: 
muxpart__436: 
logic__974: 
muxpart__629: 
reg__623: 
reg__347: 
logic__2146: 
reg__556: 
logic__2172: 
reg__434: 
logic__768: 
logic__1185: 
logic__1538: 
logic__971: 
logic__667: 
reg__568: 
logic__2191: 
muxpart__682: 
reg__78: 
logic__114: 
logic__1721: 
logic__1577: 
logic__810: 
logic__301: 
reg__516: 
reg__175: 
reg__314: 
logic__1172: 
logic__462: 
reg__146: 
logic__1990: 
muxpart__81: 
logic__15: 
logic__1471: 
muxpart__198: 
reg__469: 
reg__372: 
logic__658: 
logic__2185: 
muxpart__206: 
logic__1184: 
reg__404: 
muxpart__422: 
reg__57: 
muxpart__646: 
logic__423: 
logic__1055: 
muxpart__118: 
reg__92: 
muxpart__386: 
logic__1466: 
logic__450: 
reg__227: 
logic__2072: 
reg__421: 
reg__509: 
reg__164: 
logic__993: 
reg__619: 
logic__1253: 
reg__163: 
reg__511: 
muxpart__133: 
muxpart__282: 
logic__734: 
reg__693: 
logic__9: 
muxpart__16: 
muxpart__246: 
logic__205: 
logic__1818: 
reg__337: 
logic__1496: 
muxpart__698: 
logic__1899: 
reg__688: 
muxpart__654: 
logic__115: 
reg__133: 
reg__67: 
logic__54: 
reg__1: 
muxpart__714: 
logic__300: 
logic__1007: 
reg__375: 
reg__701: 
logic__1131: 
logic__1173: 
logic__801: 
logic__361: 
logic__890: 
reg__206: 
logic__1942: 
logic__1956: 
muxpart__529: 
reg__238: 
reg__371: 
logic__1777: 
muxpart__567: 
muxpart__334: 
muxpart__257: 
reg__406: 
logic__800: 
muxpart__281: 
muxpart__729: 
muxpart__613: 
logic__624: 
reg__713: 
logic__723: 
muxpart__136: 
reg__308: 
reg__711: 
logic__319: 
muxpart__197: 
logic__1364: 
logic__1335: 
logic__2196: 
reg__355: 
reg__134: 
reg__551: 
logic__478: 
logic__972: 
reg__477: 
reg__708: 
logic__2010: 
reg__664: 
reg__127: 
reg__71: 
reg__450: 
logic__360: 
muxpart__611: 
reg__366: 
logic__2088: 
logic__843: 
muxpart__210: 
muxpart__111: 
logic__1365: 
logic__1453: 
logic__2195: 
reg__515: 
reg__168: 
reg__96: 
muxpart__60: 
logic__1594: 
reg__348: 
muxpart__676: 
reg__382: 
reg__595: 
logic__743: 
logic__2048: 
reg__396: 
muxpart__21: 
logic__279: 
logic__1334: 
muxpart__671: 
reg__613: 
muxpart__623: 
reg__23: 
logic__2087: 
muxpart__393: 
logic__1595: 
reg__449: 
logic__415: 
logic__529: 
logic__1957: 
muxpart__469: 
logic__1158: 
reg__538: 
muxpart__580: 
muxpart__229: 
muxpart__735: 
reg__272: 
reg__207: 
muxpart__347: 
logic__519: 
muxpart__364: 
logic__722: 
muxpart__42: 
logic__984: 
logic__1778: 
reg__614: 
logic__1224: 
logic__1846: 
reg__6: 
logic__842: 
logic__1687: 
reg__504: 
muxpart__56: 
logic__37: 
reg__260: 
logic__318: 
muxpart__175: 
logic__1289: 
muxpart__509: 
reg__578: 
muxpart__612: 
muxpart__225: 
logic__2193: 
muxpart__502: 
logic__2005: 
logic__1863: 
muxpart__254: 
logic__1597: 
reg__678: 
logic__211: 
reg__488: 
muxpart__693: 
muxpart__238: 
muxpart__606: 
muxpart__159: 
reg__319: 
reg__242: 
muxpart__568: 
logic__1394: 
logic__637: 
muxpart__163: 
logic__1897: 
logic__429: 
muxpart__511: 
reg__151: 
logic__1971: 
logic__1845: 
reg__208: 
logic__1239: 
logic__1088: 
muxpart__406: 
logic__1077: 
muxpart__233: 
logic__2022: 
reg__5: 
logic__430: 
logic__2138: 
muxpart__556: 
logic__2123: 
reg__524: 
logic__1688: 
logic__210: 
logic__36: 
logic__297: 
logic__983: 
logic__1918: 
logic__280: 
muxpart__404: 
logic__1852: 
muxpart__329: 
muxpart__237: 
logic__2021: 
reg__670: 
reg__380: 
muxpart: 
reg__402: 
muxpart__522: 
reg__234: 
reg__512: 
muxpart__713: 
logic__876: 
reg__345: 
logic__915: 
logic__857: 
logic__1023: 
logic__851: 
logic__1933: 
logic__465: 
logic__88: 
logic__649: 
reg__537: 
logic__1911: 
logic__806: 
muxpart__41: 
muxpart__544: 
muxpart__5: 
logic__63: 
logic__2122: 
logic__1: 
logic__580: 
muxpart__11: 
reg__166: 
muxpart__123: 
muxpart__515: 
logic__1379: 
reg__82: 
reg__705: 
logic__1944: 
logic__643: 
logic__543: 
reg__668: 
logic__87: 
logic__1238: 
muxpart__434: 
reg__43: 
reg__177: 
reg__19: 
logic__1337: 
muxpart__701: 
reg__487: 
reg__303: 
logic__1903: 
muxpart__164: 
logic__726: 
logic__1415: 
logic__1395: 
reg__128: 
logic__400: 
logic__267: 
muxpart__608: 
reg__99: 
muxpart__595: 
muxpart__371: 
logic__85: 
logic__852: 
logic__1926: 
logic__481: 
logic__249: 
reg__645: 
reg__320: 
muxpart__44: 
logic__1984: 
muxpart__33: 
logic__579: 
logic__875: 
logic__298: 
logic__978: 
logic__466: 
muxpart__272: 
logic__1059: 
logic__2004: 
logic__1945: 
logic__1711: 
reg__518: 
logic__896: 
muxpart__181: 
reg__651: 
logic__1292: 
muxpart__516: 
logic__977: 
logic__803: 
muxpart__314: 
muxpart__551: 
logic__1295: 
muxpart__319: 
logic__807: 
logic__484: 
muxpart__708: 
reg__357: 
reg__558: 
logic__1071: 
logic__2073: 
logic__190: 
muxpart__512: 
muxpart__686: 
muxpart__524: 
reg__305: 
logic__897: 
logic__1561: 
reg__229: 
logic__84: 
logic__1293: 
reg__690: 
logic__1902: 
muxpart__696: 
muxpart__146: 
muxpart__477: 
logic__938: 
logic__1368: 
logic__1974: 
muxpart__619: 
muxpart__168: 
muxpart__450: 
muxpart__639: 
reg__463: 
logic__1640: 
logic__189: 
muxpart__504: 
muxpart__141: 
muxpart__396: 
reg__102: 
reg__443: 
logic__792: 
logic__1367: 
logic__1975: 
reg__202: 
logic__57: 
reg__585: 
muxpart__380: 
logic__364: 
muxpart__449: 
logic__2163: 
muxpart__348: 
logic__1760: 
logic__60: 
muxpart__372: 
muxpart__260: 
reg__378: 
muxpart__382: 
muxpart__734: 
logic__2052: 
reg__471: 
logic__939: 
reg__360: 
logic__250: 
logic__1601: 
muxpart__366: 
logic__2013: 
muxpart__128: 
reg__310: 
logic__42: 
logic__690: 
reg__597: 
reg__81: 
muxpart__538: 
logic__10: 
logic__625: 
muxpart__614: 
logic__216: 
reg__333: 
muxpart__664: 
logic__1179: 
muxpart__277: 
logic__1759: 
reg__270: 
logic__528: 
reg__549: 
muxpart__58: 
muxpart__75: 
logic__1451: 
logic__1322: 
logic__804: 
reg__499: 
logic__2001: 
muxpart__134: 
logic__1118: 
muxpart__151: 
logic__2137: 
reg__667: 
muxpart__604: 
logic__1319: 
logic__43: 
muxpart__678: 
logic__1472: 
logic__689: 
muxpart__308: 
muxpart__341: 
muxpart__375: 
muxpart__481: 
reg__415: 
logic__1389: 
logic__217: 
reg__224: 
logic__1588: 
logic__346: 
reg__398: 
logic__555: 
muxpart__293: 
muxpart__109: 
muxpart__487: 
logic__2051: 
reg__650: 
muxpart__357: 
muxpart__218: 
logic__393: 
reg__526: 
reg__665: 
logic__2102: 
muxpart__621: 
logic__753: 
reg__109: 
muxpart__488: 
logic__858: 
reg__62: 
logic__1014: 
logic__1412: 
reg__545: 
reg__365: 
reg__324: 
muxpart__498: 
muxpart__320: 
logic__789: 
reg__289: 
logic__583: 
logic__752: 
reg__707: 
reg__218: 
reg__411: 
reg__223: 
logic__1049: 
reg__60: 
logic__1034: 
logic__603: 
muxpart__24: 
muxpart__402: 
reg__720: 
muxpart__705: 
logic__1935: 
logic__728: 
reg__49: 
reg__192: 
reg__621: 
reg__256: 
reg__395: 
reg__476: 
muxpart__224: 
muxpart__114: 
muxpart__558: 
logic__788: 
logic__1589: 
logic__2085: 
muxpart__192: 
logic__556: 
reg__596: 
logic__1013: 
muxpart__690: 
muxpart__581: 
logic__1828: 
muxpart__537: 
reg__331: 
logic__1708: 
logic__2049: 
logic__2152: 
logic__582: 
reg__593: 
logic__1089: 
muxpart__54: 
logic__1296: 
muxpart__333: 
muxpart__578: 
logic__1493: 
muxpart__202: 
logic__917: 
reg__498: 
muxpart__463: 
reg__39: 
logic__735: 
reg__8: 
muxpart__597: 
logic__459: 
logic__2009: 
muxpart__651: 
muxpart__303: 
reg__74: 
muxpart__369: 
logic__2097: 
logic__1879: 
logic__1176: 
muxpart__9: 
logic__882: 
logic__336: 
logic__61: 
muxpart__345: 
logic__193: 
reg__50: 
logic__94: 
logic__537: 
logic__558: 
muxpart__166: 
