Copyright 1986-2018 Xilinx, Inc. All Rights Reserved.
-----------------------------------------------------------------------------------------------
| Tool Version : Vivado v.2018.3 (lin64) Build 2405991 Thu Dec  6 23:36:41 MST 2018
| Date         : Fri Dec  6 17:59:42 2019
| Host         : GCS running 64-bit Ubuntu 18.04.3 LTS
| Command      : report_timing -file /home/gsaied/Desktop/verilog_rtl/fire9/squeeze/timing.rpt
| Design       : fire9_squeeze_1
| Device       : 7vx690t-ffg1157
| Speed File   : -3  PRODUCTION 1.11 2014-09-11
-----------------------------------------------------------------------------------------------

Timing Report

Slack:                    inf
  Source:                 fire9_squeeze_1_end_reg/C
                            (rising edge-triggered cell FDCE)
  Destination:            fire9_squeeze_1_end
                            (output port)
  Path Group:             (none)
  Path Type:              Max at Slow Process Corner
  Data Path Delay:        2.534ns  (logic 2.099ns (82.855%)  route 0.434ns (17.145%))
  Logic Levels:           2  (FDCE=1 OBUF=1)

    Location             Delay type                Incr(ns)  Path(ns)    Netlist Resource(s)
  -------------------------------------------------------------------    -------------------
                         FDCE                         0.000     0.000 r  fire9_squeeze_1_end_reg/C
                         FDCE (Prop_fdce_C_Q)         0.226     0.226 r  fire9_squeeze_1_end_reg/Q
                         net (fo=116, unplaced)       0.434     0.660    fire9_squeeze_1_end_OBUF
                         OBUF (Prop_obuf_I_O)         1.873     2.534 r  fire9_squeeze_1_end_OBUF_inst/O
                         net (fo=0)                   0.000     2.534    fire9_squeeze_1_end
                                                                      r  fire9_squeeze_1_end (OUT)
  -------------------------------------------------------------------    -------------------




