datapath__10: 
datapath__69: 
reg__30: 
reg__51: 
logic__44: 
rom__44: 
reg__100: 
datapath__60: 
case__3: 
reg__101: 
datapath__43: 
datapath__26: 
rom__57: 
datapath__9: 
datapath__59: 
reg__80: 
rom__63: 
reg__8: 
datapath__42: 
logic__59: 
reg__11: 
datapath__25: 
reg__128: 
reg__64: 
logic__75: 
rom__46: 
reg__93: 
reg__68: 
datapath__8: 
reg__29: 
reg__90: 
datapath__58: 
reg__120: 
rom__60: 
logic: 
datapath__41: 
datapath__24: 
rom__25: 
datapath__48: 
datapath__7: 
reg__112: 
rom__51: 
rom__6: 
logic__12: 
rom__11: 
reg__106: 
datapath__57: 
rom__49: 
datapath__40: 
reg__7: 
reg: 
datapath__23: 
case__2: 
rom__7: 
datapath__6: 
reg__46: 
rom__29: 
reg__83: 
reg__28: 
reg__136: 
rom__14: 
datapath__56: 
datapath__2: 
datapath__39: 
reg__96: 
reg__133: 
datapath__22: 
rom__54: 
datapath__5: 
reg__72: 
logic__27: 
reg__125: 
datapath__55: 
datapath__50: 
datapath__38: 
reg__75: 
reg__6: 
datapath__21: 
rom__32: 
reg__9: 
reg__117: 
datapath__4: 
biasing_rom: 
reg__63: 
reg__45: 
reg__24: 
logic__28: 
reg__27: 
img_rom: 
rom__36: 
datapath__54: 
rom__17: 
logic__41: 
datapath__37: 
case: 
logic__24: 
reg__85: 
datapath__20: 
reg__103: 
rom__40: 
datapath__3: 
datapath__35: 
logic__61: 
muxpart__3: 
logic__57: 
datapath__53: 
reg__99: 
logic__40: 
datapath__36: 
logic__23: 
datapath__19: 
reg__10: 
datapath__1: 
reg__69: 
rom__39: 
datapath__68: 
reg__62: 
rom__20: 
logic__73: 
muxpart__1: 
reg__23: 
reg__44: 
logic__56: 
reg__130: 
reg__5: 
datapath__52: 
logic__39: 
reg__78: 
rom__43: 
logic__22: 
counter: 
reg__122: 
logic__72: 
counter__2: 
rom__56: 
rom__9: 
logic__55: 
reg__88: 
logic__38: 
reg__114: 
logic__21: 
rom__4: 
reg__108: 
rom__62: 
logic__71: 
reg__61: 
reg__40: 
rom__45: 
reg__22: 
logic__54: 
reg__43: 
logic__37: 
extrom: 
logic__20: 
datapath__34: 
rom__59: 
reg__91: 
logic__25: 
logic__70: 
rom__24: 
reg__4: 
reg__81: 
logic__53: 
logic__36: 
reg__3: 
logic__9: 
logic__19: 
reg__94: 
reg__127: 
rom__48: 
rom_array_layer_1: 
logic__69: 
rom__8: 
reg__70: 
case__4: 
rom__13: 
reg__39: 
reg__60: 
logic__52: 
reg__21: 
rom__28: 
logic__58: 
reg__119: 
logic__35: 
logic__18: 
logic__4: 
reg__73: 
rom__27: 
datapath: 
reg__111: 
logic__68: 
rom__53: 
logic__26: 
logic__42: 
logic__51: 
reg__105: 
logic__34: 
logic__17: 
rom__15: 
reg__84: 
logic__67: 
rom__31: 
reg__56: 
reg__134: 
reg__38: 
logic__50: 
reg__97: 
logic__33: 
rom__35: 
logic__16: 
muxpart__2: 
reg__132: 
logic__66: 
logic__49: 
reg__124: 
reg__76: 
logic__32: 
datapath__67: 
logic__15: 
datapath__17: 
datapath__71: 
reg__116: 
logic__65: 
reg__1: 
reg__55: 
logic__48: 
rom__38: 
reg__59: 
reg__16: 
reg__37: 
rom__19: 
reg__86: 
reg__20: 
logic__31: 
logic__14: 
logic__8: 
reg__18: 
rom__42: 
datapath__18: 
reg__102: 
logic__64: 
logic__47: 
logic__43: 
logic__30: 
logic__13: 
datapath__65: 
conv1: 
rom__2: 
rom__22: 
logic__63: 
reg__2: 
reg__79: 
logic__46: 
muxpart: 
reg__54: 
reg__129: 
reg__15: 
logic__29: 
dsp48e1: 
datapath__32: 
reg__19: 
datapath__64: 
reg__92: 
reg__121: 
reg__17: 
case__5: 
muxpart__4: 
logic__62: 
rom__58: 
reg__89: 
rom__5: 
rom__23: 
reg__113: 
reg__107: 
rom__1: 
rom__47: 
reg__32: 
reg__67: 
rom__10: 
reg__36: 
datapath__33: 
rom__61: 
reg__82: 
logic__6: 
rom__26: 
counter__1: 
rom__52: 
reg__95: 
logic__74: 
datapath__15: 
reg__71: 
rom__50: 
reg__126: 
datapath__31: 
reg__34: 
reg__50: 
rom__30: 
reg__31: 
reg__66: 
reg__53: 
reg__118: 
rom: 
reg__74: 
datapath__14: 
reg__35: 
mac: 
reg__14: 
rom__34: 
reg__135: 
datapath__66: 
datapath__51: 
reg__110: 
rom__55: 
rom__3: 
datapath__47: 
counter__3: 
reg__26: 
datapath__30: 
reg__42: 
reg__104: 
reg__58: 
datapath__13: 
case__1: 
datapath__16: 
datapath__63: 
rom__33: 
datapath__46: 
reg__98: 
datapath__29: 
reg__48: 
reg__33: 
logic__60: 
reg__49: 
reg__52: 
datapath__12: 
rom__37: 
rom__12: 
rom__18: 
reg__13: 
reg__131: 
datapath__62: 
datapath__49: 
datapath__45: 
rom__41: 
reg__77: 
datapath__28: 
reg__25: 
reg__123: 
rom__16: 
reg__41: 
logic__45: 
reg__57: 
datapath__11: 
datapath__70: 
case__6: 
datapath__61: 
reg__115: 
logic__84: 
datapath__44: 
reg__87: 
reg__12: 
rom__21: 
datapath__27: 
reg__65: 
reg__109: 
reg__47: 
