datapath__9: datapath__9
muxpart__5: muxpart__5
logic__56: logic__56
mac__2: mac
datapath__44: datapath__44
logic__176: logic
logic__114: logic__114
datapath__52: datapath__52
reg__209: reg__209
datapath__56: datapath__56
reg__98: reg__98
datapath__27: datapath__27
logic__209: logic
reg__244: reg__244
muxpart__115: muxpart__115
muxpart__121: muxpart__121
datapath__80: datapath__80
mac__71: mac
logic__242: logic
reg__71: reg__71
logic__218: logic
reg__178: reg__178
reg__90: reg__90
reg__60: reg__60
logic__58: logic__58
datapath__19: datapath__19
muxpart__22: muxpart__22
datapath__46: datapath__46
mac__37: mac
logic__124: logic__124
datapath__112: datapath__112
reg__107: reg__107
datapath__54: datapath__54
reg__184: reg__184
datapath__58: datapath__58
mac__47: mac
dsp48e1__121: dsp48e1
datapath__29: datapath__29
reg__17: reg__17
logic__152: logic
dsp48e1__76: dsp48e1
muxpart__45: muxpart__45
logic__155: logic
datapath__82: datapath__82
mac__11: mac
reg__130: reg__130
logic__204: logic
dsp48e1__35: dsp48e1
logic__106: logic__106
mac__101: mac
mac__35: mac
mac__127: mac
datapath__2: datapath__2
mac__73: mac
logic__148: logic
dsp48e1__47: dsp48e1
reg__16: reg__16
logic__60: logic__60
dsp48e1__32: dsp48e1
datapath__21: datapath__21
reg__117: reg__117
mac__48: mac
dsp48e1__53: dsp48e1
mac__89: mac
muxpart__124: muxpart__124
reg__223: reg__223
rom_array_layer_1__GB0: rom_array_layer_1__GB0
mac__19: mac
mac__40: mac
reg__156: reg__156
reg__65: reg__65
dsp48e1__72: dsp48e1
datapath__107: datapath__107
dsp48e1__58: dsp48e1
dsp48e1__43: dsp48e1
logic__108: logic__108
datapath__4: datapath__4
muxpart__46: muxpart__46
reg__154: reg__154
datapath__75: datapath__75
mac__83: mac
dsp48e1__74: dsp48e1
dsp48e1__61: dsp48e1
logic__49: logic__49
reg__233: reg__233
reg__195: reg__195
reg__56: reg__56
dsp48e1__90: dsp48e1
mac__85: mac
datapath__23: datapath__23
reg__201: reg__201
datapath__77: datapath__77
dsp48e1__98: dsp48e1
reg__67: reg__67
logic__196: logic
muxpart__13: muxpart__13
mac__50: mac
reg__109: reg__109
logic__51: logic__51
dsp48e1__63: dsp48e1
muxpart__76: muxpart__76
reg__118: reg__118
reg__170: reg__170
dsp48e1__94: dsp48e1
logic__217: logic
datapath__25: datapath__25
muxpart__75: muxpart__75
muxpart__16: muxpart__16
reg__37: reg__37
logic__160: logic
reg__173: reg__173
mac__31: mac
logic__21: logic__21
reg__99: reg__99
dsp48e1__49: dsp48e1
dsp48e1__45: dsp48e1
dsp48e1__30: dsp48e1
mac__17: mac
mac__69: mac
dsp48e1__6: dsp48e1
mac__112: mac
muxpart__111: muxpart__111
logic__207: logic
reg__142: reg__142
reg__72: reg__72
dsp48e1__21: dsp48e1
logic__121: logic__121
reg__91: reg__91
reg__61: reg__61
dsp48e1__12: dsp48e1
logic__130: logic__130
datapath__109: datapath__109
reg__215: reg__215
reg__134: reg__134
datapath__118: datapath__118
dsp48e1__33: dsp48e1
reg__250: reg__250
logic__23: logic__23
muxpart__80: muxpart__80
logic__219: logic
muxpart__4: muxpart__4
reg__126: reg__126
reg__18: reg__18
dsp48e1__51: dsp48e1
reg__218: reg__218
dsp48e1__26: dsp48e1
reg__11: reg__11
mac__61: mac
mac__64: mac
logic__253: logic
logic__263: logic
logic__93: logic__93
dsp48e1__124: dsp48e1
reg__149: reg__149
mac__74: mac
reg__66: reg__66
logic__189: logic
dsp48e1__89: dsp48e1
logic__250: logic
reg__228: reg__228
reg__190: reg__190
mac__66: mac
muxpart__49: muxpart__49
mac__33: mac
muxpart__44: muxpart__44
reg__254: reg__254
logic__138: logic__138
reg__237: reg__237
datapath__126: datapath__126
logic__95: logic__95
mac__122: mac
dsp48e1__99: dsp48e1
muxpart__72: muxpart__72
logic__25: logic__25
logic__103: logic__103
mac__32: mac
dsp48e1__125: dsp48e1
muxpart__68: muxpart__68
reg__162: reg__162
muxpart__48: muxpart__48
muxpart__118: muxpart__118
logic__158: logic
logic__251: logic
logic__17: logic__17
muxpart__18: muxpart__18
muxpart__34: muxpart__34
muxpart__100: muxpart__100
reg__165: reg__165
logic__52: logic__52
mac__109: mac
muxpart__129: muxpart__129
logic__255: logic
muxpart__40: muxpart__40
logic__27: logic__27
logic__105: logic__105
logic__132: logic__132
reg__68: reg__68
datapath__60: datapath__60
mac__60: mac
datapath__64: datapath__64
reg__57: reg__57
logic__264: logic
dsp48e1__79: dsp48e1
logic__181: logic
muxpart__43: muxpart__43
mac__110: mac
reg__102: reg__102
dsp48e1__14: dsp48e1
logic__19: logic__19
reg__207: reg__207
datapath__88: datapath__88
datapath: datapath
logic__54: logic__54
muxpart__113: muxpart__113
logic__62: logic__62
reg__38: reg__38
mac__114: mac
muxpart__119: muxpart__119
logic__66: logic__66
muxpart__37: muxpart__37
logic__145: logic
dsp48e1__113: dsp48e1
counter__1: counter__1
logic__37: logic__37
muxpart__63: muxpart__63
reg__210: reg__210
reg__125: reg__125
datapath__62: datapath__62
datapath__66: datapath__66
reg__245: reg__245
logic__90: logic__90
muxpart__103: muxpart__103
dsp48e1__52: dsp48e1
mac__3: mac
dsp48e1__37: dsp48e1
muxpart__25: muxpart__25
dsp48e1__119: dsp48e1
datapath__90: datapath__90
mac__5: mac
reg__73: reg__73
logic__29: logic__29
reg__92: reg__92
reg__62: reg__62
reg__179: reg__179
reg__20: reg__20
dsp48e1__84: dsp48e1
logic__122: logic__122
logic__64: logic__64
logic__210: logic
reg__105: reg__105
logic__68: logic__68
datapath__102: datapath__102
mac__25: mac
logic__39: logic__39
muxpart__78: muxpart__78
datapath__130: datapath__130
reg__185: reg__185
muxpart__60: muxpart__60
mac__9: mac
reg__19: reg__19
logic__92: logic__92
muxpart__126: muxpart__126
reg__12: reg__12
logic__12: logic__12
mac__123: mac
dsp48e1__91: dsp48e1
logic__31: logic__31
mac__15: mac
mac__68: mac
datapath__67: datapath__67
reg__115: reg__115
datapath__71: datapath__71
datapath__31: datapath__31
dsp48e1__75: dsp48e1
dsp48e1__77: dsp48e1
logic__180: logic
reg__224: reg__224
muxpart__24: muxpart__24
mac__78: mac
reg__157: reg__157
logic__117: logic__117
datapath__105: datapath__105
logic__14: logic__14
logic__240: logic
logic__85: logic__85
datapath__69: datapath__69
reg__155: reg__155
datapath__73: datapath__73
muxpart__66: muxpart__66
mac__27: mac
logic__247: logic
datapath__33: datapath__33
dsp48e1__83: dsp48e1
mac__98: mac
mac__46: mac
muxpart__94: muxpart__94
datapath__115: datapath__115
reg__196: reg__196
logic__33: logic__33
mac__88: mac
logic__267: logic
reg__202: reg__202
logic__233: logic
logic__87: logic__87
reg__7: reg__7
dsp48e1__100: dsp48e1
dsp48e1__112: dsp48e1
logic__245: logic
muxpart__86: muxpart__86
mac__106: mac
reg__69: reg__69
reg__58: reg__58
mac__57: mac
muxpart__79: muxpart__79
datapath__100: datapath__100
reg__40: reg__40
reg__171: reg__171
logic__35: logic__35
muxpart__9: muxpart__9
mac__126: mac
mac__76: mac
mac__42: mac
dsp48e1__60: dsp48e1
muxpart__32: muxpart__32
datapath__35: datapath__35
dsp48e1__95: dsp48e1
reg__39: reg__39
reg__1: reg__1
mac__67: mac
reg__174: reg__174
dsp48e1__80: dsp48e1
mac__104: mac
dsp48e1__11: dsp48e1
muxpart__56: muxpart__56
mac__93: mac
muxpart__54: muxpart__54
logic__167: logic
dsp48e1__40: dsp48e1
dsp48e1__57: dsp48e1
datapath__129: datapath__129
rom_array_layer_1__GB3: rom_array_layer_1__GB3
logic__179: logic
logic__119: logic__119
logic__164: logic
logic__206: logic
reg__143: reg__143
logic__128: logic__128
reg__93: reg__93
reg__63: reg__63
muxpart__97: muxpart__97
datapath__37: datapath__37
logic__200: logic
reg__21: reg__21
reg__135: reg__135
dsp48e1__17: dsp48e1
mac__30: mac
reg__13: reg__13
reg__219: reg__219
case__1: case__1
reg__112: reg__112
mac__92: mac
muxpart__73: muxpart__73
reg__121: reg__121
mac__72: mac
mac__18: mac
mac__62: mac
reg__131: reg__131
mac__1: mac
reg__150: reg__150
dsp48e1__102: dsp48e1
muxpart__12: muxpart__12
muxpart__89: muxpart__89
muxpart__20: muxpart__20
dsp48e1__27: dsp48e1
logic__136: logic__136
reg__229: reg__229
reg__191: reg__191
datapath__47: datapath__47
reg__255: reg__255
muxpart__116: muxpart__116
reg__238: reg__238
muxpart__82: muxpart__82
muxpart__98: muxpart__98
reg__163: reg__163
mac__79: mac
dsp48e1__54: dsp48e1
dsp48e1__38: dsp48e1
reg__129: reg__129
logic__261: logic
reg__166: reg__166
datapath__49: datapath__49
muxpart__70: muxpart__70
reg__8: reg__8
logic__70: logic__70
dsp48e1__104: dsp48e1
logic__74: logic__74
muxpart__106: muxpart__106
mac__8: mac
reg__59: reg__59
logic__187: logic
reg__41: reg__41
logic__172: logic
logic__98: logic__98
logic__222: logic
datapath__97: datapath__97
muxpart__71: muxpart__71
mac__120: mac
mac__77: mac
muxpart__29: muxpart__29
muxpart__101: muxpart__101
reg__138: reg__138
muxpart__130: muxpart__130
logic__72: logic__72
logic__175: logic
reg__123: reg__123
logic__76: logic__76
logic__198: logic
logic__244: logic
logic__183: logic
muxpart__109: muxpart__109
reg__211: reg__211
datapath__38: datapath__38
mac__75: mac
muxpart__85: muxpart__85
reg__246: reg__246
logic__100: logic__100
logic__238: logic
logic__223: logic
datapath__99: datapath__99
logic__201: logic
muxpart__14: muxpart__14
dsp48e1__19: dsp48e1
reg__22: reg__22
reg__180: reg__180
logic__112: logic__112
logic__11: logic__11
logic__230: logic
reg__50: reg__50
reg__186: reg__186
datapath__40: datapath__40
datapath__123: datapath__123
dsp48e1__71: dsp48e1
logic__77: logic__77
logic__81: logic__81
mac__96: mac
reg__113: reg__113
logic__41: logic__41
datapath__10: datapath__10
muxpart__57: muxpart__57
logic__115: logic__115
muxpart__67: muxpart__67
mac__14: mac
reg__158: reg__158
dsp48e1__122: dsp48e1
logic__79: logic__79
logic__185: logic
logic__83: logic__83
reg__4: reg__4
logic__170: logic
logic__43: logic__43
dsp48e1__65: dsp48e1
logic__236: logic
datapath__12: datapath__12
logic__234: logic
dsp48e1__106: dsp48e1
logic__125: logic__125
datapath__113: datapath__113
reg__108: reg__108
reg__9: reg__9
logic__173: logic
dsp48e1__114: dsp48e1
reg__197: reg__197
muxpart__3: muxpart__3
logic__229: logic
reg__203: reg__203
dsp48e1__96: dsp48e1
logic__203: logic
logic__161: logic
dsp48e1__25: dsp48e1
muxpart__87: muxpart__87
logic__110: logic__110
reg__42: reg__42
mac__103: mac
dsp48e1__109: dsp48e1
reg__172: reg__172
dsp48e1__1: dsp48e1
logic__45: logic__45
logic__163: logic
datapath__84: datapath__84
logic__226: logic
logic__191: logic
datapath__14: datapath__14
muxpart__51: muxpart__51
datapath__92: datapath__92
muxpart__41: muxpart__41
reg__175: reg__175
mac__54: mac
logic__146: logic
muxpart__95: muxpart__95
logic__257: logic
reg__24: reg__24
logic__239: logic
datapath__6: datapath__6
dsp48e1__4: dsp48e1
muxpart__61: muxpart__61
muxpart__91: muxpart__91
logic__265: logic
logic__47: logic__47
datapath__86: datapath__86
mac__97: mac
reg__144: reg__144
reg__23: reg__23
datapath__16: datapath__16
datapath__94: datapath__94
biasing_rom: biasing_rom
reg__136: reg__136
reg__51: reg__51
mac__90: mac
dsp48e1__67: dsp48e1
dsp48e1__5: dsp48e1
mac__116: mac
datapath__8: datapath__8
reg__220: reg__220
logic__192: logic
dsp48e1__55: dsp48e1
reg__110: reg__110
datapath__43: datapath__43
dsp48e1__81: dsp48e1
reg__119: reg__119
reg__47: reg__47
logic__139: logic__139
datapath__51: datapath__51
datapath__55: datapath__55
dsp48e1__28: dsp48e1
logic__208: logic
datapath__26: datapath__26
logic__154: logic
logic__258: logic
reg__151: reg__151
datapath__79: datapath__79
logic__224: logic
dsp48e1__46: dsp48e1
dsp48e1__31: dsp48e1
logic__57: logic__57
datapath__18: datapath__18
datapath__45: datapath__45
logic__195: logic
reg__94: reg__94
reg__230: reg__230
reg__192: reg__192
datapath__53: datapath__53
reg__5: reg__5
reg__256: reg__256
datapath__57: datapath__57
reg__239: reg__239
muxpart__112: muxpart__112
datapath__28: datapath__28
muxpart__8: muxpart__8
datapath__110: datapath__110
datapath__119: datapath__119
dsp48e1__42: dsp48e1
datapath__81: datapath__81
mac__117: mac
logic__241: logic
reg__10: reg__10
muxpart__35: muxpart__35
logic__243: logic
reg__34: reg__34
logic__143: logic
rom_array_layer_1__GB2: rom_array_layer_1__GB2
reg__127: reg__127
logic__59: logic__59
datapath__20: datapath__20
muxpart__104: muxpart__104
reg__167: reg__167
logic__177: logic
dsp48e1__70: dsp48e1
mac__10: mac
muxpart__47: muxpart__47
logic__216: logic
logic__231: logic
muxpart__33: muxpart__33
logic__153: logic
mac__4: mac
dsp48e1__126: dsp48e1
reg__43: reg__43
logic__107: logic__107
mac__100: mac
datapath__3: datapath__3
mac__102: mac
mac__44: mac
muxpart__107: muxpart__107
mac__6: mac
mac__70: mac
logic: logic
reg__139: reg__139
logic__48: logic__48
datapath__127: datapath__127
muxpart__26: muxpart__26
reg__212: reg__212
reg__25: reg__25
datapath__22: datapath__22
reg__247: reg__247
logic__109: logic__109
datapath__5: datapath__5
mac__80: mac
dsp48e1__36: dsp48e1
mac__115: mac
mac__36: mac
dsp48e1__9: dsp48e1
reg: reg
datapath__76: datapath__76
dsp48e1__44: dsp48e1
reg__2: reg__2
dsp48e1__29: dsp48e1
reg__181: reg__181
reg__52: reg__52
logic__50: logic__50
logic__235: logic
reg__187: reg__187
muxpart__17: muxpart__17
dsp48e1__68: dsp48e1
logic__133: logic__133
datapath__24: datapath__24
datapath__121: datapath__121
logic__252: logic
mac__45: mac
dsp48e1__59: dsp48e1
logic__147: logic
reg__74: reg__74
reg__48: reg__48
reg__103: reg__103
datapath__78: datapath__78
logic__20: logic__20
dsp48e1__50: dsp48e1
reg__225: reg__225
reg__251: reg__251
dsp48e1__62: dsp48e1
reg__234: reg__234
mac__34: mac
dsp48e1__39: dsp48e1
muxpart__114: muxpart__114
muxpart__62: muxpart__62
muxpart__120: muxpart__120
reg__159: reg__159
mac__52: mac
muxpart__30: muxpart__30
logic__7: logic__7
mac__28: mac
reg__95: reg__95
logic__256: logic
reg__84: reg__84
reg__6: reg__6
logic__22: logic__22
mac__41: mac
mac__95: mac
logic__197: logic
logic__123: logic__123
reg__106: reg__106
mac__7: mac
datapath__103: datapath__103
muxpart__84: muxpart__84
mac__39: mac
reg__35: reg__35
reg__198: reg__198
muxpart__52: muxpart__52
dsp48e1__34: dsp48e1
dsp48e1__116: dsp48e1
muxpart__127: muxpart__127
logic__157: logic
reg__204: reg__204
logic__165: logic
muxpart__123: muxpart__123
reg__116: reg__116
muxpart__10: muxpart__10
dsp48e1__16: dsp48e1
muxpart__23: muxpart__23
dsp48e1__86: dsp48e1
mac__124: mac
logic__94: logic__94
logic__151: logic
logic__24: logic__24
dsp48e1__22: dsp48e1
reg__242: reg__242
logic__102: logic__102
datapath__106: datapath__106
reg__27: reg__27
rom_array_layer_1__GB1: rom_array_layer_1__GB1
muxpart: muxpart
logic__228: logic
dsp48e1__3: dsp48e1
reg__44: reg__44
dsp48e1__13: dsp48e1
reg__176: reg__176
reg__101: reg__101
muxpart__83: muxpart__83
logic__16: logic__16
reg__26: reg__26
mac__81: mac
dsp48e1: dsp48e1
reg__182: reg__182
logic__96: logic__96
muxpart__50: muxpart__50
reg__77: reg__77
logic__26: logic__26
datapath__116: datapath__116
logic__104: logic__104
reg__145: reg__145
datapath__59: datapath__59
logic__225: logic
datapath__63: datapath__63
logic__194: logic
reg__53: reg__53
reg__137: reg__137
mac__22: mac
logic__178: logic
reg__80: reg__80
logic__248: logic
dsp48e1__48: dsp48e1
dsp48e1__78: dsp48e1
logic__18: logic__18
datapath__87: datapath__87
logic__149: logic
logic__53: logic__53
mac__20: mac
reg__221: reg__221
reg__75: reg__75
logic__61: logic__61
logic__65: logic__65
reg__49: reg__49
muxpart__92: muxpart__92
muxpart__15: muxpart__15
logic__36: logic__36
muxpart__64: muxpart__64
datapath__61: datapath__61
muxpart__7: muxpart__7
datapath__65: datapath__65
logic__89: logic__89
logic__237: logic
dsp48e1__69: dsp48e1
logic__159: logic
reg__152: reg__152
datapath__89: datapath__89
logic__28: logic__28
logic__55: logic__55
logic__63: logic__63
muxpart__110: muxpart__110
reg__96: reg__96
logic__67: logic__67
reg__85: reg__85
mac__84: mac
logic__141: logic
reg__231: reg__231
reg__193: reg__193
logic__38: logic__38
reg__257: reg__257
reg__240: reg__240
logic__120: logic__120
logic__129: logic__129
datapath__108: datapath__108
logic__214: logic
datapath__117: datapath__117
logic__91: logic__91
reg__30: reg__30
reg__199: reg__199
muxpart__1: muxpart__1
logic__142: logic
mac__24: mac
datapath__91: datapath__91
dsp48e1__108: dsp48e1
reg__36: reg__36
dsp48e1__15: dsp48e1
logic__30: logic__30
logic__140: logic__140
datapath__30: datapath__30
reg__168: reg__168
fire5_ex_1__GC0: fire5_ex_1__GC0
muxpart__74: muxpart__74
muxpart__42: muxpart__42
muxpart__27: muxpart__27
logic__13: logic__13
muxpart__6: muxpart__6
mac__107: mac
reg__87: reg__87
datapath__68: datapath__68
datapath__72: datapath__72
datapath__32: datapath__32
reg__28: reg__28
logic__137: logic__137
logic__262: logic
datapath__125: datapath__125
muxpart__58: muxpart__58
logic__211: logic
reg__140: reg__140
reg__45: reg__45
logic__32: logic__32
reg__213: reg__213
reg__132: reg__132
logic__15: logic__15
muxpart__117: muxpart__117
dsp48e1__8: dsp48e1
reg__248: reg__248
muxpart__21: muxpart__21
muxpart__99: muxpart__99
reg__78: reg__78
logic__86: logic__86
datapath__70: datapath__70
datapath__74: datapath__74
logic__246: logic
reg__216: reg__216
muxpart__125: muxpart__125
dsp48e1__20: dsp48e1
logic__144: logic
mac__121: mac
dsp48e1__56: dsp48e1
reg__81: reg__81
muxpart__90: muxpart__90
logic__34: logic__34
logic__205: logic
reg__188: reg__188
logic__131: logic__131
reg__100: reg__100
mac__21: mac
mac__29: mac
reg__147: reg__147
datapath__34: datapath__34
muxpart__88: muxpart__88
reg__76: reg__76
counter: counter
logic__88: logic__88
mac__58: mac
mac__105: mac
logic__249: logic
dsp48e1__117: dsp48e1
mac__55: mac
logic__254: logic
reg__226: reg__226
case: case
muxpart__31: muxpart__31
reg__252: reg__252
reg__235: reg__235
mac__63: mac
reg__124: reg__124
mac__13: mac
datapath__1: datapath__1
muxpart__81: muxpart__81
reg__160: reg__160
datapath__36: datapath__36
reg__86: reg__86
mac__16: mac
reg__3: reg__3
logic__150: logic
mac: mac
mac__108: mac
reg__31: reg__31
logic__156: logic
mac__113: mac
logic__113: logic__113
datapath__101: datapath__101
muxpart__11: muxpart__11
dsp48e1__123: dsp48e1
dsp48e1__118: dsp48e1
datapath__124: datapath__124
muxpart__77: muxpart__77
dsp48e1__103: dsp48e1
reg__205: reg__205
mac__12: mac
logic__215: logic
reg__114: reg__114
logic__221: logic
muxpart__102: muxpart__102
logic__168: logic
reg__208: reg__208
reg__88: reg__88
dsp48e1__120: dsp48e1
logic__116: logic__116
dsp48e1__110: dsp48e1
datapath__104: datapath__104
dsp48e1__92: dsp48e1
dsp48e1__115: dsp48e1
reg__243: reg__243
reg__29: reg__29
muxpart__2: muxpart__2
logic__186: logic
mac__56: mac
muxpart__59: muxpart__59
dsp48e1__101: dsp48e1
logic__171: logic
reg__46: reg__46
mac__99: mac
mac__86: mac
reg__177: reg__177
muxpart__93: muxpart__93
dsp48e1__18: dsp48e1
dsp48e1__111: dsp48e1
datapath__48: datapath__48
reg__183: reg__183
logic__126: logic__126
datapath__114: datapath__114
reg__79: reg__79
logic__260: logic
logic__69: logic__69
logic__182: logic
logic__73: logic__73
logic__232: logic
reg__146: reg__146
dsp48e1__2: dsp48e1
logic__97: logic__97
reg__82: reg__82
muxpart__39: muxpart__39
datapath__96: datapath__96
reg__14: reg__14
dsp48e1__41: dsp48e1
logic__212: logic
datapath__50: datapath__50
reg__222: reg__222
logic__71: logic__71
mac__119: mac
logic__227: logic
logic__75: logic__75
logic__266: logic
logic__99: logic__99
reg__153: reg__153
datapath__98: datapath__98
mac__118: mac
muxpart__128: muxpart__128
mac__43: mac
muxpart__96: muxpart__96
mac__87: mac
reg__259: reg__259
reg__232: reg__232
reg__194: reg__194
logic__118: logic__118
mac__125: mac
reg__258: reg__258
logic__127: logic__127
reg__54: reg__54
datapath__39: datapath__39
reg__241: reg__241
reg__32: reg__32
dsp48e1__82: dsp48e1
muxpart__65: muxpart__65
dsp48e1__24: dsp48e1
reg__200: reg__200
logic__101: logic__101
logic__5: logic__5
logic__220: logic
logic__169: logic
logic__40: logic__40
muxpart__69: muxpart__69
mac__26: mac
reg__169: reg__169
reg__111: reg__111
dsp48e1__87: dsp48e1
reg__120: reg__120
datapath__41: datapath__41
logic__199: logic
mac__111: mac
logic__184: logic
dsp48e1__10: dsp48e1
mac__53: mac
logic__78: logic__78
mac__23: mac
reg__89: reg__89
logic__82: logic__82
logic__259: logic
logic__42: logic__42
logic__202: logic
reg__97: reg__97
datapath__11: datapath__11
logic__135: logic__135
dsp48e1__107: dsp48e1
logic__8: logic__8
mac__51: mac
reg__141: reg__141
reg__70: reg__70
muxpart__36: muxpart__36
logic__190: logic
reg__214: reg__214
reg__133: reg__133
datapath__111: datapath__111
datapath__120: datapath__120
logic__80: logic__80
reg__249: reg__249
logic__84: logic__84
dsp48e1__127: dsp48e1
dsp48e1__64: dsp48e1
mac__38: mac
datapath__13: datapath__13
dsp48e1__93: dsp48e1
reg__217: reg__217
reg__128: reg__128
dsp48e1__23: dsp48e1
dsp48e1__105: dsp48e1
mac__82: mac
mac__91: mac
mac__49: mac
muxpart__38: muxpart__38
muxpart__105: muxpart__105
reg__83: reg__83
reg__15: reg__15
reg__189: reg__189
logic__44: logic__44
datapath__83: datapath__83
reg__148: reg__148
dsp48e1__88: dsp48e1
dsp48e1__66: dsp48e1
reg__64: reg__64
muxpart__28: muxpart__28
reg__227: reg__227
muxpart__108: muxpart__108
muxpart__53: muxpart__53
reg__253: reg__253
logic__193: logic
reg__236: reg__236
reg__122: reg__122
logic__166: logic
logic__213: logic
logic__174: logic
datapath__128: datapath__128
logic__46: logic__46
datapath__85: datapath__85
dsp48e1__85: dsp48e1
datapath__15: datapath__15
reg__161: reg__161
datapath__93: datapath__93
reg__55: reg__55
logic__162: logic
logic__111: logic__111
reg__33: reg__33
reg__164: reg__164
datapath__7: datapath__7
muxpart__55: muxpart__55
dsp48e1__7: dsp48e1
datapath__42: datapath__42
mac__59: mac
datapath__17: datapath__17
datapath__95: datapath__95
mac__65: mac
logic__134: logic__134
dsp48e1__97: dsp48e1
logic__188: logic
datapath__122: datapath__122
dsp48e1__73: dsp48e1
muxpart__122: muxpart__122
muxpart__19: muxpart__19
reg__206: reg__206
mac__94: mac
reg__104: reg__104
