case__34: 
reg__25: 
case__119: 
reg__78: 
extram__22: 
case__31: 
datapath__125: 
reg__42: 
reg__1: 
counter__65: 
case__100: 
logic: 
reg__122: 
counter__98: 
case__66: 
counter__7: 
reg__2: 
datapath__49: 
datapath__55: 
counter__54: 
reg__14: 
extram__23: 
counter__31: 
reg__40: 
counter__100: 
case__47: 
case__21: 
reg__9: 
datapath__61: 
case__26: 
counter__106: 
reg__45: 
counter__52: 
reg__97: 
counter__71: 
case__42: 
reg__31: 
extram__5: 
counter__5: 
reg__60: 
counter__8: 
reg__112: 
datapath__60: 
counter__26: 
reg__36: 
reg: 
logic__7: 
case__39: 
reg__92: 
reg__50: 
case__79: 
datapath__42: 
case__54: 
datapath__36: 
counter__103: 
case__74: 
datapath__87: 
extram__57: 
case__75: 
counter__75: 
reg__53: 
datapath__23: 
datapath__22: 
datapath__115: 
case__56: 
reg__44: 
extram__49: 
counter__39: 
case__38: 
reg__54: 
reg__35: 
reg__131: 
reg__110: 
extram__18: 
case__107: 
datapath__117: 
counter__94: 
reg__30: 
counter__12: 
reg__79: 
extram__4: 
reg__123: 
datapath__26: 
datapath__88: 
datapath__69: 
counter__44: 
counter__93: 
datapath__74: 
case__77: 
counter__89: 
reg__69: 
case__121: 
reg__103: 
case__58: 
reg__47: 
counter__48: 
reg__129: 
counter__82: 
reg__13: 
case__86: 
counter__76: 
datapath__7: 
counter__126: 
counter__43: 
extram__35: 
case__133: 
reg__23: 
case__108: 
datapath__15: 
reg__102: 
datapath__41: 
counter__91: 
case__89: 
case__84: 
datapath__51: 
datapath__90: 
counter__3: 
extram__43: 
counter__32: 
case__113: 
datapath__95: 
reg__17: 
extram__31: 
case: 
counter__108: 
datapath__79: 
extram__40: 
reg__55: 
case__81: 
reg__127: 
counter__18: 
mem: 
datapath__128: 
extram__1: 
reg__114: 
case__1: 
datapath__48: 
datapath__104: 
case__99: 
extram__38: 
counter__74: 
case__57: 
extram__30: 
datapath__30: 
datapath__82: 
counter__79: 
case__93: 
counter__125: 
reg__96: 
extram__21: 
case__14: 
case__12: 
datapath__78: 
case__95: 
counter__15: 
case__109: 
extram__19: 
reg__107: 
case__85: 
reg__70: 
datapath__35: 
reg__24: 
reg__22: 
reg__34: 
counter__118: 
case__35: 
case__51: 
datapath__47: 
case__118: 
counter__116: 
reg__80: 
datapath__65: 
case__55: 
reg__43: 
case__41: 
counter__41: 
extram__60: 
case__50: 
datapath__2: 
extram__53: 
datapath__13: 
counter: 
counter__69: 
case__103: 
reg__77: 
datapath__4: 
datapath__34: 
reg__52: 
datapath__1: 
case__65: 
extram__47: 
case__129: 
case__101: 
reg__90: 
datapath__84: 
case__68: 
reg__20: 
extram__41: 
reg__11: 
datapath__33: 
counter__30: 
case__88: 
case__7: 
reg__125: 
reg__63: 
counter__122: 
counter__109: 
ram_3d: 
case__28: 
case__48: 
extram__7: 
counter__110: 
datapath__118: 
datapath__70: 
datapath__37: 
datapath__127: 
counter__86: 
reg__33: 
datapath__85: 
datapath__8: 
counter__35: 
reg__10: 
datapath__64: 
extram__50: 
reg__120: 
datapath__93: 
datapath__54: 
reg__124: 
reg__61: 
case__82: 
datapath__53: 
datapath__45: 
counter__22: 
counter__45: 
case__132: 
reg__89: 
counter__49: 
counter__33: 
counter__73: 
reg__4: 
extram__8: 
reg__71: 
counter__66: 
case__60: 
case__33: 
counter__119: 
counter__51: 
datapath__92: 
case__64: 
counter__67: 
extram__42: 
datapath__31: 
datapath__126: 
counter__16: 
case__128: 
case__90: 
reg__126: 
counter__107: 
extram__62: 
datapath__96: 
counter__21: 
datapath__28: 
counter__80: 
case__13: 
counter__90: 
reg__73: 
case__61: 
datapath__19: 
case__92: 
datapath__44: 
datapath__68: 
case__18: 
datapath__56: 
datapath__99: 
datapath__72: 
case__52: 
counter__14: 
datapath__110: 
datapath: 
extram__13: 
counter__11: 
logic__15: 
extram__45: 
counter__59: 
logic__11: 
datapath__98: 
datapath__94: 
case__116: 
datapath__75: 
extram__36: 
reg__12: 
case__124: 
datapath__27: 
datapath__113: 
counter__13: 
counter__61: 
datapath__120: 
reg__105: 
counter__20: 
extram__2: 
case__96: 
case__9: 
extram__10: 
extram__11: 
case__8: 
counter__56: 
case__94: 
datapath__66: 
counter__40: 
case__40: 
counter__72: 
datapath__39: 
reg__27: 
case__4: 
case__114: 
reg__88: 
reg__62: 
extram__17: 
reg__118: 
reg__56: 
datapath__63: 
reg__64: 
datapath__3: 
case__76: 
reg__113: 
reg__101: 
case__19: 
extram__6: 
case__5: 
counter__57: 
case__29: 
case__130: 
datapath__103: 
datapath__62: 
counter__120: 
datapath__25: 
case__127: 
extram__59: 
counter__34: 
counter__38: 
extram__20: 
datapath__24: 
datapath__14: 
counter__115: 
case__53: 
counter__70: 
datapath__57: 
extram__48: 
reg__81: 
counter__2: 
datapath__116: 
case__24: 
counter__123: 
reg__75: 
counter__42: 
case__16: 
datapath__108: 
case__63: 
datapath__86: 
datapath__124: 
reg__93: 
reg__58: 
case__135: 
counter__92: 
datapath__101: 
case__62: 
reg__7: 
counter__58: 
datapath__109: 
datapath__80: 
datapath__10: 
reg__51: 
case__73: 
counter__114: 
counter__81: 
reg__109: 
datapath__81: 
case__72: 
datapath__121: 
case__11: 
case__78: 
case__6: 
counter__28: 
extram: 
case__98: 
counter__117: 
datapath__89: 
case__104: 
reg__132: 
extram__39: 
reg__128: 
case__43: 
reg__15: 
extram__44: 
case__126: 
datapath__119: 
reg__84: 
counter__25: 
datapath__59: 
datapath__40: 
counter__111: 
reg__95: 
counter__78: 
datapath__9: 
extram__34: 
case__112: 
datapath__76: 
reg__21: 
extram__12: 
counter__36: 
case__117: 
counter__101: 
counter__64: 
reg__98: 
counter__102: 
counter__6: 
case__71: 
case__22: 
reg__59: 
case__106: 
datapath__91: 
extram__25: 
counter__85: 
extram__63: 
datapath__58: 
extram__32: 
datapath__102: 
extram__26: 
datapath__83: 
reg__6: 
case__37: 
datapath__111: 
reg__72: 
counter__29: 
datapath__32: 
reg__46: 
counter__105: 
counter__63: 
reg__66: 
datapath__112: 
case__123: 
reg__39: 
datapath__43: 
counter__27: 
counter__46: 
counter__121: 
counter__50: 
reg__117: 
case__27: 
case__120: 
datapath__38: 
reg__85: 
counter__77: 
case__131: 
case__83: 
case__36: 
reg__41: 
reg__104: 
case__102: 
case__125: 
case__23: 
reg__57: 
reg__37: 
datapath__16: 
extram__24: 
datapath__46: 
reg__100: 
datapath__71: 
case__80: 
datapath__17: 
reg__26: 
reg__115: 
logic__19: 
case__25: 
case__67: 
extram__29: 
counter__84: 
case__20: 
reg__86: 
case__111: 
counter__95: 
reg__87: 
case__10: 
case__69: 
extram__16: 
extram__54: 
case__91: 
counter__124: 
counter__47: 
datapath__129: 
reg__116: 
counter__1: 
reg__111: 
case__59: 
extram__56: 
counter__112: 
extram__14: 
case__97: 
datapath__97: 
counter__88: 
reg__28: 
datapath__50: 
reg__18: 
reg__48: 
extram__55: 
datapath__73: 
datapath__52: 
counter__9: 
datapath__67: 
datapath__20: 
counter__53: 
case__110: 
datapath__77: 
extram__37: 
extram__28: 
counter__104: 
extram__52: 
reg__94: 
extram__27: 
reg__8: 
datapath__5: 
datapath__12: 
datapath__100: 
counter__17: 
reg__108: 
case__105: 
datapath__106: 
case__3: 
counter__24: 
datapath__123: 
reg__119: 
counter__55: 
case__115: 
counter__37: 
counter__97: 
reg__82: 
counter__19: 
datapath__107: 
case__2: 
counter__87: 
datapath__29: 
counter__96: 
counter__60: 
case__49: 
reg__5: 
reg__130: 
datapath__21: 
extram__33: 
case__45: 
datapath__105: 
extram__58: 
reg__49: 
case__134: 
reg__83: 
reg__29: 
extram__46: 
reg__91: 
case__44: 
datapath__18: 
reg__32: 
datapath__114: 
reg__65: 
reg__121: 
reg__106: 
reg__99: 
case__15: 
case__17: 
reg__19: 
reg__76: 
counter__10: 
case__87: 
counter__113: 
counter__83: 
counter__4: 
case__46: 
extram__3: 
extram__51: 
datapath__11: 
reg__3: 
reg__38: 
counter__99: 
datapath__6: 
extram__15: 
case__30: 
counter__68: 
extram__9: 
case__122: 
reg__74: 
reg__67: 
reg__16: 
counter__127: 
counter__62: 
datapath__122: 
reg__68: 
extram__61: 
counter__23: 
case__32: 
