logic__280: logic
logic__294: logic
reg__231: reg__231
datapath__69: datapath__69
datapath__74: datapath__74
logic__319: logic
reg__203: reg__203
reg__163: reg__163
logic__157: logic__157
dsp48e1__65: dsp48e1
dsp48e1__45: dsp48e1
logic__371: logic
reg__220: reg__220
logic__113: logic__113
reg__12: reg__12
dsp48e1__39: dsp48e1
dsp48e1__109: dsp48e1
reg__266: reg__266
mac__157: mac
dsp48e1__86: dsp48e1
logic__266: logic
logic__121: logic__121
reg__182: reg__182
reg__127: reg__127
rom__109: rom__109
reg__372: reg__372
dsp48e1__50: dsp48e1
rom__71: rom__71
logic__41: logic__41
datapath__163: datapath__163
mac__44: mac
logic__316: logic
rom__142: rom__142
reg__8: reg__8
logic__48: logic__48
reg__307: reg__307
mac__43: mac
logic__278: logic
reg__109: reg__109
datapath__182: datapath__182
rom__176: rom__176
rom__134: rom__134
dsp48e1__187: dsp48e1
reg__28: reg__28
logic__208: logic
logic__287: logic
datapath__191: datapath__191
reg__139: reg__139
reg__35: reg__35
reg__316: reg__316
dsp48e1__27: dsp48e1
dsp48e1__48: dsp48e1
rom__161: rom__161
datapath__91: datapath__91
mac__168: mac
logic__36: logic__36
logic__104: logic__104
logic__313: logic
reg__369: reg__369
datapath__109: datapath__109
logic__282: logic
datapath__43: datapath__43
datapath__139: datapath__139
dsp48e1__85: dsp48e1
logic__237: logic
logic__394: logic
dsp48e1__171: dsp48e1
logic__325: logic
dsp48e1__169: dsp48e1
rom__44: rom__44
rom__87: rom__87
logic__322: logic
datapath__47: datapath__47
reg__159: reg__159
mac__96: mac
reg__208: reg__208
rom__106: rom__106
logic__91: logic__91
dsp48e1__60: dsp48e1
logic__196: logic__196
rom__68: rom__68
rom__178: rom__178
mac__64: mac
dsp48e1__115: dsp48e1
reg__123: reg__123
mac__163: mac
dsp48e1__5: dsp48e1
dsp48e1__185: dsp48e1
logic__392: logic
rom__158: rom__158
dsp48e1__167: dsp48e1
logic__69: logic__69
mac__61: mac
logic__246: logic
datapath__159: datapath__159
rom__81: rom__81
mac__184: mac
mac__170: mac
dsp48e1__83: dsp48e1
mac__189: mac
datapath__8: datapath__8
mac__14: mac
mac__93: mac
logic__178: logic__178
logic__337: logic
dsp48e1__90: dsp48e1
logic__250: logic
reg__84: reg__84
reg__302: reg__302
logic__249: logic
reg__264: reg__264
rom__32: rom__32
reg__135: reg__135
mac__115: mac
reg__100: reg__100
logic__283: logic
rom__27: rom__27
reg__245: reg__245
rom__54: rom__54
reg__273: reg__273
reg__33: reg__33
reg__311: reg__311
datapath__174: datapath__174
rom__77: rom__77
logic__315: logic
dsp48e1__130: dsp48e1
rom__140: rom__140
datapath__22: datapath__22
reg__40: reg__40
reg__154: reg__154
rom__183: rom__183
logic__372: logic
logic__329: logic
reg__21: reg__21
reg__141: reg__141
logic__181: logic__181
reg__280: reg__280
reg__342: reg__342
reg__364: reg__364
logic__79: logic__79
reg__150: reg__150
datapath__135: datapath__135
reg__87: reg__87
dsp48e1__1: dsp48e1
rom__78: rom__78
datapath__52: datapath__52
dsp48e1__20: dsp48e1
rom__147: rom__147
reg__325: reg__325
datapath__154: datapath__154
datapath__49: datapath__49
logic__347: logic
datapath__141: datapath__141
rom__102: rom__102
rom__149: rom__149
reg__268: reg__268
logic__80: logic__80
logic__85: logic__85
dsp48e1__145: dsp48e1
datapath__150: datapath__150
rom__22: rom__22
reg__269: reg__269
datapath__82: datapath__82
datapath__61: datapath__61
logic__350: logic
rom__94: rom__94
reg__129: reg__129
dsp48e1__18: dsp48e1
reg__286: reg__286
datapath__114: datapath__114
logic__276: logic
rom__182: rom__182
logic__374: logic
reg__2: reg__2
reg__147: reg__147
mac__77: mac
reg__360: reg__360
logic__174: logic__174
reg__383: reg__383
reg__75: reg__75
reg__257: reg__257
reg__10: reg__10
reg__103: reg__103
logic__368: logic
rom__79: rom__79
logic__376: logic
reg__30: reg__30
datapath__129: datapath__129
reg__111: reg__111
dsp48e1__190: dsp48e1
logic__12: logic__12
dsp48e1__131: dsp48e1
reg__37: reg__37
mac__129: mac
dsp48e1__127: dsp48e1
datapath__147: datapath__147
rom_array_layer_1__GB3: rom_array_layer_1__GB3
logic__202: logic__202
logic__217: logic
dsp48e1__4: dsp48e1
dsp48e1__151: dsp48e1
datapath__103: datapath__103
logic__251: logic
reg__193: reg__193
logic__102: logic__102
mac__156: mac
logic__338: logic
datapath__111: datapath__111
reg__337: reg__337
rom__175: rom__175
logic__120: logic__120
datapath__33: datapath__33
rom__14: rom__14
logic__54: logic__54
mac__185: mac
rom__11: rom__11
logic__318: logic
datapath__17: datapath__17
logic__150: logic__150
logic__361: logic
logic__301: logic
reg__320: reg__320
mac__25: mac
reg__202: reg__202
mac__75: mac
logic__205: logic__205
reg__292: reg__292
logic__351: logic
muxpart__1: muxpart__1
logic__58: logic__58
reg__351: reg__351
dsp48e1__111: dsp48e1
dsp48e1__32: dsp48e1
mac__34: mac
reg__386: reg__386
reg__279: reg__279
datapath__86: datapath__86
logic__353: logic
logic__241: logic
datapath__100: datapath__100
rom__105: rom__105
dsp48e1__138: dsp48e1
rom__76: rom__76
logic__129: logic__129
dsp48e1__10: dsp48e1
reg__333: reg__333
reg__209: reg__209
reg__379: reg__379
logic__170: logic__170
reg__355: reg__355
mac__68: mac
dsp48e1__46: dsp48e1
reg__86: reg__86
logic__19: logic__19
datapath__11: datapath__11
mac__148: mac
reg__186: reg__186
datapath__4: datapath__4
dsp48e1__7: dsp48e1
reg__207: reg__207
dsp48e1__158: dsp48e1
mac__66: mac
dsp48e1__11: dsp48e1
logic__375: logic
logic__207: logic__207
rom__124: rom__124
reg__23: reg__23
datapath__1: datapath__1
logic__185: logic__185
reg__168: reg__168
datapath__187: datapath__187
reg__254: reg__254
logic__33: logic__33
reg__299: reg__299
datapath__186: datapath__186
logic__342: logic
rom__62: rom__62
mac__103: mac
rom__46: rom__46
reg__89: reg__89
logic__381: logic
mac__22: mac
logic__391: logic
logic__146: logic__146
dsp48e1__184: dsp48e1
reg__15: reg__15
reg__219: reg__219
logic__63: logic__63
datapath__168: datapath__168
logic__238: logic
dsp48e1__135: dsp48e1
mac__183: mac
logic__165: logic__165
reg__171: reg__171
logic__60: logic__60
reg__263: reg__263
reg__94: reg__94
datapath__31: datapath__31
logic__152: logic__152
mac__173: mac
reg__346: reg__346
logic__161: logic__161
rom__75: rom__75
datapath__38: datapath__38
reg__255: reg__255
logic__93: logic__93
rom__9: rom__9
rom__73: rom__73
logic__72: logic__72
datapath__171: datapath__171
logic__125: logic__125
reg__238: reg__238
reg__328: reg__328
dsp48e1__84: dsp48e1
reg__374: reg__374
reg__61: reg__61
datapath__26: datapath__26
reg__223: reg__223
dsp48e1__70: dsp48e1
datapath__94: datapath__94
rom__88: rom__88
dsp48e1__62: dsp48e1
mac__120: mac
logic__305: logic
logic__292: logic
logic__140: logic__140
reg__72: reg__72
rom__89: rom__89
datapath__77: datapath__77
logic__245: logic
reg__309: reg__309
reg__164: reg__164
logic__158: logic__158
reg__294: reg__294
logic__114: logic__114
reg__318: reg__318
reg__51: reg__51
rom__125: rom__125
dsp48e1__142: dsp48e1
logic__244: logic
logic__122: logic__122
datapath__123: datapath__123
datapath__178: datapath__178
logic__288: logic
reg__256: reg__256
logic__44: logic__44
reg__192: reg__192
logic__212: logic
reg__210: reg__210
datapath__164: datapath__164
logic__28: logic__28
logic__227: logic
reg__270: reg__270
logic__290: logic
datapath__59: datapath__59
logic__225: logic
reg__4: reg__4
rom__127: rom__127
reg__110: reg__110
mac__160: mac
reg__140: reg__140
logic__97: logic__97
rom__103: rom__103
dsp48e1__100: dsp48e1
logic__253: logic
logic__346: logic
logic__111: logic__111
datapath__65: datapath__65
rom__144: rom__144
dsp48e1__68: dsp48e1
dsp48e1__121: dsp48e1
logic__240: logic
rom__61: rom__61
logic__22: logic__22
logic__224: logic
logic__15: logic__15
logic__370: logic
reg__44: reg__44
reg__119: reg__119
mac__28: mac
logic__310: logic
logic__328: logic
reg__304: reg__304
reg__160: reg__160
dsp48e1__126: dsp48e1
dsp48e1__173: dsp48e1
logic__262: logic
rom__18: rom__18
logic__198: logic__198
reg__313: reg__313
mac__17: mac
rom__180: rom__180
dsp48e1__22: dsp48e1
datapath__70: datapath__70
logic__197: logic__197
datapath__75: datapath__75
dsp48e1__110: dsp48e1
dsp48e1__21: dsp48e1
mac__139: mac
datapath__119: datapath__119
reg__17: reg__17
reg__344: reg__344
reg__366: reg__366
reg__194: reg__194
datapath__160: datapath__160
reg__175: reg__175
dsp48e1__170: dsp48e1
reg__96: reg__96
mac__29: mac
logic__179: logic__179
logic__390: logic
reg__67: reg__67
dsp48e1__183: dsp48e1
mac__182: mac
logic__42: logic__42
mac__107: mac
reg__327: reg__327
dsp48e1__28: dsp48e1
reg__205: reg__205
logic__268: logic
dsp48e1__8: dsp48e1
datapath__131: datapath__131
logic__258: logic
logic__49: logic__49
datapath__175: datapath__175
reg__155: reg__155
dsp48e1__15: dsp48e1
reg__142: reg__142
logic__182: logic__182
logic__324: logic
reg__277: reg__277
reg__63: reg__63
datapath__40: datapath__40
reg__151: reg__151
datapath__92: datapath__92
logic__37: logic__37
logic__277: logic
logic__105: logic__105
dsp48e1__186: dsp48e1
rom__90: rom__90
reg__362: reg__362
mac__99: mac
rom__132: rom__132
reg__385: reg__385
logic__203: logic__203
datapath__155: datapath__155
dsp48e1__117: dsp48e1
logic__211: logic
datapath__44: datapath__44
reg__115: reg__115
rom__82: rom__82
datapath__142: datapath__142
logic__209: logic
dsp48e1__14: dsp48e1
logic__308: logic
logic__88: logic__88
datapath__151: datapath__151
logic__323: logic
mac__94: mac
reg__53: reg__53
logic__7: logic__7
dsp48e1__99: dsp48e1
mac__11: mac
reg__130: reg__130
mac__85: mac
dsp48e1__47: dsp48e1
datapath__115: datapath__115
logic__339: logic
dsp48e1__101: dsp48e1
mac__162: mac
logic__189: logic__189
logic__345: logic
logic__134: logic__134
reg__339: reg__339
dsp48e1__33: dsp48e1
rom__48: rom__48
reg__224: reg__224
reg__148: reg__148
rom__70: rom__70
logic__175: logic__175
counter: counter
rom__101: rom__101
dsp48e1__53: dsp48e1
reg__104: reg__104
reg__6: reg__6
logic__70: logic__70
datapath__130: datapath__130
dsp48e1: dsp48e1
reg__322: reg__322
reg__112: reg__112
reg__278: reg__278
datapath__9: datapath__9
mac__60: mac
logic__273: logic
mac__143: mac
logic__289: logic
dsp48e1__13: dsp48e1
rom__159: rom__159
logic__334: logic
reg__353: reg__353
datapath__104: datapath__104
logic__363: logic
dsp48e1__69: dsp48e1
logic__76: logic__76
rom__31: rom__31
datapath__112: datapath__112
reg__281: reg__281
datapath__23: datapath__23
mac__67: mac
logic__231: logic
mac__138: mac
mac__121: mac
reg__335: reg__335
reg__46: reg__46
reg__357: reg__357
dsp48e1__98: dsp48e1
logic__331: logic
reg__101: reg__101
reg__380: reg__380
mac__88: mac
dsp48e1__113: dsp48e1
dsp48e1__149: dsp48e1
mac__117: mac
reg__233: reg__233
rom__39: rom__39
datapath__53: datapath__53
rom__104: rom__104
datapath__50: datapath__50
rom__16: rom__16
reg__274: reg__274
logic__220: logic
dsp48e1__124: dsp48e1
logic__360: logic
mac__58: mac
reg__250: reg__250
rom__162: rom__162
mac__87: mac
logic__81: logic__81
datapath__101: datapath__101
logic__86: logic__86
rom__58: rom__58
logic__355: logic
rom__72: rom__72
mac__124: mac
reg__301: reg__301
datapath__83: datapath__83
datapath__62: datapath__62
reg__236: reg__236
logic__130: logic__130
dsp48e1__168: dsp48e1
dsp48e1__52: dsp48e1
reg__69: reg__69
logic__171: logic__171
reg__188: reg__188
logic__291: logic
logic__356: logic
muxpart__3: muxpart__3
reg__187: reg__187
rom__12: rom__12
dsp48e1__82: dsp48e1
mac: mac
rom__84: rom__84
mac__47: mac
reg__289: reg__289
logic__142: logic__142
rom__154: rom__154
dsp48e1__156: dsp48e1
reg__42: reg__42
reg__55: reg__55
mac__106: mac
reg__91: reg__91
reg__169: reg__169
datapath__188: datapath__188
logic__186: logic__186
reg__348: reg__348
rom__38: rom__38
dsp48e1__182: dsp48e1
logic__389: logic
biasing_rom: biasing_rom
datapath__192: datapath__192
mac__181: mac
logic__51: logic__51
dsp48e1__41: dsp48e1
reg__211: reg__211
logic__349: logic
mac__92: mac
logic__103: logic__103
mac__155: mac
dsp48e1__107: dsp48e1
rom__189: rom__189
rom__177: rom__177
datapath__97: datapath__97
reg__330: reg__330
reg__376: reg__376
rom__107: rom__107
datapath__169: datapath__169
dsp48e1__57: dsp48e1
datapath__34: datapath__34
rom__118: rom__118
logic__166: logic__166
reg__172: reg__172
reg__216: reg__216
logic__55: logic__55
logic__304: logic
rom__37: rom__37
datapath__18: datapath__18
logic__153: logic__153
dsp48e1__43: dsp48e1
logic__309: logic
mac__91: mac
rom__139: rom__139
rom__163: rom__163
logic__162: logic__162
rom__120: rom__120
rom__83: rom__83
logic__333: logic
rom__29: rom__29
datapath__172: datapath__172
reg__296: reg__296
dsp48e1__49: dsp48e1
datapath__87: datapath__87
logic__126: logic__126
logic__248: logic
reg__242: reg__242
logic__219: logic
logic__141: logic__141
reg__49: reg__49
mac__42: mac
logic__242: logic
logic__20: logic__20
reg__179: reg__179
datapath__12: datapath__12
reg__124: reg__124
dsp48e1__77: dsp48e1
dsp48e1__125: dsp48e1
datapath__5: datapath__5
logic__30: logic__30
dsp48e1__118: dsp48e1
reg__227: reg__227
dsp48e1__140: dsp48e1
rom__181: rom__181
logic__11: logic__11
reg__165: reg__165
muxpart__2: muxpart__2
rom__33: rom__33
reg__213: reg__213
rom__112: rom__112
logic__115: logic__115
logic__297: logic
reg__276: reg__276
dsp48e1__160: dsp48e1
rom__166: rom__166
rom__57: rom__57
logic__123: logic__123
mac__135: mac
logic__34: logic__34
dsp48e1__104: dsp48e1
datapath__179: datapath__179
datapath__124: datapath__124
reg__136: reg__136
reg__371: reg__371
datapath__165: datapath__165
datapath__28: datapath__28
mac__73: mac
dsp48e1__36: dsp48e1
logic__380: logic
rom__41: rom__41
rom__60: rom__60
logic__271: logic
rom__172: rom__172
mac__188: mac
dsp48e1__34: dsp48e1
rom__156: rom__156
logic__64: logic__64
dsp48e1__38: dsp48e1
mac__8: mac
mac__15: mac
datapath__106: datapath__106
logic__61: logic__61
rom__6: rom__6
logic__378: logic
reg__306: reg__306
datapath__136: datapath__136
mac__172: mac
rom__20: rom__20
logic__254: logic
reg__64: reg__64
mac__1: mac
reg__315: reg__315
datapath__39: datapath__39
logic__94: logic__94
logic__73: logic__73
dsp48e1__54: dsp48e1
dsp48e1__76: dsp48e1
rom__17: rom__17
rom_array_layer_1__GB5: rom_array_layer_1__GB5
mac__2: mac
reg__98: reg__98
mac__4: mac
mac__35: mac
dsp48e1__42: dsp48e1
logic__256: logic
reg__368: reg__368
logic__348: logic
dsp48e1__64: dsp48e1
rom__40: rom__40
logic__193: logic__193
datapath__27: datapath__27
datapath__95: datapath__95
mac__57: mac
rom__108: rom__108
reg__120: reg__120
mac__40: mac
reg__93: reg__93
reg__25: reg__25
reg__161: reg__161
reg__19: reg__19
reg__58: reg__58
logic__199: logic__199
reg__81: reg__81
datapath__78: datapath__78
reg__78: reg__78
dsp48e1__181: dsp48e1
logic__388: logic
mac__98: mac
datapath__120: datapath__120
case: case
mac__180: mac
rom__119: rom__119
reg__132: reg__132
logic__303: logic
datapath__56: datapath__56
reg__11: reg__11
dsp48e1__93: dsp48e1
logic__108: logic__108
reg__176: reg__176
logic__180: logic__180
logic__45: logic__45
rom__10: rom__10
logic__260: logic
logic__341: logic
logic__29: logic__29
reg__272: reg__272
mac__131: mac
logic__229: logic
datapath: datapath
datapath__60: datapath__60
datapath__132: datapath__132
rom__155: rom__155
logic__222: logic
rom__55: rom__55
datapath__176: datapath__176
logic__8: logic__8
reg__156: reg__156
dsp48e1__139: dsp48e1
reg__287: reg__287
rom__19: rom__19
logic__183: logic__183
reg__143: reg__143
logic__98: logic__98
reg__34: reg__34
mac__137: mac
dsp48e1__163: dsp48e1
dsp48e1__88: dsp48e1
dsp48e1__59: dsp48e1
reg__152: reg__152
reg__262: reg__262
datapath__66: datapath__66
dsp48e1__58: dsp48e1
reg__341: reg__341
rom__30: rom__30
reg__363: reg__363
rom__190: rom__190
datapath__156: datapath__156
reg__116: reg__116
datapath__143: datapath__143
reg__244: reg__244
logic__343: logic
dsp48e1__122: dsp48e1
logic__23: logic__23
mac__122: mac
reg__324: reg__324
reg__1: reg__1
logic__16: logic__16
dsp48e1__75: dsp48e1
mac__50: mac
mac__33: mac
datapath__152: datapath__152
datapath__3: datapath__3
mac__23: mac
reg__275: reg__275
logic__311: logic
reg__131: reg__131
mac__3: mac
mac__18: mac
dsp48e1__6: dsp48e1
dsp48e1__172: dsp48e1
dsp48e1__97: dsp48e1
datapath__116: datapath__116
mac__125: mac
logic__190: logic__190
datapath__71: datapath__71
dsp48e1__166: dsp48e1
logic__135: logic__135
datapath__76: datapath__76
mac__51: mac
datapath__144: datapath__144
reg__241: reg__241
logic__13: logic__13
mac__13: mac
logic__39: logic__39
reg__105: reg__105
reg__359: reg__359
mac__79: mac
reg__382: reg__382
reg__113: reg__113
mac__113: mac
logic__340: logic
rom__160: rom__160
logic__117: logic__117
reg__66: reg__66
mac__31: mac
rom__25: rom__25
logic__259: logic
logic__147: logic__147
mac__152: mac
datapath__105: datapath__105
rom__66: rom__66
logic__50: logic__50
mac__102: mac
dsp48e1__133: dsp48e1
datapath__89: datapath__89
datapath__113: datapath__113
reg__32: reg__32
logic__264: logic
mac__16: mac
rom__111: rom__111
reg__39: reg__39
datapath__41: datapath__41
mac__134: mac
dsp48e1__30: dsp48e1
dsp48e1__123: dsp48e1
logic__38: logic__38
reg__27: reg__27
logic__106: logic__106
mac__133: mac
reg__229: reg__229
rom__146: rom__146
reg__248: reg__248
mac__84: mac
reg__319: reg__319
reg__60: reg__60
reg__83: reg__83
datapath__45: datapath__45
mac__82: mac
reg__80: reg__80
reg__291: reg__291
mac__26: mac
rom_array_layer_1__GB0: rom_array_layer_1__GB0
reg__267: reg__267
logic__330: logic
logic__89: logic__89
reg__183: reg__183
dsp48e1__35: dsp48e1
reg__350: reg__350
reg__259: reg__259
reg__204: reg__204
reg__13: reg__13
logic__131: logic__131
mac__141: mac
logic__67: logic__67
rom__98: rom__98
reg__189: reg__189
dsp48e1__152: dsp48e1
rom__171: rom__171
reg__332: reg__332
datapath__183: datapath__183
reg__378: reg__378
reg__354: reg__354
rom__138: rom__138
dsp48e1__92: dsp48e1
logic__377: logic
mac__164: mac
reg__74: reg__74
reg__9: reg__9
dsp48e1__180: dsp48e1
logic__387: logic
logic__143: logic__143
reg__199: reg__199
logic__284: logic
dsp48e1__81: dsp48e1
datapath__10: datapath__10
mac__166: mac
mac__179: mac
reg__29: reg__29
logic__187: logic__187
reg__170: reg__170
datapath__189: datapath__189
datapath__20: datapath__20
reg__36: reg__36
logic__215: logic
logic__317: logic
logic__232: logic
reg__298: reg__298
mac__78: mac
logic__367: logic
mac__147: mac
logic__77: logic__77
mac__62: mac
mac__149: mac
mac__83: mac
logic__226: logic
dsp48e1__23: dsp48e1
dsp48e1__56: dsp48e1
logic__167: logic__167
reg__173: reg__173
logic__154: logic__154
rom__28: rom__28
rom__85: rom__85
dsp48e1__40: dsp48e1
reg__215: reg__215
dsp48e1__155: dsp48e1
reg__282: reg__282
logic__163: logic__163
datapath__54: datapath__54
rom__3: rom__3
logic__236: logic
rom__5: rom__5
datapath__51: datapath__51
reg__345: reg__345
datapath__173: datapath__173
logic__395: logic
reg__243: reg__243
mac__112: mac
logic__127: logic__127
mac__108: mac
mac__53: mac
logic__82: logic__82
logic__87: logic__87
logic__155: logic__155
datapath__84: datapath__84
mac__54: mac
datapath__63: datapath__63
mac__76: mac
rom__153: rom__153
dsp48e1__44: dsp48e1
logic__214: logic
dsp48e1__134: dsp48e1
reg__373: reg__373
mac__7: mac
dsp48e1__51: dsp48e1
rom__95: rom__95
mac__63: mac
reg__125: reg__125
reg__180: reg__180
reg__85: reg__85
reg__197: reg__197
datapath__161: datapath__161
mac__169: mac
reg__308: reg__308
logic__116: logic__116
logic__100: logic__100
rom__23: rom__23
rom__116: rom__116
reg__218: reg__218
logic__124: logic__124
dsp48e1__147: dsp48e1
reg__293: reg__293
reg__317: reg__317
mac__49: mac
datapath__125: datapath__125
reg__107: reg__107
datapath__180: datapath__180
reg__22: reg__22
mac__186: mac
mac__37: mac
mac__45: mac
reg__137: reg__137
logic__52: logic__52
logic__382: logic
datapath__15: datapath__15
logic__252: logic
reg__88: reg__88
mac__126: mac
mac__118: mac
reg__370: reg__370
datapath__98: datapath__98
mac__72: mac
rom__115: rom__115
dsp48e1__79: dsp48e1
rom__164: rom__164
reg__14: reg__14
datapath__35: datapath__35
datapath__107: datapath__107
logic__56: logic__56
datapath__19: datapath__19
dsp48e1__175: dsp48e1
datapath__137: datapath__137
mac__39: mac
mac__158: mac
rom__2: rom__2
mac__20: mac
logic__228: logic
datapath__88: datapath__88
mac__86: mac
reg__226: reg__226
dsp48e1__189: dsp48e1
reg__3: reg__3
reg__258: reg__258
logic__369: logic
logic__194: logic__194
rom__143: rom__143
reg__76: reg__76
dsp48e1__29: dsp48e1
reg__121: reg__121
mac__56: mac
rom_array_layer_1__GB2: rom_array_layer_1__GB2
logic__332: logic
dsp48e1__188: dsp48e1
datapath__157: datapath__157
logic__295: logic
logic__21: logic__21
datapath__13: datapath__13
mac__165: mac
reg__228: reg__228
logic__200: logic__200
reg__303: reg__303
reg__71: reg__71
logic__176: logic__176
datapath__6: datapath__6
logic__31: logic__31
mac__6: mac
mac__24: mac
reg__249: reg__249
reg__312: reg__312
datapath__121: datapath__121
logic__213: logic
reg__133: reg__133
dsp48e1__95: dsp48e1
dsp48e1__89: dsp48e1
rom__130: rom__130
dsp48e1__179: dsp48e1
logic__386: logic
reg__177: reg__177
logic__218: logic
dsp48e1__96: dsp48e1
dsp48e1__137: dsp48e1
reg__343: reg__343
logic__269: logic
reg__365: reg__365
dsp48e1__191: dsp48e1
mac__178: mac
rom__148: rom__148
mac__12: mac
datapath__29: datapath__29
dsp48e1__153: dsp48e1
logic__379: logic
logic__373: logic
datapath__133: datapath__133
reg__326: reg__326
datapath__36: datapath__36
logic__65: logic__65
datapath__177: datapath__177
rom__21: rom__21
dsp48e1__16: dsp48e1
reg__157: reg__157
logic__62: logic__62
dsp48e1__136: dsp48e1
reg__144: reg__144
logic__184: logic__184
mac__171: mac
rom__145: rom__145
rom__4: rom__4
dsp48e1__26: dsp48e1
reg__153: reg__153
datapath__148: datapath__148
reg__221: reg__221
logic__293: logic
mac__89: mac
reg__271: reg__271
logic__95: logic__95
dsp48e1__73: dsp48e1
datapath__24: datapath__24
reg__222: reg__222
mac__46: mac
logic__74: logic__74
logic__299: logic
rom__170: rom__170
fire7_ex_3__GCB1: fire7_ex_3__GCB1
reg__117: reg__117
dsp48e1__161: dsp48e1
reg__361: reg__361
reg__384: reg__384
mac__69: mac
dsp48e1__67: dsp48e1
logic__286: logic
datapath__96: datapath__96
reg__145: reg__145
mac__136: mac
logic__172: logic__172
rom__151: rom__151
mac__32: mac
rom__96: rom__96
dsp48e1__114: dsp48e1
logic__255: logic
mac__65: mac
datapath__127: datapath__127
rom: rom
datapath__117: datapath__117
dsp48e1__162: dsp48e1
reg__234: reg__234
datapath__79: datapath__79
logic__136: logic__136
logic__191: logic__191
reg__90: reg__90
datapath__145: datapath__145
rom__13: rom__13
reg__196: reg__196
reg__200: reg__200
logic__26: logic__26
reg__338: reg__338
reg__106: reg__106
logic__321: logic
logic__221: logic
reg__16: reg__16
logic__359: logic
rom__42: rom__42
datapath__57: datapath__57
logic__109: logic__109
reg__114: reg__114
dsp48e1__9: dsp48e1
logic__336: logic
logic__306: logic
logic__46: logic__46
logic__118: logic__118
reg__95: reg__95
reg__321: reg__321
reg__246: reg__246
logic__148: logic__148
dsp48e1__148: dsp48e1
rom_array_layer_1__GB4: rom_array_layer_1__GB4
logic__302: logic
dsp48e1__129: dsp48e1
reg__352: reg__352
fire7_ex_3__GCB2: fire7_ex_3__GCB2
logic__263: logic
rom__97: rom__97
dsp48e1__94: dsp48e1
logic__99: logic__99
reg__62: reg__62
logic__275: logic
mac__161: mac
datapath__67: datapath__67
mac__132: mac
logic__274: logic
reg__334: reg__334
mac__167: mac
reg__356: reg__356
rom__49: rom__49
reg__73: reg__73
rom__92: rom__92
logic__168: logic__168
rom__167: rom__167
logic__24: logic__24
reg__184: reg__184
rom__26: rom__26
logic__17: logic__17
datapath__73: datapath__73
rom__52: rom__52
mac__119: mac
logic__132: logic__132
mac__130: mac
reg__52: reg__52
mac__159: mac
reg__300: reg__300
logic__362: logic
rom__136: rom__136
logic__300: logic
reg__212: reg__212
reg__190: reg__190
reg__166: reg__166
datapath__72: datapath__72
dsp48e1__150: dsp48e1
datapath__184: datapath__184
mac__100: mac
rom__188: rom__188
logic__352: logic
logic__40: logic__40
reg__239: reg__239
rom__168: rom__168
logic__247: logic
rom__7: rom__7
rom__165: rom__165
logic__144: logic__144
logic__354: logic
reg__5: reg__5
mac__128: mac
logic__385: logic
logic__47: logic__47
dsp48e1__178: dsp48e1
datapath__190: datapath__190
logic__188: logic__188
reg__288: reg__288
datapath__166: datapath__166
rom__1: rom__1
mac__190: mac
mac__177: mac
rom__186: rom__186
mac__174: mac
reg__225: reg__225
reg__347: reg__347
dsp48e1__141: dsp48e1
rom__91: rom__91
rom__45: rom__45
rom__179: rom__179
dsp48e1__3: dsp48e1
rom__191: rom__191
logic__234: logic
reg__265: reg__265
logic__159: logic__159
datapath__90: datapath__90
logic__35: logic__35
dsp48e1__157: dsp48e1
logic__230: logic
reg__252: reg__252
mac__191: mac
reg__174: reg__174
reg__329: reg__329
reg__251: reg__251
reg__375: reg__375
datapath__42: datapath__42
mac__142: mac
logic__335: logic
logic__261: logic
dsp48e1__159: dsp48e1
logic__210: logic
logic__358: logic
rom__152: rom__152
reg__45: reg__45
fire7_ex_3__GCB0: fire7_ex_3__GCB0
logic__216: logic
logic__107: logic__107
logic__398: logic
dsp48e1__120: dsp48e1
datapath__46: datapath__46
logic__138: logic__138
reg__310: reg__310
dsp48e1__128: dsp48e1
logic__128: logic__128
rom__65: rom__65
logic__90: logic__90
logic__312: logic
rom__8: rom__8
reg__295: reg__295
rom__126: rom__126
rom__131: rom__131
reg__162: reg__162
logic__156: logic__156
logic__327: logic
rom__187: rom__187
dsp48e1__102: dsp48e1
dsp48e1__63: dsp48e1
logic__112: logic__112
logic: logic
logic__68: logic__68
logic__344: logic
muxpart: muxpart
reg__284: reg__284
reg__68: reg__68
mac__36: mac
rom__173: rom__173
reg__181: reg__181
reg__126: reg__126
dsp48e1__119: dsp48e1
datapath__7: datapath__7
reg: reg
mac__90: mac
rom__129: rom__129
mac__109: mac
rom__113: rom__113
datapath__162: datapath__162
logic__314: logic
logic__396: logic
rom__86: rom__86
reg__217: reg__217
reg__260: reg__260
rom_array_layer_1__GB1: rom_array_layer_1__GB1
mac__153: mac
rom__50: rom__50
logic__326: logic
reg__41: reg__41
reg__54: reg__54
reg__108: reg__108
datapath__181: datapath__181
datapath__126: datapath__126
reg__214: reg__214
rom__47: rom__47
datapath__21: datapath__21
mac__95: mac
reg__138: reg__138
mac__48: mac
dsp48e1__108: dsp48e1
logic__296: logic
mac__30: mac
rom__122: rom__122
logic__78: logic__78
logic__365: logic
mac__145: mac
rom__59: rom__59
dsp48e1__87: dsp48e1
dsp48e1__66: dsp48e1
datapath__108: datapath__108
rom__174: rom__174
mac__140: mac
datapath__48: datapath__48
datapath__138: datapath__138
rom__43: rom__43
mac__127: mac
reg__230: reg__230
logic__235: logic
logic__357: logic
logic__84: logic__84
rom__36: rom__36
reg__305: reg__305
dsp48e1__103: dsp48e1
datapath__55: datapath__55
mac__80: mac
datapath__81: datapath__81
dsp48e1__2: dsp48e1
reg__314: reg__314
reg__158: reg__158
reg__201: reg__201
rom__133: rom__133
reg__206: reg__206
logic__83: logic__83
logic__195: logic__195
rom__135: rom__135
mac__187: mac
datapath__64: datapath__64
reg__367: reg__367
reg__122: reg__122
rom__185: rom__185
reg__7: reg__7
mac__111: mac
logic__233: logic
datapath__158: datapath__158
logic__201: logic__201
reg__48: reg__48
logic__177: logic__177
logic__14: logic__14
rom__34: rom__34
datapath__122: datapath__122
reg__283: reg__283
reg__134: reg__134
logic__101: logic__101
reg__178: reg__178
rom__15: rom__15
mac__19: mac
dsp48e1__72: dsp48e1
mac__114: mac
datapath__32: datapath__32
reg__47: reg__47
logic__53: logic__53
datapath__16: datapath__16
logic__384: logic
reg__149: reg__149
mac__21: mac
dsp48e1__177: dsp48e1
datapath__134: datapath__134
datapath__99: datapath__99
dsp48e1__19: dsp48e1
rom__74: rom__74
rom__67: rom__67
mac__176: mac
logic__320: logic
mac__10: mac
dsp48e1__61: dsp48e1
logic__57: logic__57
datapath__153: datapath__153
mac__5: mac
dsp48e1__165: dsp48e1
rom__51: rom__51
datapath__140: datapath__140
dsp48e1__132: dsp48e1
datapath__85: datapath__85
rom__114: rom__114
rom__56: rom__56
rom__100: rom__100
datapath__149: datapath__149
reg__253: reg__253
reg__285: reg__285
reg__70: reg__70
reg__128: reg__128
reg__340: reg__340
mac__151: mac
reg__118: reg__118
reg__97: reg__97
logic__18: logic__18
dsp48e1__37: dsp48e1
reg__195: reg__195
reg__146: reg__146
rom__150: rom__150
logic__307: logic
dsp48e1__12: dsp48e1
dsp48e1__55: dsp48e1
logic__173: logic__173
reg__323: reg__323
reg__247: reg__247
rom__99: rom__99
reg__102: reg__102
rom__123: rom__123
reg__43: reg__43
reg__56: reg__56
mac__71: mac
reg__92: reg__92
datapath__128: datapath__128
reg__24: reg__24
datapath__118: datapath__118
datapath__14: datapath__14
logic__192: logic__192
rom__128: rom__128
logic__137: logic__137
reg__18: reg__18
logic__32: logic__32
reg__57: reg__57
mac__41: mac
dsp48e1__24: dsp48e1
datapath__146: datapath__146
reg__77: reg__77
logic__270: logic
mac__81: mac
datapath__102: datapath__102
dsp48e1__91: dsp48e1
rom__64: rom__64
datapath__110: datapath__110
rom__24: rom__24
dsp48e1__112: dsp48e1
reg__336: reg__336
logic__272: logic
reg__358: reg__358
logic__119: logic__119
reg__381: reg__381
logic__59: logic__59
datapath__30: datapath__30
dsp48e1__78: dsp48e1
logic__149: logic__149
logic__298: logic
rom__184: rom__184
datapath__2: datapath__2
datapath__37: datapath__37
logic__66: logic__66
logic__92: logic__92
logic__71: logic__71
dsp48e1__71: dsp48e1
mac__154: mac
dsp48e1__143: dsp48e1
logic__265: logic
mac__104: mac
dsp48e1__116: dsp48e1
dsp48e1__74: dsp48e1
counter__1: counter__1
mac__123: mac
logic__364: logic
logic__397: logic
logic__279: logic
reg__261: reg__261
mac__27: mac
mac__59: mac
datapath__25: datapath__25
logic__75: logic__75
datapath__93: datapath__93
mac__144: mac
rom__80: rom__80
reg__50: reg__50
mac__105: mac
mac__101: mac
logic__285: logic
logic__366: logic
logic__169: logic__169
mac__146: mac
datapath__193: datapath__193
rom__110: rom__110
dsp48e1__80: dsp48e1
reg__185: reg__185
logic__257: logic
reg__290: reg__290
reg__237: reg__237
dsp48e1__25: dsp48e1
logic__239: logic
logic__133: logic__133
dsp48e1__164: dsp48e1
mac__38: mac
logic__5: logic__5
reg__349: reg__349
rom__169: rom__169
reg__240: reg__240
reg__191: reg__191
reg__167: reg__167
datapath__80: datapath__80
dsp48e1__17: dsp48e1
mac__9: mac
datapath__185: datapath__185
rom__35: rom__35
logic__43: logic__43
rom__69: rom__69
rom__157: rom__157
logic__281: logic
dsp48e1__105: dsp48e1
rom__121: rom__121
logic__27: logic__27
reg__331: reg__331
reg__377: reg__377
rom__93: rom__93
mac__70: mac
dsp48e1__154: dsp48e1
reg__235: reg__235
mac__150: mac
datapath__58: datapath__58
logic__145: logic__145
logic__110: logic__110
dsp48e1__31: dsp48e1
rom__141: rom__141
logic__243: logic
datapath__167: datapath__167
logic__164: logic__164
dsp48e1__144: dsp48e1
reg__65: reg__65
logic__151: logic__151
logic__96: logic__96
logic__393: logic
mac__97: mac
rom__53: rom__53
rom__137: rom__137
dsp48e1__146: dsp48e1
logic__160: logic__160
logic__383: logic
dsp48e1__176: dsp48e1
reg__99: reg__99
reg__297: reg__297
reg__232: reg__232
mac__116: mac
mac__55: mac
mac__175: mac
reg__31: reg__31
datapath__170: datapath__170
dsp48e1__106: dsp48e1
mac__52: mac
rom__63: rom__63
mac__110: mac
reg__38: reg__38
datapath__68: datapath__68
reg__198: reg__198
rom__117: rom__117
mac__74: mac
reg__26: reg__26
logic__223: logic
reg__20: reg__20
reg__59: reg__59
logic__139: logic__139
logic__267: logic
reg__82: reg__82
dsp48e1__174: dsp48e1
logic__25: logic__25
reg__79: reg__79
