logic__59: 
reg__40: 
reg__30: 
case__2: 
datapath__4: 
datapath__14: 
case__1: 
logic__11: 
reg__77: 
counter: 
reg__74: 
reg__118: 
reg__109: 
pla__52: 
pla__57: 
reg__89: 
datapath__24: 
datapath__29: 
pla__54: 
pla__16: 
logic__17: 
reg__33: 
reg__120: 
reg__114: 
logic__49: 
pla__10: 
reg__83: 
datapath__36: 
datapath__62: 
pla__12: 
reg__63: 
pla__11: 
logic__55: 
reg__111: 
datapath__46: 
pla: 
pla__38: 
pla__29: 
pla__53: 
reg__100: 
reg__80: 
logic__46: 
logic__60: 
reg__81: 
datapath__49: 
pla__15: 
reg__115: 
logic__54: 
datapath__12: 
reg__121: 
datapath__19: 
biasing_rom: 
pla__42: 
reg__47: 
datapath__21: 
reg__103: 
datapath__32: 
reg__66: 
reg__2: 
datapath__59: 
pla__4: 
datapath__41: 
reg__39: 
reg__97: 
datapath__2: 
reg__125: 
reg__61: 
pla__9: 
datapath__33: 
logic__65: 
datapath: 
reg__79: 
reg__31: 
pla__26: 
reg__13: 
pla__22: 
reg__82: 
reg__127: 
reg__124: 
mac: 
datapath__57: 
logic__58: 
reg__51: 
logic__9: 
logic__16: 
reg__70: 
logic__8: 
reg__35: 
pla__55: 
logic__32: 
reg__65: 
fire3_expand_1: 
pla__14: 
reg__119: 
logic__64: 
reg__29: 
datapath__10: 
logic__50: 
reg__113: 
reg__19: 
pla__39: 
pla__51: 
datapath__55: 
reg__21: 
reg__34: 
datapath__39: 
logic__35: 
datapath__15: 
logic__57: 
reg__10: 
pla__59: 
reg__7: 
pla__3: 
reg__84: 
pla__36: 
datapath__63: 
datapath__54: 
reg__36: 
datapath__28: 
reg__18: 
reg__16: 
reg__49: 
reg__92: 
datapath__7: 
reg__68: 
logic__62: 
reg__1: 
pla__61: 
pla__44: 
datapath__20: 
pla__62: 
datapath__61: 
pla__35: 
logic__13: 
logic__44: 
reg__91: 
datapath__18: 
reg__58: 
logic__34: 
reg__8: 
reg__56: 
reg__37: 
reg__86: 
logic__29: 
logic__18: 
reg__75: 
datapath__52: 
reg__130: 
logic__20: 
datapath__56: 
logic__56: 
reg__106: 
pla__5: 
logic__14: 
reg__46: 
dsp48e1: 
reg__6: 
reg__132: 
logic__15: 
pla__7: 
pla__37: 
reg__117: 
reg__105: 
pla__50: 
datapath__37: 
reg__99: 
datapath__34: 
datapath__60: 
reg__5: 
reg__131: 
pla__25: 
logic__42: 
logic__48: 
datapath__13: 
reg__104: 
pla__46: 
reg__110: 
datapath__45: 
reg__4: 
pla__21: 
reg__128: 
pla__45: 
datapath__42: 
logic__69: 
logic__38: 
reg__45: 
logic__66: 
reg__48: 
datapath__40: 
datapath__47: 
pla__13: 
logic__23: 
datapath__17: 
reg__122: 
logic__43: 
reg__95: 
reg__24: 
logic__51: 
datapath__3: 
reg__129: 
datapath__48: 
logic__27: 
datapath__65: 
logic__31: 
pla__2: 
reg__78: 
datapath__53: 
datapath__31: 
reg__54: 
datapath__8: 
reg__101: 
logic__28: 
reg__90: 
datapath__9: 
datapath__38: 
logic__24: 
reg__32: 
reg__67: 
reg__123: 
reg__60: 
reg__94: 
reg__76: 
datapath__22: 
datapath__51: 
pla__47: 
datapath__30: 
reg__28: 
logic__53: 
reg__11: 
pla__43: 
pla__33: 
pla__63: 
reg__23: 
datapath__25: 
reg__55: 
logic__21: 
reg__12: 
reg__93: 
pla__58: 
datapath__11: 
pla__30: 
pla__23: 
reg__53: 
datapath__5: 
reg__62: 
datapath__16: 
pla__28: 
datapath__50: 
logic__39: 
reg__38: 
reg__116: 
pla__60: 
datapath__64: 
pla__56: 
logic__25: 
datapath__43: 
pla__8: 
reg__50: 
pla__48: 
datapath__26: 
logic__26: 
logic__4: 
reg__87: 
logic__30: 
logic__36: 
pla__41: 
logic__19: 
pla__17: 
reg__15: 
reg__14: 
pla__19: 
reg__17: 
logic: 
logic__68: 
reg__64: 
reg__27: 
logic__40: 
reg__9: 
reg__41: 
reg__112: 
pla__31: 
reg: 
reg__73: 
datapath__35: 
pla__27: 
reg__88: 
logic__67: 
logic__5: 
reg__42: 
reg__22: 
reg__108: 
reg__71: 
reg__52: 
reg__126: 
logic__33: 
logic__10: 
reg__72: 
reg__3: 
pla__24: 
reg__59: 
reg__20: 
reg__26: 
logic__41: 
logic__22: 
reg__44: 
reg__98: 
reg__96: 
logic__47: 
reg__102: 
logic__61: 
pla__18: 
logic__70: 
reg__43: 
logic__63: 
pla__34: 
pla__49: 
pla__6: 
case: 
pla__1: 
pla__20: 
datapath__6: 
reg__69: 
reg__107: 
logic__37: 
reg__57: 
pla__32: 
datapath__1: 
logic__45: 
reg__85: 
pla__40: 
logic__52: 
rom_array_layer_1: 
datapath__23: 
datapath__44: 
datapath__58: 
datapath__27: 
logic__71: 
logic__12: 
reg__25: 
