reg__62: fire5_ex_1__GC0, 
datapath__3: fire5_ex_1__GC0, 
reg__81: fire5_ex_1__GC0, 
muxpart__100: rom_array_layer_1__GB0, 
muxpart__26: rom_array_layer_1__GB2, 
reg__100: fire5_ex_1__GC0, 
muxpart__20: rom_array_layer_1__GB3, 
muxpart__126: rom_array_layer_1__GB0, 
logic__84: fire5_ex_1__GC0, 
logic__88: fire5_ex_1__GC0, 
reg__65: fire5_ex_1__GC0, 
datapath__129: fire5_ex_1__GC0, 
reg__9: fire5_ex_1__GC0, 
datapath__47: fire5_ex_1__GC0, 
muxpart__58: rom_array_layer_1__GB1, 
muxpart__27: rom_array_layer_1__GB2, 
muxpart__23: rom_array_layer_1__GB3, 
datapath__116: fire5_ex_1__GC0, 
rom_array_layer_1__GB2: rom_array_layer_1__GB2, 
muxpart__13: rom_array_layer_1__GB3, 
reg__35: fire5_ex_1__GC0, 
reg__198: fire5_ex_1__GC0, 
reg__160: fire5_ex_1__GC0, 
reg__166: fire5_ex_1__GC0, 
datapath__49: fire5_ex_1__GC0, 
datapath__57: fire5_ex_1__GC0, 
muxpart__125: rom_array_layer_1__GB0, 
reg__70: fire5_ex_1__GC0, 
logic__140: fire5_ex_1__GC0, 
muxpart__69: rom_array_layer_1__GB0, 
datapath__81: fire5_ex_1__GC0, 
muxpart__101: rom_array_layer_1__GB2, 
reg__30: fire5_ex_1__GC0, 
datapath__93: fire5_ex_1__GC0, 
datapath__2: fire5_ex_1__GC0, 
datapath__51: fire5_ex_1__GC0, 
reg__243: fire5_ex_1__GC0, 
reg__205: fire5_ex_1__GC0, 
datapath__11: fire5_ex_1__GC0, 
datapath__59: fire5_ex_1__GC0, 
reg__7: fire5_ex_1__GC0, 
reg__176: fire5_ex_1__GC0, 
logic__120: fire5_ex_1__GC0, 
logic__129: fire5_ex_1__GC0, 
reg__103: fire5_ex_1__GC0, 
muxpart__32: rom_array_layer_1__GB2, 
reg__19: fire5_ex_1__GC0, 
datapath__83: fire5_ex_1__GC0, 
datapath__95: fire5_ex_1__GC0, 
reg__3: fire5_ex_1__GC0, 
datapath__13: fire5_ex_1__GC0, 
datapath__35: fire5_ex_1__GC0, 
reg__46: fire5_ex_1__GC0, 
reg__113: fire5_ex_1__GC0, 
muxpart__61: rom_array_layer_1__GB0, 
reg__122: fire5_ex_1__GC0, 
reg__224: fire5_ex_1__GC0, 
logic__61: fire5_ex_1__GC0, 
rom_array_layer_1__GB1: rom_array_layer_1__GB1, 
reg__49: fire5_ex_1__GC0, 
datapath__103: fire5_ex_1__GC0, 
reg__146: fire5_ex_1__GC0, 
muxpart__16: rom_array_layer_1__GB3, 
muxpart__130: fire5_ex_1__GC0, 
datapath__37: fire5_ex_1__GC0, 
reg__63: fire5_ex_1__GC0, 
datapath__88: fire5_ex_1__GC0, 
logic__137: fire5_ex_1__GC0, 
reg__82: fire5_ex_1__GC0, 
reg__135: fire5_ex_1__GC0, 
logic__54: fire5_ex_1__GC0, 
logic__133: fire5_ex_1__GC0, 
logic__63: fire5_ex_1__GC0, 
muxpart__112: rom_array_layer_1__GB0, 
reg__66: fire5_ex_1__GC0, 
reg__231: fire5_ex_1__GC0, 
reg__10: fire5_ex_1__GC0, 
reg__193: fire5_ex_1__GC0, 
reg__257: fire5_ex_1__GC0, 
reg__74: fire5_ex_1__GC0, 
muxpart__86: rom_array_layer_1__GB0, 
datapath__90: fire5_ex_1__GC0, 
reg__153: fire5_ex_1__GC0, 
logic__56: fire5_ex_1__GC0, 
datapath__98: fire5_ex_1__GC0, 
reg__36: fire5_ex_1__GC0, 
reg__126: fire5_ex_1__GC0, 
logic__65: fire5_ex_1__GC0, 
logic__25: fire5_ex_1__GC0, 
muxpart__116: rom_array_layer_1__GB0, 
muxpart__83: rom_array_layer_1__GB0, 
reg__238: fire5_ex_1__GC0, 
datapath__92: fire5_ex_1__GC0, 
muxpart__105: rom_array_layer_1__GB0, 
reg__87: fire5_ex_1__GC0, 
reg__172: fire5_ex_1__GC0, 
logic__27: fire5_ex_1__GC0, 
muxpart__108: rom_array_layer_1__GB0, 
muxpart__76: rom_array_layer_1__GB0, 
reg__213: fire5_ex_1__GC0, 
muxpart__36: rom_array_layer_1__GB2, 
logic__74: fire5_ex_1__GC0, 
reg__248: fire5_ex_1__GC0, 
reg__20: fire5_ex_1__GC0, 
datapath__100: fire5_ex_1__GC0, 
logic__14: fire5_ex_1__GC0, 
reg__219: fire5_ex_1__GC0, 
logic__42: fire5_ex_1__GC0, 
reg__182: fire5_ex_1__GC0, 
datapath__6: fire5_ex_1__GC0, 
reg__47: fire5_ex_1__GC0, 
reg__141: fire5_ex_1__GC0, 
reg__188: fire5_ex_1__GC0, 
muxpart__107: rom_array_layer_1__GB0, 
reg__114: fire5_ex_1__GC0, 
logic__76: fire5_ex_1__GC0, 
logic__44: fire5_ex_1__GC0, 
reg__50: fire5_ex_1__GC0, 
muxpart__19: rom_array_layer_1__GB3, 
logic__116: fire5_ex_1__GC0, 
datapath__8: fire5_ex_1__GC0, 
muxpart__93: rom_array_layer_1__GB0, 
reg__83: fire5_ex_1__GC0, 
logic__57: fire5_ex_1__GC0, 
reg__67: fire5_ex_1__GC0, 
logic__126: fire5_ex_1__GC0, 
reg__109: fire5_ex_1__GC0, 
datapath__114: fire5_ex_1__GC0, 
muxpart__73: rom_array_layer_1__GB0, 
reg__75: fire5_ex_1__GC0, 
datapath__23: fire5_ex_1__GC0, 
datapath__10: fire5_ex_1__GC0, 
reg__37: fire5_ex_1__GC0, 
muxpart__25: rom_array_layer_1__GB2, 
reg__199: fire5_ex_1__GC0, 
reg__161: fire5_ex_1__GC0, 
logic__59: fire5_ex_1__GC0, 
logic__67: fire5_ex_1__GC0, 
fire5_ex_1__GC0: fire5_ex_1__GC0, 
datapath__25: fire5_ex_1__GC0, 
reg__167: fire5_ex_1__GC0, 
logic__91: fire5_ex_1__GC0, 
muxpart__17: rom_array_layer_1__GB3, 
logic__103: fire5_ex_1__GC0, 
reg__58: fire5_ex_1__GC0, 
reg__88: fire5_ex_1__GC0, 
datapath__5: fire5_ex_1__GC0, 
logic__21: fire5_ex_1__GC0, 
logic__69: fire5_ex_1__GC0, 
reg__206: fire5_ex_1__GC0, 
muxpart__123: rom_array_layer_1__GB0, 
datapath: fire5_ex_1__GC0, 
muxpart__28: rom_array_layer_1__GB2, 
datapath__39: fire5_ex_1__GC0, 
reg__177: fire5_ex_1__GC0, 
logic__93: fire5_ex_1__GC0, 
reg__183: fire5_ex_1__GC0, 
logic__105: fire5_ex_1__GC0, 
muxpart__103: rom_array_layer_1__GB0, 
datapath__60: fire5_ex_1__GC0, 
datapath__27: fire5_ex_1__GC0, 
datapath__68: fire5_ex_1__GC0, 
logic__23: fire5_ex_1__GC0, 
logic__45: fire5_ex_1__GC0, 
datapath__84: fire5_ex_1__GC0, 
reg__111: fire5_ex_1__GC0, 
datapath__41: fire5_ex_1__GC0, 
reg__120: fire5_ex_1__GC0, 
reg__71: fire5_ex_1__GC0, 
datapath__19: fire5_ex_1__GC0, 
reg__225: fire5_ex_1__GC0, 
logic__113: fire5_ex_1__GC0, 
datapath__101: fire5_ex_1__GC0, 
datapath__62: fire5_ex_1__GC0, 
datapath__29: fire5_ex_1__GC0, 
datapath__70: fire5_ex_1__GC0, 
logic__12: fire5_ex_1__GC0, 
reg__147: fire5_ex_1__GC0, 
muxpart__53: rom_array_layer_1__GB1, 
logic__98: fire5_ex_1__GC0, 
logic__47: fire5_ex_1__GC0, 
datapath__86: fire5_ex_1__GC0, 
muxpart__45: rom_array_layer_1__GB1, 
muxpart__102: rom_array_layer_1__GB0, 
reg__136: fire5_ex_1__GC0, 
datapath__21: fire5_ex_1__GC0, 
datapath__111: fire5_ex_1__GC0, 
datapath__120: fire5_ex_1__GC0, 
reg__232: fire5_ex_1__GC0, 
reg__194: fire5_ex_1__GC0, 
reg__76: fire5_ex_1__GC0, 
reg__258: fire5_ex_1__GC0, 
reg__54: fire5_ex_1__GC0, 
logic__100: fire5_ex_1__GC0, 
reg__128: fire5_ex_1__GC0, 
logic__108: fire5_ex_1__GC0, 
reg__154: fire5_ex_1__GC0, 
reg__124: fire5_ex_1__GC0, 
muxpart__114: rom_array_layer_1__GB0, 
muxpart__59: rom_array_layer_1__GB1, 
muxpart__40: rom_array_layer_1__GB2, 
logic__13: fire5_ex_1__GC0, 
muxpart__42: rom_array_layer_1__GB2, 
muxpart__99: rom_array_layer_1__GB0, 
muxpart__118: rom_array_layer_1__GB0, 
reg__38: fire5_ex_1__GC0, 
reg__239: fire5_ex_1__GC0, 
reg__201: fire5_ex_1__GC0, 
datapath__73: fire5_ex_1__GC0, 
datapath__77: fire5_ex_1__GC0, 
reg__59: fire5_ex_1__GC0, 
reg__89: fire5_ex_1__GC0, 
datapath__128: fire5_ex_1__GC0, 
muxpart__84: rom_array_layer_1__GB0, 
muxpart__65: rom_array_layer_1__GB0, 
reg__97: fire5_ex_1__GC0, 
reg__173: fire5_ex_1__GC0, 
muxpart__6: rom_array_layer_1__GB3, 
datapath__124: fire5_ex_1__GC0, 
reg__214: fire5_ex_1__GC0, 
logic__110: fire5_ex_1__GC0, 
reg__249: fire5_ex_1__GC0, 
datapath__75: fire5_ex_1__GC0, 
datapath__79: fire5_ex_1__GC0, 
reg__220: fire5_ex_1__GC0, 
logic__16: fire5_ex_1__GC0, 
reg__142: fire5_ex_1__GC0, 
reg__72: fire5_ex_1__GC0, 
reg__189: fire5_ex_1__GC0, 
logic__18: fire5_ex_1__GC0, 
reg__227: fire5_ex_1__GC0, 
reg__253: fire5_ex_1__GC0, 
reg__149: fire5_ex_1__GC0, 
logic__124: fire5_ex_1__GC0, 
logic__33: fire5_ex_1__GC0, 
reg__107: fire5_ex_1__GC0, 
reg__77: fire5_ex_1__GC0, 
logic__20: fire5_ex_1__GC0, 
reg__55: fire5_ex_1__GC0, 
muxpart__7: rom_array_layer_1__GB3, 
muxpart__12: rom_array_layer_1__GB3, 
reg__200: fire5_ex_1__GC0, 
reg__162: fire5_ex_1__GC0, 
reg__117: fire5_ex_1__GC0, 
logic__35: fire5_ex_1__GC0, 
reg__168: fire5_ex_1__GC0, 
muxpart__15: rom_array_layer_1__GB3, 
datapath__43: fire5_ex_1__GC0, 
reg__39: fire5_ex_1__GC0, 
datapath__107: fire5_ex_1__GC0, 
logic__15: fire5_ex_1__GC0, 
datapath__52: fire5_ex_1__GC0, 
reg__60: fire5_ex_1__GC0, 
reg__90: fire5_ex_1__GC0, 
muxpart__3: rom_array_layer_1__GB3, 
reg__98: fire5_ex_1__GC0, 
reg__244: fire5_ex_1__GC0, 
logic__49: fire5_ex_1__GC0, 
reg__207: fire5_ex_1__GC0, 
muxpart__87: rom_array_layer_1__GB0, 
reg__21: fire5_ex_1__GC0, 
datapath__117: fire5_ex_1__GC0, 
reg__178: fire5_ex_1__GC0, 
datapath__45: fire5_ex_1__GC0, 
logic__70: fire5_ex_1__GC0, 
muxpart__111: rom_array_layer_1__GB0, 
datapath__54: fire5_ex_1__GC0, 
logic__37: fire5_ex_1__GC0, 
reg__184: fire5_ex_1__GC0, 
logic__5: fire5_ex_1__GC0, 
logic__78: fire5_ex_1__GC0, 
muxpart__21: rom_array_layer_1__GB3, 
logic__94: fire5_ex_1__GC0, 
logic__51: fire5_ex_1__GC0, 
muxpart__95: rom_array_layer_1__GB0, 
logic__29: fire5_ex_1__GC0, 
reg__73: fire5_ex_1__GC0, 
reg__226: fire5_ex_1__GC0, 
muxpart__106: rom_array_layer_1__GB0, 
muxpart__63: rom_array_layer_1__GB0, 
muxpart__97: rom_array_layer_1__GB0, 
logic__72: fire5_ex_1__GC0, 
logic__111: fire5_ex_1__GC0, 
datapath__16: fire5_ex_1__GC0, 
logic__39: fire5_ex_1__GC0, 
logic__80: fire5_ex_1__GC0, 
logic__96: fire5_ex_1__GC0, 
muxpart__78: rom_array_layer_1__GB0, 
reg__148: fire5_ex_1__GC0, 
logic__31: fire5_ex_1__GC0, 
reg__137: fire5_ex_1__GC0, 
datapath__31: fire5_ex_1__GC0, 
logic__121: fire5_ex_1__GC0, 
logic__130: fire5_ex_1__GC0, 
reg__104: fire5_ex_1__GC0, 
datapath__109: fire5_ex_1__GC0, 
datapath__18: fire5_ex_1__GC0, 
datapath__118: fire5_ex_1__GC0, 
muxpart__31: rom_array_layer_1__GB2, 
reg__233: fire5_ex_1__GC0, 
reg__195: fire5_ex_1__GC0, 
reg__157: fire5_ex_1__GC0, 
rom_array_layer_1__GB0: rom_array_layer_1__GB0, 
reg__56: fire5_ex_1__GC0, 
muxpart__14: rom_array_layer_1__GB3, 
reg__94: fire5_ex_1__GC0, 
datapath__65: fire5_ex_1__GC0, 
muxpart__34: rom_array_layer_1__GB2, 
reg__155: fire5_ex_1__GC0, 
datapath__33: fire5_ex_1__GC0, 
muxpart__1: rom_array_layer_1__GB3, 
datapath__104: fire5_ex_1__GC0, 
reg__40: fire5_ex_1__GC0, 
muxpart__10: rom_array_layer_1__GB3, 
reg__240: fire5_ex_1__GC0, 
reg__202: fire5_ex_1__GC0, 
logic__83: fire5_ex_1__GC0, 
datapath__67: fire5_ex_1__GC0, 
logic__87: fire5_ex_1__GC0, 
logic__138: fire5_ex_1__GC0, 
datapath__126: fire5_ex_1__GC0, 
reg__99: fire5_ex_1__GC0, 
reg__174: fire5_ex_1__GC0, 
logic__134: fire5_ex_1__GC0, 
datapath__122: fire5_ex_1__GC0, 
reg__22: fire5_ex_1__GC0, 
muxpart__57: rom_array_layer_1__GB1, 
reg__215: fire5_ex_1__GC0, 
logic__85: fire5_ex_1__GC0, 
logic__89: fire5_ex_1__GC0, 
reg__250: fire5_ex_1__GC0, 
datapath__48: fire5_ex_1__GC0, 
reg__221: fire5_ex_1__GC0, 
muxpart__44: rom_array_layer_1__GB2, 
datapath__56: fire5_ex_1__GC0, 
muxpart__52: rom_array_layer_1__GB1, 
datapath__80: fire5_ex_1__GC0, 
reg__143: fire5_ex_1__GC0, 
reg__101: fire5_ex_1__GC0, 
muxpart__70: rom_array_layer_1__GB0, 
datapath__1: fire5_ex_1__GC0, 
reg__190: fire5_ex_1__GC0, 
muxpart__120: rom_array_layer_1__GB0, 
datapath__50: fire5_ex_1__GC0, 
reg__132: fire5_ex_1__GC0, 
datapath__58: fire5_ex_1__GC0, 
muxpart__29: rom_array_layer_1__GB2, 
reg__14: fire5_ex_1__GC0, 
reg__228: fire5_ex_1__GC0, 
reg__254: fire5_ex_1__GC0, 
datapath__82: fire5_ex_1__GC0, 
logic__7: fire5_ex_1__GC0, 
reg__1: fire5_ex_1__GC0, 
datapath__94: fire5_ex_1__GC0, 
reg__150: fire5_ex_1__GC0, 
datapath__12: fire5_ex_1__GC0, 
reg__57: fire5_ex_1__GC0, 
muxpart__119: rom_array_layer_1__GB0, 
reg__95: fire5_ex_1__GC0, 
biasing_rom: fire5_ex_1__GC0, 
reg__84: fire5_ex_1__GC0, 
datapath__96: fire5_ex_1__GC0, 
muxpart__72: rom_array_layer_1__GB0, 
reg__131: fire5_ex_1__GC0, 
reg__115: fire5_ex_1__GC0, 
reg__163: fire5_ex_1__GC0, 
datapath__14: fire5_ex_1__GC0, 
datapath__36: fire5_ex_1__GC0, 
logic__53: fire5_ex_1__GC0, 
reg__169: fire5_ex_1__GC0, 
logic__117: fire5_ex_1__GC0, 
datapath__105: fire5_ex_1__GC0, 
logic__62: fire5_ex_1__GC0, 
muxpart__89: rom_array_layer_1__GB0, 
counter__1: fire5_ex_1__GC0, 
reg__210: fire5_ex_1__GC0, 
reg__24: fire5_ex_1__GC0, 
reg__245: fire5_ex_1__GC0, 
reg__78: fire5_ex_1__GC0, 
muxpart__54: rom_array_layer_1__GB1, 
datapath__38: fire5_ex_1__GC0, 
datapath__89: fire5_ex_1__GC0, 
reg__41: fire5_ex_1__GC0, 
logic__127: fire5_ex_1__GC0, 
logic__55: fire5_ex_1__GC0, 
datapath__97: fire5_ex_1__GC0, 
reg__208: fire5_ex_1__GC0, 
reg__23: fire5_ex_1__GC0, 
datapath__115: fire5_ex_1__GC0, 
muxpart__33: rom_array_layer_1__GB2, 
logic: fire5_ex_1__GC0, 
reg__179: fire5_ex_1__GC0, 
logic__64: fire5_ex_1__GC0, 
datapath__130: fire5_ex_1__GC0, 
reg__185: fire5_ex_1__GC0, 
muxpart__117: rom_array_layer_1__GB0, 
muxpart__62: rom_array_layer_1__GB0, 
datapath__91: fire5_ex_1__GC0, 
reg: fire5_ex_1__GC0, 
datapath__99: fire5_ex_1__GC0, 
muxpart__38: rom_array_layer_1__GB2, 
logic__26: fire5_ex_1__GC0, 
reg__91: fire5_ex_1__GC0, 
muxpart__109: rom_array_layer_1__GB0, 
muxpart__110: rom_array_layer_1__GB0, 
reg__15: fire5_ex_1__GC0, 
muxpart__41: rom_array_layer_1__GB2, 
muxpart__91: rom_array_layer_1__GB0, 
muxpart__90: rom_array_layer_1__GB0, 
logic__41: fire5_ex_1__GC0, 
logic__119: fire5_ex_1__GC0, 
logic__128: fire5_ex_1__GC0, 
reg__138: fire5_ex_1__GC0, 
reg__102: fire5_ex_1__GC0, 
logic__28: fire5_ex_1__GC0, 
muxpart__68: rom_array_layer_1__GB0, 
reg__234: fire5_ex_1__GC0, 
reg__196: fire5_ex_1__GC0, 
reg__158: fire5_ex_1__GC0, 
reg__96: fire5_ex_1__GC0, 
reg__85: fire5_ex_1__GC0, 
logic__75: fire5_ex_1__GC0, 
logic__43: fire5_ex_1__GC0, 
reg__112: fire5_ex_1__GC0, 
muxpart__75: rom_array_layer_1__GB0, 
reg__156: fire5_ex_1__GC0, 
reg__121: fire5_ex_1__GC0, 
muxpart__128: fire5_ex_1__GC0, 
datapath__7: fire5_ex_1__GC0, 
logic__114: fire5_ex_1__GC0, 
datapath__102: fire5_ex_1__GC0, 
muxpart__82: rom_array_layer_1__GB0, 
logic__77: fire5_ex_1__GC0, 
muxpart__127: rom_array_layer_1__GB3, 
muxpart__50: rom_array_layer_1__GB1, 
reg__241: fire5_ex_1__GC0, 
reg__203: fire5_ex_1__GC0, 
logic__11: fire5_ex_1__GC0, 
logic__136: fire5_ex_1__GC0, 
muxpart__39: rom_array_layer_1__GB2, 
muxpart__66: rom_array_layer_1__GB0, 
reg__25: fire5_ex_1__GC0, 
logic__132: fire5_ex_1__GC0, 
reg__79: fire5_ex_1__GC0, 
datapath__9: fire5_ex_1__GC0, 
muxpart__92: rom_array_layer_1__GB0, 
datapath__112: fire5_ex_1__GC0, 
reg__42: fire5_ex_1__GC0, 
datapath__121: fire5_ex_1__GC0, 
muxpart__18: rom_array_layer_1__GB3, 
reg__216: fire5_ex_1__GC0, 
reg__129: fire5_ex_1__GC0, 
muxpart: rom_array_layer_1__GB3, 
logic__58: fire5_ex_1__GC0, 
reg__251: fire5_ex_1__GC0, 
logic__66: fire5_ex_1__GC0, 
datapath__24: fire5_ex_1__GC0, 
reg__222: fire5_ex_1__GC0, 
reg__125: fire5_ex_1__GC0, 
muxpart__9: rom_array_layer_1__GB3, 
dsp48e1: fire5_ex_1__GC0, 
logic__90: fire5_ex_1__GC0, 
case__1: fire5_ex_1__GC0, 
logic__102: fire5_ex_1__GC0, 
reg__144: fire5_ex_1__GC0, 
muxpart__35: rom_array_layer_1__GB2, 
reg__191: fire5_ex_1__GC0, 
reg__92: fire5_ex_1__GC0, 
logic__60: fire5_ex_1__GC0, 
reg__51: fire5_ex_1__GC0, 
logic__68: fire5_ex_1__GC0, 
datapath__26: fire5_ex_1__GC0, 
reg__133: fire5_ex_1__GC0, 
muxpart__5: rom_array_layer_1__GB3, 
reg__16: fire5_ex_1__GC0, 
muxpart__22: rom_array_layer_1__GB3, 
logic__92: fire5_ex_1__GC0, 
reg__229: fire5_ex_1__GC0, 
reg__255: fire5_ex_1__GC0, 
logic__104: fire5_ex_1__GC0, 
muxpart__30: rom_array_layer_1__GB2, 
datapath__125: fire5_ex_1__GC0, 
logic__22: fire5_ex_1__GC0, 
muxpart__122: rom_array_layer_1__GB0, 
reg__151: fire5_ex_1__GC0, 
datapath__40: fire5_ex_1__GC0, 
reg__86: fire5_ex_1__GC0, 
reg__130: fire5_ex_1__GC0, 
logic__106: fire5_ex_1__GC0, 
muxpart__79: rom_array_layer_1__GB0, 
datapath__61: fire5_ex_1__GC0, 
reg__31: fire5_ex_1__GC0, 
datapath__28: fire5_ex_1__GC0, 
datapath__69: fire5_ex_1__GC0, 
reg__236: fire5_ex_1__GC0, 
logic__24: fire5_ex_1__GC0, 
reg__164: fire5_ex_1__GC0, 
logic__46: fire5_ex_1__GC0, 
datapath__85: fire5_ex_1__GC0, 
muxpart__24: rom_array_layer_1__GB3, 
datapath__42: fire5_ex_1__GC0, 
muxpart__121: rom_array_layer_1__GB0, 
logic__115: fire5_ex_1__GC0, 
datapath__20: fire5_ex_1__GC0, 
reg__170: fire5_ex_1__GC0, 
muxpart__88: rom_array_layer_1__GB0, 
datapath__63: fire5_ex_1__GC0, 
muxpart__2: rom_array_layer_1__GB3, 
datapath__30: fire5_ex_1__GC0, 
reg__4: fire5_ex_1__GC0, 
datapath__71: fire5_ex_1__GC0, 
reg__211: fire5_ex_1__GC0, 
reg__26: fire5_ex_1__GC0, 
logic__99: fire5_ex_1__GC0, 
logic__48: fire5_ex_1__GC0, 
reg__80: fire5_ex_1__GC0, 
reg__246: fire5_ex_1__GC0, 
datapath__87: fire5_ex_1__GC0, 
logic__107: fire5_ex_1__GC0, 
reg__43: fire5_ex_1__GC0, 
logic__125: fire5_ex_1__GC0, 
reg__108: fire5_ex_1__GC0, 
datapath__113: fire5_ex_1__GC0, 
datapath__22: fire5_ex_1__GC0, 
reg__209: fire5_ex_1__GC0, 
reg__180: fire5_ex_1__GC0, 
reg__186: fire5_ex_1__GC0, 
logic__101: fire5_ex_1__GC0, 
logic__109: fire5_ex_1__GC0, 
reg__118: fire5_ex_1__GC0, 
datapath__72: fire5_ex_1__GC0, 
datapath__76: fire5_ex_1__GC0, 
muxpart__64: rom_array_layer_1__GB0, 
reg__93: fire5_ex_1__GC0, 
reg__52: fire5_ex_1__GC0, 
datapath__108: fire5_ex_1__GC0, 
muxpart__115: rom_array_layer_1__GB0, 
reg__11: fire5_ex_1__GC0, 
logic__8: fire5_ex_1__GC0, 
muxpart__98: rom_array_layer_1__GB0, 
muxpart__47: rom_array_layer_1__GB1, 
reg__17: fire5_ex_1__GC0, 
counter: fire5_ex_1__GC0, 
muxpart__71: rom_array_layer_1__GB0, 
datapath__74: fire5_ex_1__GC0, 
datapath__78: fire5_ex_1__GC0, 
reg__139: fire5_ex_1__GC0, 
case: fire5_ex_1__GC0, 
muxpart__43: rom_array_layer_1__GB2, 
muxpart__55: rom_array_layer_1__GB1, 
muxpart__80: rom_array_layer_1__GB1, 
reg__235: fire5_ex_1__GC0, 
reg__197: fire5_ex_1__GC0, 
reg__159: fire5_ex_1__GC0, 
reg__2: fire5_ex_1__GC0, 
reg__110: fire5_ex_1__GC0, 
reg__119: fire5_ex_1__GC0, 
logic__139: fire5_ex_1__GC0, 
reg__32: fire5_ex_1__GC0, 
logic__17: fire5_ex_1__GC0, 
reg__68: fire5_ex_1__GC0, 
logic__112: fire5_ex_1__GC0, 
muxpart__60: rom_array_layer_1__GB1, 
muxpart__11: rom_array_layer_1__GB3, 
reg__28: fire5_ex_1__GC0, 
reg__242: fire5_ex_1__GC0, 
reg__204: fire5_ex_1__GC0, 
reg__175: fire5_ex_1__GC0, 
rom_array_layer_1__GB3: rom_array_layer_1__GB3, 
reg__5: fire5_ex_1__GC0, 
logic__19: fire5_ex_1__GC0, 
reg__27: fire5_ex_1__GC0, 
logic__122: fire5_ex_1__GC0, 
datapath__110: fire5_ex_1__GC0, 
logic__131: fire5_ex_1__GC0, 
reg__105: fire5_ex_1__GC0, 
datapath__119: fire5_ex_1__GC0, 
muxpart__67: rom_array_layer_1__GB0, 
muxpart__94: rom_array_layer_1__GB0, 
reg__127: fire5_ex_1__GC0, 
reg__217: fire5_ex_1__GC0, 
muxpart__81: rom_array_layer_1__GB0, 
logic__34: fire5_ex_1__GC0, 
muxpart__113: rom_array_layer_1__GB0, 
reg__252: fire5_ex_1__GC0, 
reg__44: fire5_ex_1__GC0, 
reg__123: fire5_ex_1__GC0, 
reg__223: fire5_ex_1__GC0, 
reg__145: fire5_ex_1__GC0, 
muxpart__51: rom_array_layer_1__GB1, 
logic__36: fire5_ex_1__GC0, 
reg__53: fire5_ex_1__GC0, 
reg__12: fire5_ex_1__GC0, 
reg__61: fire5_ex_1__GC0, 
muxpart__74: rom_array_layer_1__GB0, 
reg__134: fire5_ex_1__GC0, 
datapath__127: fire5_ex_1__GC0, 
muxpart__46: rom_array_layer_1__GB1, 
datapath__44: fire5_ex_1__GC0, 
muxpart__56: rom_array_layer_1__GB1, 
logic__135: fire5_ex_1__GC0, 
muxpart__8: rom_array_layer_1__GB3, 
reg__230: fire5_ex_1__GC0, 
reg__192: fire5_ex_1__GC0, 
reg__64: fire5_ex_1__GC0, 
datapath__123: fire5_ex_1__GC0, 
datapath__53: fire5_ex_1__GC0, 
reg__256: fire5_ex_1__GC0, 
mac: fire5_ex_1__GC0, 
reg__152: fire5_ex_1__GC0, 
logic__50: fire5_ex_1__GC0, 
reg__8: fire5_ex_1__GC0, 
muxpart__124: rom_array_layer_1__GB0, 
reg__34: fire5_ex_1__GC0, 
datapath__46: fire5_ex_1__GC0, 
datapath__4: fire5_ex_1__GC0, 
logic__71: fire5_ex_1__GC0, 
datapath__55: fire5_ex_1__GC0, 
datapath__15: fire5_ex_1__GC0, 
logic__38: fire5_ex_1__GC0, 
logic__79: fire5_ex_1__GC0, 
muxpart__129: fire5_ex_1__GC0, 
reg__33: fire5_ex_1__GC0, 
reg__237: fire5_ex_1__GC0, 
logic__95: fire5_ex_1__GC0, 
reg__165: fire5_ex_1__GC0, 
logic__52: fire5_ex_1__GC0, 
reg__69: fire5_ex_1__GC0, 
logic__30: fire5_ex_1__GC0, 
muxpart__96: rom_array_layer_1__GB0, 
reg__171: fire5_ex_1__GC0, 
reg__29: fire5_ex_1__GC0, 
logic__73: fire5_ex_1__GC0, 
datapath__17: fire5_ex_1__GC0, 
logic__40: fire5_ex_1__GC0, 
logic__81: fire5_ex_1__GC0, 
reg__6: fire5_ex_1__GC0, 
reg__212: fire5_ex_1__GC0, 
logic__97: fire5_ex_1__GC0, 
reg__247: fire5_ex_1__GC0, 
logic__123: fire5_ex_1__GC0, 
reg__18: fire5_ex_1__GC0, 
reg__106: fire5_ex_1__GC0, 
logic__32: fire5_ex_1__GC0, 
reg__218: fire5_ex_1__GC0, 
datapath__64: fire5_ex_1__GC0, 
muxpart__77: rom_array_layer_1__GB0, 
muxpart__4: rom_array_layer_1__GB3, 
datapath__32: fire5_ex_1__GC0, 
reg__181: fire5_ex_1__GC0, 
muxpart__37: rom_array_layer_1__GB2, 
reg__140: fire5_ex_1__GC0, 
muxpart__104: rom_array_layer_1__GB0, 
reg__45: fire5_ex_1__GC0, 
muxpart__85: rom_array_layer_1__GB0, 
reg__187: fire5_ex_1__GC0, 
muxpart__48: rom_array_layer_1__GB1, 
reg__116: fire5_ex_1__GC0, 
muxpart__49: rom_array_layer_1__GB1, 
logic__82: fire5_ex_1__GC0, 
datapath__66: fire5_ex_1__GC0, 
logic__86: fire5_ex_1__GC0, 
reg__48: fire5_ex_1__GC0, 
datapath__34: fire5_ex_1__GC0, 
reg__259: fire5_ex_1__GC0, 
logic__118: fire5_ex_1__GC0, 
datapath__106: fire5_ex_1__GC0, 
reg__13: fire5_ex_1__GC0, 
