datapath__15: 
rom__20: 
datapath__69: 
reg__100: 
rom__61: 
rom__92: 
reg__226: 
logic__84: 
reg__221: 
reg__141: 
reg__95: 
logic__52: 
logic__108: 
rom__62: 
datapath__29: 
datapath__91: 
datapath__30: 
reg__63: 
rom__12: 
datapath__16: 
reg__183: 
datapath__70: 
reg__159: 
reg__76: 
reg__200: 
reg__110: 
rom__103: 
rom__88: 
reg__46: 
rom__96: 
reg__107: 
rom__94: 
logic__85: 
reg__14: 
reg__121: 
logic__109: 
logic__45: 
rom__73: 
datapath__92: 
datapath__31: 
rom__4: 
logic__123: 
datapath__46: 
reg__54: 
rom__99: 
rom__65: 
reg__147: 
reg__66: 
rom__58: 
reg__170: 
rom__49: 
reg__101: 
datapath__17: 
reg__18: 
reg__131: 
reg__113: 
reg__114: 
logic__13: 
datapath__63: 
reg__5: 
reg__212: 
logic__46: 
reg__173: 
datapath__93: 
datapath__32: 
reg__196: 
reg__116: 
rom__21: 
datapath__47: 
datapath__110: 
datapath__107: 
datapath__18: 
rom__33: 
reg__216: 
datapath__64: 
rom__82: 
logic__47: 
datapath__94: 
reg__70: 
datapath__33: 
reg__36: 
rom__46: 
rom__78: 
rom__87: 
datapath__48: 
reg__144: 
datapath__101: 
datapath__79: 
datapath__19: 
logic: 
reg__186: 
datapath__65: 
reg__162: 
reg__203: 
logic__48: 
reg__99: 
rom_array_layer_1: 
reg__60: 
reg__11: 
logic__61: 
datapath__49: 
rom__53: 
reg__124: 
logic__114: 
reg__165: 
datapath__80: 
datapath__20: 
reg__51: 
biasing_rom: 
rom__77: 
reg__207: 
reg__109: 
datapath__66: 
counter__1: 
rom__42: 
reg: 
reg__224: 
reg__150: 
reg__106: 
reg__191: 
rom__22: 
reg__134: 
reg__84: 
fire9_squeeze_1: 
logic__62: 
rom__86: 
rom__7: 
rom__9: 
reg__96: 
rom__3: 
reg__215: 
datapath__81: 
datapath__75: 
rom__38: 
reg__176: 
datapath__21: 
rom__26: 
reg__119: 
datapath__99: 
rom__63: 
reg__77: 
rom__101: 
datapath__113: 
reg__48: 
reg__47: 
rom__40: 
reg__15: 
logic__63: 
reg__219: 
rom__16: 
reg__139: 
rom__31: 
datapath__7: 
datapath__82: 
reg__81: 
datapath__76: 
logic__37: 
datapath__109: 
reg__55: 
reg__181: 
reg__157: 
datapath__106: 
logic__24: 
reg__198: 
logic__78: 
reg__67: 
rom__35: 
reg__19: 
reg__1: 
logic__64: 
reg__6: 
reg__189: 
reg__206: 
datapath__77: 
reg__71: 
logic__38: 
logic__122: 
rom__67: 
rom__36: 
rom__98: 
case: 
datapath__100: 
datapath__1: 
rom__105: 
logic__25: 
reg__127: 
logic__79: 
reg__168: 
reg__91: 
reg__129: 
datapath__22: 
reg__210: 
muxpart__3: 
rom__25: 
rom__44: 
reg__38: 
reg__153: 
datapath__78: 
reg__37: 
reg__194: 
logic__39: 
rom__47: 
rom__106: 
reg__137: 
logic__113: 
logic__8: 
logic__26: 
logic__80: 
reg__24: 
reg__179: 
datapath__87: 
datapath__23: 
reg__105: 
reg__88: 
rom__66: 
rom__32: 
datapath__5: 
logic__40: 
logic__102: 
reg__12: 
reg__41: 
logic__41: 
rom__111: 
datapath__112: 
reg__222: 
rom__95: 
logic__27: 
rom__29: 
reg__142: 
logic__81: 
counter: 
reg__52: 
datapath__88: 
datapath__24: 
reg__184: 
reg__160: 
reg__78: 
datapath__2: 
reg__201: 
logic__73: 
rom__30: 
logic__103: 
reg__85: 
logic__42: 
logic__14: 
reg__122: 
reg__97: 
logic__57: 
rom__60: 
datapath__108: 
rom__27: 
reg__28: 
datapath__105: 
datapath__89: 
datapath__83: 
logic__28: 
rom__79: 
datapath__25: 
logic__125: 
reg__148: 
logic__74: 
rom__85: 
reg__49: 
reg__171: 
rom__70: 
rom__80: 
rom__5: 
reg__132: 
logic__104: 
logic__43: 
reg__16: 
rom__90: 
logic__58: 
reg__213: 
logic__121: 
reg__82: 
datapath__54: 
reg__174: 
rom__10: 
reg__197: 
logic__118: 
reg__117: 
datapath__90: 
datapath__84: 
logic__29: 
reg__56: 
rom__37: 
reg__31: 
logic__75: 
datapath__42: 
reg__21: 
datapath__58: 
rom__59: 
reg__20: 
logic__105: 
logic__12: 
logic__44: 
reg__217: 
reg__7: 
logic__59: 
datapath__55: 
logic__112: 
reg__72: 
datapath__9: 
logic__90: 
datapath__85: 
logic__30: 
reg__155: 
rom__109: 
reg__145: 
reg__92: 
logic__76: 
datapath__43: 
datapath__59: 
rom__104: 
reg__104: 
datapath__38: 
reg__187: 
logic__60: 
reg__163: 
reg__39: 
reg__204: 
rom__54: 
datapath__56: 
muxpart__2: 
rom__24: 
datapath__10: 
logic__91: 
datapath__86: 
logic__31: 
datapath: 
reg__125: 
reg__166: 
logic__77: 
datapath__44: 
datapath__60: 
reg__25: 
datapath__71: 
reg__8: 
reg__89: 
datapath__39: 
reg__208: 
datapath__95: 
rom__72: 
reg__225: 
reg__151: 
datapath__57: 
rom__43: 
reg__192: 
datapath__11: 
logic__92: 
logic__86: 
reg__13: 
reg__42: 
rom__45: 
rom__19: 
reg__135: 
logic__32: 
logic__110: 
logic__5: 
datapath__45: 
datapath__104: 
datapath__61: 
reg__177: 
rom__64: 
reg__53: 
datapath__72: 
reg__61: 
datapath__6: 
datapath__40: 
datapath__96: 
reg__79: 
reg__74: 
datapath__12: 
reg__86: 
logic__93: 
logic__87: 
logic__7: 
reg__44: 
rom__41: 
logic__18: 
reg__220: 
logic__120: 
reg__140: 
logic__117: 
datapath__62: 
reg__29: 
rom__28: 
datapath__73: 
logic__16: 
reg__182: 
datapath__41: 
reg__158: 
datapath__97: 
reg__199: 
reg__50: 
reg__64: 
rom__71: 
logic__88: 
reg__17: 
rom__75: 
reg__120: 
logic__111: 
rom__17: 
datapath__4: 
reg__83: 
rom__83: 
logic__15: 
muxpart__1: 
datapath__74: 
reg__57: 
rom__11: 
rom__48: 
rom__51: 
rom__18: 
logic__33: 
reg__32: 
datapath__98: 
datapath__34: 
reg__146: 
reg__128: 
reg__22: 
reg__169: 
reg__130: 
logic__89: 
rom__56: 
rom__97: 
reg__112: 
rom__34: 
reg__211: 
reg__172: 
reg__154: 
reg__73: 
reg__195: 
reg__68: 
reg__34: 
reg__115: 
rom__108: 
logic__98: 
logic__34: 
rom__2: 
datapath__35: 
rom__14: 
reg__93: 
datapath__3: 
reg__180: 
rom__110: 
logic__19: 
rom__91: 
reg__103: 
reg__40: 
muxpart: 
reg__2: 
rom__8: 
rom__6: 
reg__58: 
rom__76: 
dsp48e1: 
logic__99: 
logic__35: 
rom__55: 
reg__223: 
datapath__36: 
reg__143: 
reg__26: 
reg__9: 
reg__90: 
reg__185: 
reg__161: 
reg__202: 
rom__107: 
rom__100: 
reg__43: 
logic__119: 
mac: 
logic__116: 
logic__100: 
logic__94: 
logic__36: 
reg__123: 
datapath__37: 
reg__164: 
reg__94: 
rom__89: 
datapath__50: 
datapath__103: 
reg__62: 
logic__124: 
reg__80: 
reg__75: 
reg__149: 
reg__190: 
rom__1: 
reg__87: 
reg__45: 
logic__65: 
reg__133: 
logic__101: 
logic__95: 
reg__214: 
reg__175: 
reg__30: 
logic__53: 
logic__69: 
datapath__51: 
reg__118: 
reg__65: 
datapath__8: 
logic__66: 
reg__111: 
logic__20: 
reg__218: 
reg__108: 
logic__96: 
rom__84: 
reg__138: 
rom__68: 
reg__4: 
logic__54: 
logic__70: 
datapath__52: 
rom__15: 
reg__33: 
rom__69: 
reg__156: 
logic__49: 
reg__23: 
rom__93: 
datapath__26: 
logic__67: 
logic__21: 
rom: 
logic__17: 
reg__102: 
datapath__13: 
logic__97: 
datapath__67: 
reg__188: 
rom__102: 
rom__81: 
reg__205: 
reg__69: 
reg__35: 
logic__55: 
logic__71: 
datapath__53: 
logic__82: 
reg__126: 
logic__50: 
reg__167: 
logic__106: 
datapath__27: 
datapath__111: 
rom__74: 
logic__68: 
logic__22: 
datapath__14: 
datapath__68: 
reg__209: 
reg__152: 
reg__3: 
reg__193: 
reg__98: 
logic__56: 
logic__115: 
logic__72: 
reg__59: 
reg__136: 
logic__83: 
rom__39: 
rom__50: 
rom__52: 
rom__23: 
rom__57: 
logic__51: 
logic__107: 
reg__27: 
datapath__28: 
logic__11: 
reg__178: 
datapath__102: 
rom__13: 
reg__10: 
logic__23: 
