reg__82: fire3_expand_3__GC0, 
logic__48: fire3_expand_3__GC0, 
reg__69: fire3_expand_3__GC0, 
logic__33: fire3_expand_3__GC0, 
pla__31: rom_array_layer_1__GB4, 
datapath__25: fire3_expand_3__GC0, 
reg__37: fire3_expand_3__GC0, 
rom_array_layer_1__GB0: rom_array_layer_1__GB0, 
pla__29: rom_array_layer_1__GB4, 
logic__71: fire3_expand_3__GC0, 
datapath__59: fire3_expand_3__GC0, 
pla__16: rom_array_layer_1__GB6, 
logic__49: fire3_expand_3__GC0, 
muxpart__1: fire3_expand_3__GC0, 
muxpart: fire3_expand_3__GC0, 
reg__2: fire3_expand_3__GC0, 
logic__24: fire3_expand_3__GC0, 
reg__30: fire3_expand_3__GC0, 
pla__37: rom_array_layer_1__GB3, 
pla__26: rom_array_layer_1__GB5, 
dsp48e1: fire3_expand_3__GC0, 
datapath__4: fire3_expand_3__GC0, 
datapath__20: fire3_expand_3__GC0, 
reg__125: fire3_expand_3__GC0, 
reg__116: fire3_expand_3__GC0, 
logic__34: fire3_expand_3__GC0, 
logic__72: fire3_expand_3__GC0, 
pla__57: rom_array_layer_1__GB0, 
datapath__52: fire3_expand_3__GC0, 
pla__14: rom_array_layer_1__GB6, 
pla__38: rom_array_layer_1__GB3, 
pla__12: rom_array_layer_1__GB6, 
logic__50: fire3_expand_3__GC0, 
datapath__7: fire3_expand_3__GC0, 
reg__52: fire3_expand_3__GC0, 
pla__36: rom_array_layer_1__GB3, 
reg__93: fire3_expand_3__GC0, 
logic__20: fire3_expand_3__GC0, 
reg__18: fire3_expand_3__GC0, 
pla__34: rom_array_layer_1__GB4, 
pla__2: rom_array_layer_1__GB7, 
reg__104: fire3_expand_3__GC0, 
datapath__12: fire3_expand_3__GC0, 
logic__73: fire3_expand_3__GC0, 
datapath__53: fire3_expand_3__GC0, 
reg__79: fire3_expand_3__GC0, 
reg__42: fire3_expand_3__GC0, 
datapath__32: fire3_expand_3__GC0, 
datapath__18: fire3_expand_3__GC0, 
reg__9: fire3_expand_3__GC0, 
reg__25: fire3_expand_3__GC0, 
reg__1: fire3_expand_3__GC0, 
logic__21: fire3_expand_3__GC0, 
pla__20: rom_array_layer_1__GB6, 
reg__33: fire3_expand_3__GC0, 
pla__51: rom_array_layer_1__GB0, 
logic__74: fire3_expand_3__GC0, 
logic__59: fire3_expand_3__GC0, 
datapath__54: fire3_expand_3__GC0, 
pla__7: rom_array_layer_1__GB7, 
pla__59: rom_array_layer_1__GB0, 
datapath__33: fire3_expand_3__GC0, 
pla__53: rom_array_layer_1__GB0, 
logic__19: fire3_expand_3__GC0, 
pla__19: rom_array_layer_1__GB6, 
reg__120: fire3_expand_3__GC0, 
reg__111: fire3_expand_3__GC0, 
pla__50: rom_array_layer_1__GB6, 
pla__11: rom_array_layer_1__GB7, 
pla__33: rom_array_layer_1__GB4, 
reg__57: fire3_expand_3__GC0, 
logic__75: fire3_expand_3__GC0, 
logic__60: fire3_expand_3__GC0, 
reg__13: fire3_expand_3__GC0, 
datapath__55: fire3_expand_3__GC0, 
reg__130: fire3_expand_3__GC0, 
reg__46: fire3_expand_3__GC0, 
pla__17: rom_array_layer_1__GB6, 
datapath__34: fire3_expand_3__GC0, 
biasing_rom: fire3_expand_3__GC0, 
reg__90: fire3_expand_3__GC0, 
logic__36: fire3_expand_3__GC0, 
logic__35: fire3_expand_3__GC0, 
reg__4: fire3_expand_3__GC0, 
reg__76: fire3_expand_3__GC0, 
reg__5: fire3_expand_3__GC0, 
pla__25: rom_array_layer_1__GB5, 
logic__61: fire3_expand_3__GC0, 
logic__55: fire3_expand_3__GC0, 
datapath__9: fire3_expand_3__GC0, 
logic__26: fire3_expand_3__GC0, 
reg__38: fire3_expand_3__GC0, 
datapath__35: fire3_expand_3__GC0, 
logic__30: fire3_expand_3__GC0, 
reg__107: fire3_expand_3__GC0, 
reg__62: fire3_expand_3__GC0, 
datapath__28: fire3_expand_3__GC0, 
pla__47: rom_array_layer_1__GB1, 
datapath__5: fire3_expand_3__GC0, 
pla__10: rom_array_layer_1__GB7, 
logic__62: fire3_expand_3__GC0, 
reg__31: fire3_expand_3__GC0, 
logic__56: fire3_expand_3__GC0, 
reg__98: fire3_expand_3__GC0, 
reg__22: fire3_expand_3__GC0, 
reg__84: fire3_expand_3__GC0, 
reg__71: fire3_expand_3__GC0, 
datapath__29: fire3_expand_3__GC0, 
logic__67: fire3_expand_3__GC0, 
datapath__40: fire3_expand_3__GC0, 
rom_array_layer_1__GB5: rom_array_layer_1__GB5, 
pla__43: rom_array_layer_1__GB2, 
datapath__6: fire3_expand_3__GC0, 
logic__28: fire3_expand_3__GC0, 
reg__59: fire3_expand_3__GC0, 
pla__52: rom_array_layer_1__GB0, 
datapath__26: fire3_expand_3__GC0, 
reg__53: fire3_expand_3__GC0, 
logic__57: fire3_expand_3__GC0, 
fire3_expand_3__GC0: fire3_expand_3__GC0, 
reg__87: fire3_expand_3__GC0, 
reg__123: fire3_expand_3__GC0, 
reg__114: fire3_expand_3__GC0, 
reg__43: fire3_expand_3__GC0, 
datapath__30: fire3_expand_3__GC0, 
logic__68: fire3_expand_3__GC0, 
datapath__41: fire3_expand_3__GC0, 
datapath__16: fire3_expand_3__GC0, 
pla__13: rom_array_layer_1__GB6, 
pla__3: rom_array_layer_1__GB7, 
pla__18: rom_array_layer_1__GB6, 
reg__10: fire3_expand_3__GC0, 
logic__58: fire3_expand_3__GC0, 
reg__39: fire3_expand_3__GC0, 
reg__26: fire3_expand_3__GC0, 
pla__35: rom_array_layer_1__GB4, 
rom_array_layer_1__GB2: rom_array_layer_1__GB2, 
logic__38: fire3_expand_3__GC0, 
reg__34: fire3_expand_3__GC0, 
reg__102: fire3_expand_3__GC0, 
pla__28: rom_array_layer_1__GB5, 
datapath__24: fire3_expand_3__GC0, 
datapath__31: fire3_expand_3__GC0, 
pla__63: rom_array_layer_1__GB7, 
datapath__42: fire3_expand_3__GC0, 
logic__69: fire3_expand_3__GC0, 
reg__95: fire3_expand_3__GC0, 
reg__81: fire3_expand_3__GC0, 
reg__68: fire3_expand_3__GC0, 
reg__58: fire3_expand_3__GC0, 
logic__29: fire3_expand_3__GC0, 
reg__14: fire3_expand_3__GC0, 
datapath__43: fire3_expand_3__GC0, 
reg__47: fire3_expand_3__GC0, 
logic__70: fire3_expand_3__GC0, 
logic__6: fire3_expand_3__GC0, 
datapath__27: fire3_expand_3__GC0, 
reg__6: fire3_expand_3__GC0, 
reg__128: fire3_expand_3__GC0, 
rom_array_layer_1__GB3: rom_array_layer_1__GB3, 
pla__30: rom_array_layer_1__GB4, 
logic__63: fire3_expand_3__GC0, 
pla__48: rom_array_layer_1__GB1, 
reg__126: fire3_expand_3__GC0, 
reg__117: fire3_expand_3__GC0, 
reg__63: fire3_expand_3__GC0, 
rom_array_layer_1__GB6: rom_array_layer_1__GB6, 
pla__23: rom_array_layer_1__GB5, 
reg__100: fire3_expand_3__GC0, 
logic: fire3_expand_3__GC0, 
logic__37: fire3_expand_3__GC0, 
pla__1: rom_array_layer_1__GB7, 
reg__92: fire3_expand_3__GC0, 
reg__23: fire3_expand_3__GC0, 
logic__64: fire3_expand_3__GC0, 
pla__62: rom_array_layer_1__GB0, 
reg__78: fire3_expand_3__GC0, 
reg__105: fire3_expand_3__GC0, 
logic__43: fire3_expand_3__GC0, 
reg__15: fire3_expand_3__GC0, 
reg__60: fire3_expand_3__GC0, 
pla__6: rom_array_layer_1__GB7, 
reg: fire3_expand_3__GC0, 
reg__54: fire3_expand_3__GC0, 
datapath__22: fire3_expand_3__GC0, 
reg__49: fire3_expand_3__GC0, 
logic__65: fire3_expand_3__GC0, 
rom_array_layer_1__GB4: rom_array_layer_1__GB4, 
datapath__15: fire3_expand_3__GC0, 
reg__11: fire3_expand_3__GC0, 
datapath__17: fire3_expand_3__GC0, 
logic__44: fire3_expand_3__GC0, 
reg__44: fire3_expand_3__GC0, 
pla__4: rom_array_layer_1__GB7, 
reg__86: fire3_expand_3__GC0, 
pla__44: rom_array_layer_1__GB2, 
reg__67: fire3_expand_3__GC0, 
reg__65: fire3_expand_3__GC0, 
reg__40: fire3_expand_3__GC0, 
reg__73: fire3_expand_3__GC0, 
pla__21: rom_array_layer_1__GB6, 
datapath__19: fire3_expand_3__GC0, 
reg__27: fire3_expand_3__GC0, 
logic__66: fire3_expand_3__GC0, 
rom_array_layer_1__GB1: rom_array_layer_1__GB1, 
reg__121: fire3_expand_3__GC0, 
reg__112: fire3_expand_3__GC0, 
datapath__14: fire3_expand_3__GC0, 
logic__45: fire3_expand_3__GC0, 
reg__131: fire3_expand_3__GC0, 
reg__89: fire3_expand_3__GC0, 
pla__61: rom_array_layer_1__GB0, 
pla__40: rom_array_layer_1__GB3, 
reg__19: fire3_expand_3__GC0, 
reg__75: fire3_expand_3__GC0, 
pla__22: rom_array_layer_1__GB5, 
logic__31: fire3_expand_3__GC0, 
datapath__11: fire3_expand_3__GC0, 
logic__46: fire3_expand_3__GC0, 
mac: fire3_expand_3__GC0, 
reg__48: fire3_expand_3__GC0, 
logic__39: fire3_expand_3__GC0, 
case: fire3_expand_3__GC0, 
datapath__36: fire3_expand_3__GC0, 
pla__55: rom_array_layer_1__GB0, 
reg__35: fire3_expand_3__GC0, 
reg__108: fire3_expand_3__GC0, 
datapath__1: fire3_expand_3__GC0, 
pla__41: rom_array_layer_1__GB3, 
reg__97: fire3_expand_3__GC0, 
reg__7: fire3_expand_3__GC0, 
reg__83: fire3_expand_3__GC0, 
logic__40: fire3_expand_3__GC0, 
pla__49: rom_array_layer_1__GB1, 
logic__51: fire3_expand_3__GC0, 
reg__70: fire3_expand_3__GC0, 
datapath__13: fire3_expand_3__GC0, 
datapath__37: fire3_expand_3__GC0, 
pla__8: rom_array_layer_1__GB7, 
reg__64: fire3_expand_3__GC0, 
datapath__23: fire3_expand_3__GC0, 
datapath__60: fire3_expand_3__GC0, 
logic__4: fire3_expand_3__GC0, 
reg__24: fire3_expand_3__GC0, 
logic__41: fire3_expand_3__GC0, 
logic__13: fire3_expand_3__GC0, 
logic__8: fire3_expand_3__GC0, 
logic__52: fire3_expand_3__GC0, 
datapath__38: fire3_expand_3__GC0, 
reg__124: fire3_expand_3__GC0, 
reg__115: fire3_expand_3__GC0, 
counter: fire3_expand_3__GC0, 
reg__16: fire3_expand_3__GC0, 
logic__23: fire3_expand_3__GC0, 
pla__60: rom_array_layer_1__GB0, 
datapath__8: fire3_expand_3__GC0, 
reg__61: fire3_expand_3__GC0, 
datapath__61: fire3_expand_3__GC0, 
reg__132: fire3_expand_3__GC0, 
reg__50: fire3_expand_3__GC0, 
logic__18: fire3_expand_3__GC0, 
logic__42: fire3_expand_3__GC0, 
pla__45: rom_array_layer_1__GB2, 
logic__14: fire3_expand_3__GC0, 
logic__53: fire3_expand_3__GC0, 
datapath__39: fire3_expand_3__GC0, 
reg__103: fire3_expand_3__GC0, 
reg__94: fire3_expand_3__GC0, 
datapath__3: fire3_expand_3__GC0, 
reg__3: fire3_expand_3__GC0, 
reg__80: fire3_expand_3__GC0, 
reg__66: fire3_expand_3__GC0, 
datapath__62: fire3_expand_3__GC0, 
pla: rom_array_layer_1__GB7, 
reg__41: fire3_expand_3__GC0, 
logic__22: fire3_expand_3__GC0, 
pla__39: rom_array_layer_1__GB5, 
reg__28: fire3_expand_3__GC0, 
logic__54: fire3_expand_3__GC0, 
pla__24: rom_array_layer_1__GB5, 
pla__46: rom_array_layer_1__GB2, 
reg__55: fire3_expand_3__GC0, 
logic__15: fire3_expand_3__GC0, 
datapath__63: fire3_expand_3__GC0, 
datapath__48: fire3_expand_3__GC0, 
datapath__2: fire3_expand_3__GC0, 
reg__20: fire3_expand_3__GC0, 
pla__32: rom_array_layer_1__GB4, 
reg__119: fire3_expand_3__GC0, 
reg__110: fire3_expand_3__GC0, 
logic__25: fire3_expand_3__GC0, 
pla__5: rom_array_layer_1__GB7, 
logic__12: fire3_expand_3__GC0, 
reg__129: fire3_expand_3__GC0, 
reg__127: fire3_expand_3__GC0, 
reg__118: fire3_expand_3__GC0, 
logic__16: fire3_expand_3__GC0, 
datapath__64: fire3_expand_3__GC0, 
datapath__49: fire3_expand_3__GC0, 
reg__36: fire3_expand_3__GC0, 
datapath__10: fire3_expand_3__GC0, 
pla__58: rom_array_layer_1__GB0, 
reg__101: fire3_expand_3__GC0, 
reg__91: fire3_expand_3__GC0, 
pla__54: rom_array_layer_1__GB0, 
reg__8: fire3_expand_3__GC0, 
pla__9: rom_array_layer_1__GB7, 
reg__77: fire3_expand_3__GC0, 
reg__29: fire3_expand_3__GC0, 
logic__27: fire3_expand_3__GC0, 
datapath: fire3_expand_3__GC0, 
datapath__50: fire3_expand_3__GC0, 
datapath__44: fire3_expand_3__GC0, 
reg__106: fire3_expand_3__GC0, 
pla__27: rom_array_layer_1__GB5, 
pla__56: rom_array_layer_1__GB0, 
reg__99: fire3_expand_3__GC0, 
datapath__51: fire3_expand_3__GC0, 
datapath__45: fire3_expand_3__GC0, 
reg__17: fire3_expand_3__GC0, 
reg__85: fire3_expand_3__GC0, 
pla__42: rom_array_layer_1__GB3, 
logic__17: fire3_expand_3__GC0, 
reg__72: fire3_expand_3__GC0, 
reg__51: fire3_expand_3__GC0, 
datapath__56: fire3_expand_3__GC0, 
reg__122: fire3_expand_3__GC0, 
reg__113: fire3_expand_3__GC0, 
logic__32: fire3_expand_3__GC0, 
datapath__46: fire3_expand_3__GC0, 
reg__32: fire3_expand_3__GC0, 
reg__88: fire3_expand_3__GC0, 
pla__15: rom_array_layer_1__GB6, 
datapath__65: fire3_expand_3__GC0, 
rom_array_layer_1__GB7: rom_array_layer_1__GB7, 
reg__74: fire3_expand_3__GC0, 
datapath__57: fire3_expand_3__GC0, 
datapath__47: fire3_expand_3__GC0, 
datapath__21: fire3_expand_3__GC0, 
logic__47: fire3_expand_3__GC0, 
reg__56: fire3_expand_3__GC0, 
logic__9: fire3_expand_3__GC0, 
reg__12: fire3_expand_3__GC0, 
reg__45: fire3_expand_3__GC0, 
reg__109: fire3_expand_3__GC0, 
reg__21: fire3_expand_3__GC0, 
datapath__58: fire3_expand_3__GC0, 
reg__96: fire3_expand_3__GC0, 
